Archive member included to satisfy reference by file (symbol)

C:/ST/STM32CubeIDE_1.12.0/STM32CubeIDE/plugins/com.st.stm32cube.ide.mcu.externaltools.gnu-tools-for-stm32.11.3.rel1.win32_1.1.0.202305231506/tools/bin/../lib/gcc/arm-none-eabi/11.3.1/../../../../arm-none-eabi/lib/thumb/v7e-m+fp/hard\libc_nano.a(libc_a-exit.o)
                              C:/ST/STM32CubeIDE_1.12.0/STM32CubeIDE/plugins/com.st.stm32cube.ide.mcu.externaltools.gnu-tools-for-stm32.11.3.rel1.win32_1.1.0.202305231506/tools/bin/../lib/gcc/arm-none-eabi/11.3.1/../../../../arm-none-eabi/lib/thumb/v7e-m+fp/hard/crt0.o (exit)
C:/ST/STM32CubeIDE_1.12.0/STM32CubeIDE/plugins/com.st.stm32cube.ide.mcu.externaltools.gnu-tools-for-stm32.11.3.rel1.win32_1.1.0.202305231506/tools/bin/../lib/gcc/arm-none-eabi/11.3.1/../../../../arm-none-eabi/lib/thumb/v7e-m+fp/hard\libc_nano.a(libc_a-qsort.o)
                              ./Core/Src/MS5837.o (qsort)
C:/ST/STM32CubeIDE_1.12.0/STM32CubeIDE/plugins/com.st.stm32cube.ide.mcu.externaltools.gnu-tools-for-stm32.11.3.rel1.win32_1.1.0.202305231506/tools/bin/../lib/gcc/arm-none-eabi/11.3.1/../../../../arm-none-eabi/lib/thumb/v7e-m+fp/hard\libc_nano.a(libc_a-findfp.o)
                              ./Middlewares/Third_Party/FreeRTOS/Source/tasks.o (__sf)
C:/ST/STM32CubeIDE_1.12.0/STM32CubeIDE/plugins/com.st.stm32cube.ide.mcu.externaltools.gnu-tools-for-stm32.11.3.rel1.win32_1.1.0.202305231506/tools/bin/../lib/gcc/arm-none-eabi/11.3.1/../../../../arm-none-eabi/lib/thumb/v7e-m+fp/hard\libc_nano.a(libc_a-fwalk.o)
                              C:/ST/STM32CubeIDE_1.12.0/STM32CubeIDE/plugins/com.st.stm32cube.ide.mcu.externaltools.gnu-tools-for-stm32.11.3.rel1.win32_1.1.0.202305231506/tools/bin/../lib/gcc/arm-none-eabi/11.3.1/../../../../arm-none-eabi/lib/thumb/v7e-m+fp/hard\libc_nano.a(libc_a-findfp.o) (_fwalk_sglue)
C:/ST/STM32CubeIDE_1.12.0/STM32CubeIDE/plugins/com.st.stm32cube.ide.mcu.externaltools.gnu-tools-for-stm32.11.3.rel1.win32_1.1.0.202305231506/tools/bin/../lib/gcc/arm-none-eabi/11.3.1/../../../../arm-none-eabi/lib/thumb/v7e-m+fp/hard\libc_nano.a(libc_a-stdio.o)
                              C:/ST/STM32CubeIDE_1.12.0/STM32CubeIDE/plugins/com.st.stm32cube.ide.mcu.externaltools.gnu-tools-for-stm32.11.3.rel1.win32_1.1.0.202305231506/tools/bin/../lib/gcc/arm-none-eabi/11.3.1/../../../../arm-none-eabi/lib/thumb/v7e-m+fp/hard\libc_nano.a(libc_a-findfp.o) (__sread)
C:/ST/STM32CubeIDE_1.12.0/STM32CubeIDE/plugins/com.st.stm32cube.ide.mcu.externaltools.gnu-tools-for-stm32.11.3.rel1.win32_1.1.0.202305231506/tools/bin/../lib/gcc/arm-none-eabi/11.3.1/../../../../arm-none-eabi/lib/thumb/v7e-m+fp/hard\libc_nano.a(libc_a-memset.o)
                              C:/ST/STM32CubeIDE_1.12.0/STM32CubeIDE/plugins/com.st.stm32cube.ide.mcu.externaltools.gnu-tools-for-stm32.11.3.rel1.win32_1.1.0.202305231506/tools/bin/../lib/gcc/arm-none-eabi/11.3.1/../../../../arm-none-eabi/lib/thumb/v7e-m+fp/hard/crt0.o (memset)
C:/ST/STM32CubeIDE_1.12.0/STM32CubeIDE/plugins/com.st.stm32cube.ide.mcu.externaltools.gnu-tools-for-stm32.11.3.rel1.win32_1.1.0.202305231506/tools/bin/../lib/gcc/arm-none-eabi/11.3.1/../../../../arm-none-eabi/lib/thumb/v7e-m+fp/hard\libc_nano.a(libc_a-closer.o)
                              C:/ST/STM32CubeIDE_1.12.0/STM32CubeIDE/plugins/com.st.stm32cube.ide.mcu.externaltools.gnu-tools-for-stm32.11.3.rel1.win32_1.1.0.202305231506/tools/bin/../lib/gcc/arm-none-eabi/11.3.1/../../../../arm-none-eabi/lib/thumb/v7e-m+fp/hard\libc_nano.a(libc_a-stdio.o) (_close_r)
C:/ST/STM32CubeIDE_1.12.0/STM32CubeIDE/plugins/com.st.stm32cube.ide.mcu.externaltools.gnu-tools-for-stm32.11.3.rel1.win32_1.1.0.202305231506/tools/bin/../lib/gcc/arm-none-eabi/11.3.1/../../../../arm-none-eabi/lib/thumb/v7e-m+fp/hard\libc_nano.a(libc_a-reent.o)
                              ./Middlewares/Third_Party/FreeRTOS/Source/tasks.o (_reclaim_reent)
C:/ST/STM32CubeIDE_1.12.0/STM32CubeIDE/plugins/com.st.stm32cube.ide.mcu.externaltools.gnu-tools-for-stm32.11.3.rel1.win32_1.1.0.202305231506/tools/bin/../lib/gcc/arm-none-eabi/11.3.1/../../../../arm-none-eabi/lib/thumb/v7e-m+fp/hard\libc_nano.a(libc_a-impure.o)
                              ./Middlewares/Third_Party/FreeRTOS/Source/tasks.o (_impure_ptr)
C:/ST/STM32CubeIDE_1.12.0/STM32CubeIDE/plugins/com.st.stm32cube.ide.mcu.externaltools.gnu-tools-for-stm32.11.3.rel1.win32_1.1.0.202305231506/tools/bin/../lib/gcc/arm-none-eabi/11.3.1/../../../../arm-none-eabi/lib/thumb/v7e-m+fp/hard\libc_nano.a(libc_a-lseekr.o)
                              C:/ST/STM32CubeIDE_1.12.0/STM32CubeIDE/plugins/com.st.stm32cube.ide.mcu.externaltools.gnu-tools-for-stm32.11.3.rel1.win32_1.1.0.202305231506/tools/bin/../lib/gcc/arm-none-eabi/11.3.1/../../../../arm-none-eabi/lib/thumb/v7e-m+fp/hard\libc_nano.a(libc_a-stdio.o) (_lseek_r)
[...]
Memory Configuration

Name             Origin             Length             Attributes
CCMRAM           0x0000000010000000 0x0000000000002000 xrw
RAM              0x0000000020000000 0x000000000000a000 xrw
FLASH            0x0000000008000000 0x0000000000040000 xr
*default*        0x0000000000000000 0xffffffffffffffff

Linker script and memory map

LOAD C:/ST/STM32CubeIDE_1.12.0/STM32CubeIDE/plugins/com.st.stm32cube.ide.mcu.externaltools.gnu-tools-for-stm32.11.3.rel1.win32_1.1.0.202305231506/tools/bin/../lib/gcc/arm-none-eabi/11.3.1/thumb/v7e-m+fp/hard/crti.o
LOAD C:/ST/STM32CubeIDE_1.12.0/STM32CubeIDE/plugins/com.st.stm32cube.ide.mcu.externaltools.gnu-tools-for-stm32.11.3.rel1.win32_1.1.0.202305231506/tools/bin/../lib/gcc/arm-none-eabi/11.3.1/thumb/v7e-m+fp/hard/crtbegin.o
LOAD C:/ST/STM32CubeIDE_1.12.0/STM32CubeIDE/plugins/com.st.stm32cube.ide.mcu.externaltools.gnu-tools-for-stm32.11.3.rel1.win32_1.1.0.202305231506/tools/bin/../lib/gcc/arm-none-eabi/11.3.1/../../../../arm-none-eabi/lib/thumb/v7e-m+fp/hard/crt0.o
LOAD ./Core/Src/FreeRTOSTick.o
LOAD ./Core/Src/MS5837.o
LOAD ./Core/Src/checksum.o
LOAD ./Core/Src/communication.o
LOAD ./Core/Src/dma.o
LOAD ./Core/Src/flash.o
LOAD ./Core/Src/freertos.o
LOAD ./Core/Src/global.o
LOAD ./Core/Src/gpio.o
LOAD ./Core/Src/i2c.o
LOAD ./Core/Src/main.o
LOAD ./Core/Src/moving_average.o
LOAD ./Core/Src/stabilization.o
LOAD ./Core/Src/stm32f3xx_hal_msp.o
LOAD ./Core/Src/stm32f3xx_hal_timebase_tim.o
LOAD ./Core/Src/stm32f3xx_it.o
LOAD ./Core/Src/syscalls.o
LOAD ./Core/Src/sysmem.o
LOAD ./Core/Src/system_stm32f3xx.o
LOAD ./Core/Src/thrusters.o
LOAD ./Core/Src/tim.o
LOAD ./Core/Src/usart.o
LOAD ./Core/Startup/startup_stm32f303vctx.o
LOAD ./Drivers/STM32F3xx_HAL_Driver/Src/stm32f3xx_hal.o
LOAD ./Drivers/STM32F3xx_HAL_Driver/Src/stm32f3xx_hal_cortex.o
LOAD ./Drivers/STM32F3xx_HAL_Driver/Src/stm32f3xx_hal_dma.o
LOAD ./Drivers/STM32F3xx_HAL_Driver/Src/stm32f3xx_hal_exti.o
LOAD ./Drivers/STM32F3xx_HAL_Driver/Src/stm32f3xx_hal_flash.o
LOAD ./Drivers/STM32F3xx_HAL_Driver/Src/stm32f3xx_hal_flash_ex.o
LOAD ./Drivers/STM32F3xx_HAL_Driver/Src/stm32f3xx_hal_gpio.o
LOAD ./Drivers/STM32F3xx_HAL_Driver/Src/stm32f3xx_hal_i2c.o
LOAD ./Drivers/STM32F3xx_HAL_Driver/Src/stm32f3xx_hal_i2c_ex.o
LOAD ./Drivers/STM32F3xx_HAL_Driver/Src/stm32f3xx_hal_pwr.o
LOAD ./Drivers/STM32F3xx_HAL_Driver/Src/stm32f3xx_hal_pwr_ex.o
LOAD ./Drivers/STM32F3xx_HAL_Driver/Src/stm32f3xx_hal_rcc.o
LOAD ./Drivers/STM32F3xx_HAL_Driver/Src/stm32f3xx_hal_rcc_ex.o
LOAD ./Drivers/STM32F3xx_HAL_Driver/Src/stm32f3xx_hal_tim.o
LOAD ./Drivers/STM32F3xx_HAL_Driver/Src/stm32f3xx_hal_tim_ex.o
LOAD ./Drivers/STM32F3xx_HAL_Driver/Src/stm32f3xx_hal_uart.o
LOAD ./Drivers/STM32F3xx_HAL_Driver/Src/stm32f3xx_hal_uart_ex.o
LOAD ./Middlewares/Third_Party/FreeRTOS/Source/CMSIS_RTOS/cmsis_os.o
LOAD ./Middlewares/Third_Party/FreeRTOS/Source/croutine.o
LOAD ./Middlewares/Third_Party/FreeRTOS/Source/event_groups.o
LOAD ./Middlewares/Third_Party/FreeRTOS/Source/list.o
LOAD ./Middlewares/Third_Party/FreeRTOS/Source/queue.o
LOAD ./Middlewares/Third_Party/FreeRTOS/Source/stream_buffer.o
LOAD ./Middlewares/Third_Party/FreeRTOS/Source/tasks.o
LOAD ./Middlewares/Third_Party/FreeRTOS/Source/timers.o
LOAD ./Middlewares/Third_Party/FreeRTOS/Source/portable/GCC/ARM_CM4F/port.o
LOAD ./Middlewares/Third_Party/FreeRTOS/Source/portable/MemMang/heap_4.o
START GROUP
LOAD C:/ST/STM32CubeIDE_1.12.0/STM32CubeIDE/plugins/com.st.stm32cube.ide.mcu.externaltools.gnu-tools-for-stm32.11.3.rel1.win32_1.1.0.202305231506/tools/bin/../lib/gcc/arm-none-eabi/11.3.1/../../../../arm-none-eabi/lib/thumb/v7e-m+fp/hard\libc_nano.a
LOAD C:/ST/STM32CubeIDE_1.12.0/STM32CubeIDE/plugins/com.st.stm32cube.ide.mcu.externaltools.gnu-tools-for-stm32.11.3.rel1.win32_1.1.0.202305231506/tools/bin/../lib/gcc/arm-none-eabi/11.3.1/../../../../arm-none-eabi/lib/thumb/v7e-m+fp/hard\libm.a
END GROUP
START GROUP
LOAD C:/ST/STM32CubeIDE_1.12.0/STM32CubeIDE/plugins/com.st.stm32cube.ide.mcu.externaltools.gnu-tools-for-stm32.11.3.rel1.win32_1.1.0.202305231506/tools/bin/../lib/gcc/arm-none-eabi/11.3.1/thumb/v7e-m+fp/hard\libgcc.a
LOAD C:/ST/STM32CubeIDE_1.12.0/STM32CubeIDE/plugins/com.st.stm32cube.ide.mcu.externaltools.gnu-tools-for-stm32.11.3.rel1.win32_1.1.0.202305231506/tools/bin/../lib/gcc/arm-none-eabi/11.3.1/../../../../arm-none-eabi/lib/thumb/v7e-m+fp/hard\libc_nano.a
END GROUP
START GROUP
LOAD C:/ST/STM32CubeIDE_1.12.0/STM32CubeIDE/plugins/com.st.stm32cube.ide.mcu.externaltools.gnu-tools-for-stm32.11.3.rel1.win32_1.1.0.202305231506/tools/bin/../lib/gcc/arm-none-eabi/11.3.1/thumb/v7e-m+fp/hard\libgcc.a
LOAD C:/ST/STM32CubeIDE_1.12.0/STM32CubeIDE/plugins/com.st.stm32cube.ide.mcu.externaltools.gnu-tools-for-stm32.11.3.rel1.win32_1.1.0.202305231506/tools/bin/../lib/gcc/arm-none-eabi/11.3.1/../../../../arm-none-eabi/lib/thumb/v7e-m+fp/hard\libc_nano.a
LOAD C:/ST/STM32CubeIDE_1.12.0/STM32CubeIDE/plugins/com.st.stm32cube.ide.mcu.externaltools.gnu-tools-for-stm32.11.3.rel1.win32_1.1.0.202305231506/tools/bin/../lib/gcc/arm-none-eabi/11.3.1/../../../../arm-none-eabi/lib/thumb/v7e-m+fp/hard\libnosys.a
END GROUP
START GROUP
LOAD C:/ST/STM32CubeIDE_1.12.0/STM32CubeIDE/plugins/com.st.stm32cube.ide.mcu.externaltools.gnu-tools-for-stm32.11.3.rel1.win32_1.1.0.202305231506/tools/bin/../lib/gcc/arm-none-eabi/11.3.1/thumb/v7e-m+fp/hard\libgcc.a
LOAD C:/ST/STM32CubeIDE_1.12.0/STM32CubeIDE/plugins/com.st.stm32cube.ide.mcu.externaltools.gnu-tools-for-stm32.11.3.rel1.win32_1.1.0.202305231506/tools/bin/../lib/gcc/arm-none-eabi/11.3.1/../../../../arm-none-eabi/lib/thumb/v7e-m+fp/hard\libc_nano.a
LOAD C:/ST/STM32CubeIDE_1.12.0/STM32CubeIDE/plugins/com.st.stm32cube.ide.mcu.externaltools.gnu-tools-for-stm32.11.3.rel1.win32_1.1.0.202305231506/tools/bin/../lib/gcc/arm-none-eabi/11.3.1/../../../../arm-none-eabi/lib/thumb/v7e-m+fp/hard\libnosys.a
END GROUP
LOAD C:/ST/STM32CubeIDE_1.12.0/STM32CubeIDE/plugins/com.st.stm32cube.ide.mcu.externaltools.gnu-tools-for-stm32.11.3.rel1.win32_1.1.0.202305231506/tools/bin/../lib/gcc/arm-none-eabi/11.3.1/thumb/v7e-m+fp/hard/crtend.o
LOAD C:/ST/STM32CubeIDE_1.12.0/STM32CubeIDE/plugins/com.st.stm32cube.ide.mcu.externaltools.gnu-tools-for-stm32.11.3.rel1.win32_1.1.0.202305231506/tools/bin/../lib/gcc/arm-none-eabi/11.3.1/thumb/v7e-m+fp/hard/crtn.o
                0x000000002000a000                _estack = (ORIGIN (RAM) + LENGTH (RAM))
                0x0000000000000200                _Min_Heap_Size = 0x200
                0x0000000000000400                _Min_Stack_Size = 0x400

.isr_vector     0x0000000008000000      0x188
                0x0000000008000000                . = ALIGN (0x4)
 *(.isr_vector)
 .isr_vector    0x0000000008000000      0x188 ./Core/Startup/startup_stm32f303vctx.o
                0x0000000008000000                g_pfnVectors
                0x0000000008000188                . = ALIGN (0x4)

.text           0x0000000008000190    0x10c34
                0x0000000008000190                . = ALIGN (0x4)
 *(.text)
 .text          0x0000000008000190       0x40 C:/ST/STM32CubeIDE_1.12.0/STM32CubeIDE/plugins/com.st.stm32cube.ide.mcu.externaltools.gnu-tools-for-stm32.11.3.rel1.win32_1.1.0.202305231506/tools/bin/../lib/gcc/arm-none-eabi/11.3.1/thumb/v7e-m+fp/hard/crtbegin.o
 .text          0x00000000080001d0      0x378 C:/ST/STM32CubeIDE_1.12.0/STM32CubeIDE/plugins/com.st.stm32cube.ide.mcu.externaltools.gnu-tools-for-stm32.11.3.rel1.win32_1.1.0.202305231506/tools/bin/../lib/gcc/arm-none-eabi/11.3.1/thumb/v7e-m+fp/hard\libgcc.a(_arm_addsubdf3.o)
                0x00000000080001d0                __aeabi_drsub
                0x00000000080001d8                __aeabi_dsub
                0x00000000080001d8                __subdf3
                0x00000000080001dc                __aeabi_dadd
                0x00000000080001dc                __adddf3
                0x0000000008000454                __floatunsidf
                0x0000000008000454                __aeabi_ui2d
                0x0000000008000474                __floatsidf
                0x0000000008000474                __aeabi_i2d
                0x0000000008000498                __aeabi_f2d
                0x0000000008000498                __extendsfdf2
                0x00000000080004dc                __floatundidf
                0x00000000080004dc                __aeabi_ul2d
                0x00000000080004ec                __floatdidf
                0x00000000080004ec                __aeabi_l2d
 .text          0x0000000008000548      0x424 C:/ST/STM32CubeIDE_1.12.0/STM32CubeIDE/plugins/com.st.stm32cube.ide.mcu.externaltools.gnu-tools-for-stm32.11.3.rel1.win32_1.1.0.202305231506/tools/bin/../lib/gcc/arm-none-eabi/11.3.1/thumb/v7e-m+fp/hard\libgcc.a(_arm_muldivdf3.o)
                0x0000000008000548                __aeabi_dmul
                0x0000000008000548                __muldf3
                0x000000000800079c                __divdf3
                0x000000000800079c                __aeabi_ddiv
 .text          0x000000000800096c      0x110 C:/ST/STM32CubeIDE_1.12.0/STM32CubeIDE/plugins/com.st.stm32cube.ide.mcu.externaltools.gnu-tools-for-stm32.11.3.rel1.win32_1.1.0.202305231506/tools/bin/../lib/gcc/arm-none-eabi/11.3.1/thumb/v7e-m+fp/hard\libgcc.a(_arm_cmpdf2.o)
                0x000000000800096c                __gtdf2
                0x000000000800096c                __gedf2
                0x0000000008000974                __ltdf2
                0x0000000008000974                __ledf2
                0x000000000800097c                __nedf2
                0x000000000800097c                __eqdf2
                0x000000000800097c                __cmpdf2
                0x00000000080009f8                __aeabi_cdrcmple
                0x0000000008000a08                __aeabi_cdcmpeq
                0x0000000008000a08                __aeabi_cdcmple
                0x0000000008000a18                __aeabi_dcmpeq
                0x0000000008000a2c                __aeabi_dcmplt
                0x0000000008000a40                __aeabi_dcmple
                0x0000000008000a54                __aeabi_dcmpge
                0x0000000008000a68                __aeabi_dcmpgt
 .text          0x0000000008000a7c       0x50 C:/ST/STM32CubeIDE_1.12.0/STM32CubeIDE/plugins/com.st.stm32cube.ide.mcu.externaltools.gnu-tools-for-stm32.11.3.rel1.win32_1.1.0.202305231506/tools/bin/../lib/gcc/arm-none-eabi/11.3.1/thumb/v7e-m+fp/hard\libgcc.a(_arm_fixdfsi.o)
                0x0000000008000a7c                __aeabi_d2iz
                0x0000000008000a7c                __fixdfsi
 .text          0x0000000008000acc       0xa0 C:/ST/STM32CubeIDE_1.12.0/STM32CubeIDE/plugins/com.st.stm32cube.ide.mcu.externaltools.gnu-tools-for-stm32.11.3.rel1.win32_1.1.0.202305231506/tools/bin/../lib/gcc/arm-none-eabi/11.3.1/thumb/v7e-m+fp/hard\libgcc.a(_arm_truncdfsf2.o)
                0x0000000008000acc                __truncdfsf2
                0x0000000008000acc                __aeabi_d2f
 .text          0x0000000008000b6c       0xa0 C:/ST/STM32CubeIDE_1.12.0/STM32CubeIDE/plugins/com.st.stm32cube.ide.mcu.externaltools.gnu-tools-for-stm32.11.3.rel1.win32_1.1.0.202305231506/tools/bin/../lib/gcc/arm-none-eabi/11.3.1/thumb/v7e-m+fp/hard\libgcc.a(_aeabi_ldivmod.o)
                0x0000000008000b6c                __aeabi_ldivmod
 .text          0x0000000008000c0c       0x30 C:/ST/STM32CubeIDE_1.12.0/STM32CubeIDE/plugins/com.st.stm32cube.ide.mcu.externaltools.gnu-tools-for-stm32.11.3.rel1.win32_1.1.0.202305231506/tools/bin/../lib/gcc/arm-none-eabi/11.3.1/thumb/v7e-m+fp/hard\libgcc.a(_aeabi_uldivmod.o)
                0x0000000008000c0c                __aeabi_uldivmod
 .text          0x0000000008000c3c       0x30 C:/ST/STM32CubeIDE_1.12.0/STM32CubeIDE/plugins/com.st.stm32cube.ide.mcu.externaltools.gnu-tools-for-stm32.11.3.rel1.win32_1.1.0.202305231506/tools/bin/../lib/gcc/arm-none-eabi/11.3.1/thumb/v7e-m+fp/hard\libgcc.a(_fixdfdi.o)
                0x0000000008000c3c                __fixdfdi
                0x0000000008000c3c                __aeabi_d2lz
 .text          0x0000000008000c6c       0x3c C:/ST/STM32CubeIDE_1.12.0/STM32CubeIDE/plugins/com.st.stm32cube.ide.mcu.externaltools.gnu-tools-for-stm32.11.3.rel1.win32_1.1.0.202305231506/tools/bin/../lib/gcc/arm-none-eabi/11.3.1/thumb/v7e-m+fp/hard\libgcc.a(_fixunsdfdi.o)
                0x0000000008000c6c                __fixunsdfdi
                0x0000000008000c6c                __aeabi_d2ulz
 .text          0x0000000008000ca8      0x2c8 C:/ST/STM32CubeIDE_1.12.0/STM32CubeIDE/plugins/com.st.stm32cube.ide.mcu.externaltools.gnu-tools-for-stm32.11.3.rel1.win32_1.1.0.202305231506/tools/bin/../lib/gcc/arm-none-eabi/11.3.1/thumb/v7e-m+fp/hard\libgcc.a(_udivmoddi4.o)
                0x0000000008000ca8                __udivmoddi4
 .text          0x0000000008000f70        0x4 C:/ST/STM32CubeIDE_1.12.0/STM32CubeIDE/plugins/com.st.stm32cube.ide.mcu.externaltools.gnu-tools-for-stm32.11.3.rel1.win32_1.1.0.202305231506/tools/bin/../lib/gcc/arm-none-eabi/11.3.1/thumb/v7e-m+fp/hard\libgcc.a(_dvmd_tls.o)
                0x0000000008000f70                __aeabi_idiv0
                0x0000000008000f70                __aeabi_ldiv0
 .text          0x0000000008000f74       0x40 C:/ST/STM32CubeIDE_1.12.0/STM32CubeIDE/plugins/com.st.stm32cube.ide.mcu.externaltools.gnu-tools-for-stm32.11.3.rel1.win32_1.1.0.202305231506/tools/bin/../lib/gcc/arm-none-eabi/11.3.1/thumb/v7e-m+fp/hard\libgcc.a(_arm_fixunsdfsi.o)
                0x0000000008000f74                __aeabi_d2uiz
                0x0000000008000f74                __fixunsdfsi
 *(.text*)
 .text.fromTickToMs
                0x0000000008000fb4       0x38 ./Core/Src/FreeRTOSTick.o
                0x0000000008000fb4                fromTickToMs
 .text.cmp      0x0000000008000fec       0x20 ./Core/Src/MS5837.o
                0x0000000008000fec                cmp
 .text.MS5837_02BA_init
                0x000000000800100c       0xa8 ./Core/Src/MS5837.o
                0x000000000800100c                MS5837_02BA_init
 .text.MS5837_02BA_reinit
                0x00000000080010b4       0xb4 ./Core/Src/MS5837.o
                0x00000000080010b4                MS5837_02BA_reinit
 .text.MS5837_02BA_get_actual_pressure
                0x0000000008001168       0x94 ./Core/Src/MS5837.o
                0x0000000008001168                MS5837_02BA_get_actual_pressure
 .text.init_new_convertion
                0x00000000080011fc       0x28 ./Core/Src/MS5837.o
                0x00000000080011fc                init_new_convertion
 .text.MS5837_I2C_MasterRxCplt
                0x0000000008001224       0xa0 ./Core/Src/MS5837.o
                0x0000000008001224                MS5837_I2C_MasterRxCplt
 .text.MS5837_I2C_MasterTxCplt
                0x00000000080012c4       0x94 ./Core/Src/MS5837.o
                0x00000000080012c4                MS5837_I2C_MasterTxCplt
 .text.MS5837_02BA_check_pressure
                0x0000000008001358      0x108 ./Core/Src/MS5837.o
                0x0000000008001358                MS5837_02BA_check_pressure
 .text.MS5837_02BA_reset_pressure
                0x0000000008001460       0x54 ./Core/Src/MS5837.o
                0x0000000008001460                MS5837_02BA_reset_pressure
 *fill*         0x00000000080014b4        0x4 
 .text.calculate
                0x00000000080014b8      0x464 ./Core/Src/MS5837.o
                0x00000000080014b8                calculate
 .text.GetCrc16Checksumm
                0x000000000800191c       0x7e ./Core/Src/checksum.o
                0x000000000800191c                GetCrc16Checksumm
 .text.IsCrc16ChecksummCorrect
                0x000000000800199a       0x40 ./Core/Src/checksum.o
                0x000000000800199a                IsCrc16ChecksummCorrect
 .text.AddCrc16Checksumm
                0x00000000080019da       0x32 ./Core/Src/checksum.o
                0x00000000080019da                AddCrc16Checksumm
 .text.IsChecksumm8bCorrect
                0x0000000008001a0c       0x5a ./Core/Src/checksum.o
                0x0000000008001a0c                IsChecksumm8bCorrect
 .text.AddChecksumm8b
                0x0000000008001a66       0x50 ./Core/Src/checksum.o
                0x0000000008001a66                AddChecksumm8b
 .text.IsChecksumm8bCorrectVma
                0x0000000008001ab6       0x5a ./Core/Src/checksum.o
                0x0000000008001ab6                IsChecksumm8bCorrectVma
 .text.AddChecksumm8bVma
                0x0000000008001b10       0x4c ./Core/Src/checksum.o
                0x0000000008001b10                AddChecksumm8bVma
 .text.PickBit  0x0000000008001b5c       0xd4 ./Core/Src/checksum.o
                0x0000000008001b5c                PickBit
 .text.variableInit
                0x0000000008001c30      0x154 ./Core/Src/communication.o
                0x0000000008001c30                variableInit
 .text.uartBusesInit
                0x0000000008001d84      0x1fc ./Core/Src/communication.o
                0x0000000008001d84                uartBusesInit
 .text.i2cBusesInit
                0x0000000008001f80       0x1c ./Core/Src/communication.o
                0x0000000008001f80                i2cBusesInit
 .text.transmitPackage
                0x0000000008001f9c       0xd4 ./Core/Src/communication.o
                0x0000000008001f9c                transmitPackage
 .text.transmitAndReceive
                0x0000000008002070      0x11e ./Core/Src/communication.o
                0x0000000008002070                transmitAndReceive
 *fill*         0x000000000800218e        0x2 
 .text.HAL_UART_TxCpltCallback
                0x0000000008002190       0x90 ./Core/Src/communication.o
                0x0000000008002190                HAL_UART_TxCpltCallback
 .text.HAL_UART_RxCpltCallback
                0x0000000008002220       0x80 ./Core/Src/communication.o
                0x0000000008002220                HAL_UART_RxCpltCallback
 .text.HAL_I2C_MasterRxCpltCallback
                0x00000000080022a0       0x16 ./Core/Src/communication.o
                0x00000000080022a0                HAL_I2C_MasterRxCpltCallback
 .text.HAL_I2C_MasterTxCpltCallback
                0x00000000080022b6       0x16 ./Core/Src/communication.o
                0x00000000080022b6                HAL_I2C_MasterTxCpltCallback
 .text.ShoreReceive
                0x00000000080022cc      0x108 ./Core/Src/communication.o
                0x00000000080022cc                ShoreReceive
 .text.DevicesRequestUpdate
                0x00000000080023d4       0x74 ./Core/Src/communication.o
                0x00000000080023d4                DevicesRequestUpdate
 .text.DevicesResponseUpdate
                0x0000000008002448       0xd0 ./Core/Src/communication.o
                0x0000000008002448                DevicesResponseUpdate
 .text.ShoreRequest
                0x0000000008002518      0x2fc ./Core/Src/communication.o
                0x0000000008002518                ShoreRequest
 .text.ShoreConfigRequest
                0x0000000008002814      0x284 ./Core/Src/communication.o
                0x0000000008002814                ShoreConfigRequest
 .text.ShoreDirectRequest
                0x0000000008002a98      0x16c ./Core/Src/communication.o
                0x0000000008002a98                ShoreDirectRequest
 .text.ShoreResponse
                0x0000000008002c04       0x4c ./Core/Src/communication.o
                0x0000000008002c04                ShoreResponse
 .text.ShoreConfigResponse
                0x0000000008002c50      0x1ec ./Core/Src/communication.o
                0x0000000008002c50                ShoreConfigResponse
 .text.ShoreDirectResponse
                0x0000000008002e3c       0x34 ./Core/Src/communication.o
                0x0000000008002e3c                ShoreDirectResponse
 .text.ImuReceive
                0x0000000008002e70       0xe4 ./Core/Src/communication.o
                0x0000000008002e70                ImuReceive
 .text.calculateCRC
                0x0000000008002f54       0x8c ./Core/Src/communication.o
                0x0000000008002f54                calculateCRC
 .text.MX_DMA_Init
                0x0000000008002fe0       0x6c ./Core/Src/dma.o
                0x0000000008002fe0                MX_DMA_Init
 .text.flashReadSettings
                0x000000000800304c       0x48 ./Core/Src/flash.o
                0x000000000800304c                flashReadSettings
 .text.flashWriteSettings
                0x0000000008003094       0x74 ./Core/Src/flash.o
                0x0000000008003094                flashWriteSettings
 .text.flashFillStructure
                0x0000000008003108      0x2b8 ./Core/Src/flash.o
                0x0000000008003108                flashFillStructure
 .text.flashReadStructure
                0x00000000080033c0      0x2a8 ./Core/Src/flash.o
                0x00000000080033c0                flashReadStructure
 .text.vApplicationGetIdleTaskMemory
                0x0000000008003668       0x34 ./Core/Src/freertos.o
                0x0000000008003668                vApplicationGetIdleTaskMemory
 .text.vApplicationGetTimerTaskMemory
                0x000000000800369c       0x34 ./Core/Src/freertos.o
                0x000000000800369c                vApplicationGetTimerTaskMemory
 .text.MX_FREERTOS_Init
                0x00000000080036d0      0x234 ./Core/Src/freertos.o
                0x00000000080036d0                MX_FREERTOS_Init
 .text.func_tLedBlinkingTask
                0x0000000008003904       0x68 ./Core/Src/freertos.o
                0x0000000008003904                func_tLedBlinkingTask
 .text.func_tVmaCommTask
                0x000000000800396c       0xf4 ./Core/Src/freertos.o
                0x000000000800396c                func_tVmaCommTask
 .text.func_tImuCommTask
                0x0000000008003a60      0x11c ./Core/Src/freertos.o
                0x0000000008003a60                func_tImuCommTask
 .text.func_tStabilizationTask
                0x0000000008003b7c       0x78 ./Core/Src/freertos.o
                0x0000000008003b7c                func_tStabilizationTask
 .text.func_tDevCommTask
                0x0000000008003bf4       0xf0 ./Core/Src/freertos.o
                0x0000000008003bf4                func_tDevCommTask
 .text.func_tSensCommTask
                0x0000000008003ce4      0x130 ./Core/Src/freertos.o
                0x0000000008003ce4                func_tSensCommTask
 .text.func_tUartTimer
                0x0000000008003e14      0x10c ./Core/Src/freertos.o
                0x0000000008003e14                func_tUartTimer
 .text.tTechCommTimer_callback
                0x0000000008003f20       0x14 ./Core/Src/freertos.o
                0x0000000008003f20                tTechCommTimer_callback
 .text.tSilence_func
                0x0000000008003f34       0xd0 ./Core/Src/freertos.o
                0x0000000008003f34                tSilence_func
 .text.MX_GPIO_Init
                0x0000000008004004      0x124 ./Core/Src/gpio.o
                0x0000000008004004                MX_GPIO_Init
 .text.MX_I2C1_Init
                0x0000000008004128       0x80 ./Core/Src/i2c.o
                0x0000000008004128                MX_I2C1_Init
 .text.HAL_I2C_MspInit
                0x00000000080041a8       0x98 ./Core/Src/i2c.o
                0x00000000080041a8                HAL_I2C_MspInit
 .text.HAL_I2C_MspDeInit
                0x0000000008004240       0x48 ./Core/Src/i2c.o
                0x0000000008004240                HAL_I2C_MspDeInit
 .text.main     0x0000000008004288       0x64 ./Core/Src/main.o
                0x0000000008004288                main
 .text.SystemClock_Config
                0x00000000080042ec       0xbc ./Core/Src/main.o
                0x00000000080042ec                SystemClock_Config
 .text.HAL_TIM_PeriodElapsedCallback
                0x00000000080043a8       0x24 ./Core/Src/main.o
                0x00000000080043a8                HAL_TIM_PeriodElapsedCallback
 .text.Error_Handler
                0x00000000080043cc        0xa ./Core/Src/main.o
                0x00000000080043cc                Error_Handler
 .text.movingAverageInit
                0x00000000080043d6       0x52 ./Core/Src/moving_average.o
                0x00000000080043d6                movingAverageInit
 .text.movingAverageIterate
                0x0000000008004428       0xb4 ./Core/Src/moving_average.o
                0x0000000008004428                movingAverageIterate
 .text.stabilizationInit
                0x00000000080044dc      0x608 ./Core/Src/stabilization.o
                0x00000000080044dc                stabilizationInit
 .text.stabilizationStart
                0x0000000008004ae4      0x1d8 ./Core/Src/stabilization.o
                0x0000000008004ae4                stabilizationStart
 .text.stabilizationUpdate
                0x0000000008004cbc      0x53c ./Core/Src/stabilization.o
                0x0000000008004cbc                stabilizationUpdate
 .text.HAL_MspInit
                0x00000000080051f8       0x50 ./Core/Src/stm32f3xx_hal_msp.o
                0x00000000080051f8                HAL_MspInit
 .text.HAL_InitTick
                0x0000000008005248       0xe0 ./Core/Src/stm32f3xx_hal_timebase_tim.o
                0x0000000008005248                HAL_InitTick
 .text.NMI_Handler
                0x0000000008005328        0x6 ./Core/Src/stm32f3xx_it.o
                0x0000000008005328                NMI_Handler
 .text.HardFault_Handler
                0x000000000800532e        0x6 ./Core/Src/stm32f3xx_it.o
                0x000000000800532e                HardFault_Handler
 .text.MemManage_Handler
                0x0000000008005334        0x6 ./Core/Src/stm32f3xx_it.o
                0x0000000008005334                MemManage_Handler
 .text.BusFault_Handler
                0x000000000800533a        0x6 ./Core/Src/stm32f3xx_it.o
                0x000000000800533a                BusFault_Handler
 .text.UsageFault_Handler
                0x0000000008005340        0x6 ./Core/Src/stm32f3xx_it.o
                0x0000000008005340                UsageFault_Handler
 .text.DebugMon_Handler
                0x0000000008005346        0xe ./Core/Src/stm32f3xx_it.o
                0x0000000008005346                DebugMon_Handler
 .text.DMA1_Channel4_IRQHandler
                0x0000000008005354       0x14 ./Core/Src/stm32f3xx_it.o
                0x0000000008005354                DMA1_Channel4_IRQHandler
 .text.DMA1_Channel5_IRQHandler
                0x0000000008005368       0x14 ./Core/Src/stm32f3xx_it.o
                0x0000000008005368                DMA1_Channel5_IRQHandler
 .text.DMA1_Channel6_IRQHandler
                0x000000000800537c       0x14 ./Core/Src/stm32f3xx_it.o
                0x000000000800537c                DMA1_Channel6_IRQHandler
 .text.DMA1_Channel7_IRQHandler
                0x0000000008005390       0x14 ./Core/Src/stm32f3xx_it.o
                0x0000000008005390                DMA1_Channel7_IRQHandler
 .text.TIM1_UP_TIM16_IRQHandler
                0x00000000080053a4       0x14 ./Core/Src/stm32f3xx_it.o
                0x00000000080053a4                TIM1_UP_TIM16_IRQHandler
 .text.I2C1_EV_IRQHandler
                0x00000000080053b8       0x14 ./Core/Src/stm32f3xx_it.o
                0x00000000080053b8                I2C1_EV_IRQHandler
 .text.USART1_IRQHandler
                0x00000000080053cc       0x14 ./Core/Src/stm32f3xx_it.o
                0x00000000080053cc                USART1_IRQHandler
 .text.USART2_IRQHandler
                0x00000000080053e0       0x14 ./Core/Src/stm32f3xx_it.o
                0x00000000080053e0                USART2_IRQHandler
 .text.USART3_IRQHandler
                0x00000000080053f4       0x14 ./Core/Src/stm32f3xx_it.o
                0x00000000080053f4                USART3_IRQHandler
 .text.UART4_IRQHandler
                0x0000000008005408       0x14 ./Core/Src/stm32f3xx_it.o
                0x0000000008005408                UART4_IRQHandler
 .text.SystemInit
                0x000000000800541c       0x24 ./Core/Src/system_stm32f3xx.o
                0x000000000800541c                SystemInit
 .text.thrustersInit
                0x0000000008005440       0xc0 ./Core/Src/thrusters.o
                0x0000000008005440                thrustersInit
 .text.resetThrusters
                0x0000000008005500       0x74 ./Core/Src/thrusters.o
                0x0000000008005500                resetThrusters
 .text.fillThrustersRequest
                0x0000000008005574       0x80 ./Core/Src/thrusters.o
                0x0000000008005574                fillThrustersRequest
 .text.fillThrustersResponse
                0x00000000080055f4       0x78 ./Core/Src/thrusters.o
                0x00000000080055f4                fillThrustersResponse
 .text.formThrustVectors
                0x000000000800566c      0x4c4 ./Core/Src/thrusters.o
                0x000000000800566c                formThrustVectors
 .text.resizeFloatToInt8
                0x0000000008005b30       0x42 ./Core/Src/thrusters.o
                0x0000000008005b30                resizeFloatToInt8
 *fill*         0x0000000008005b72        0x2 
 .text.MX_TIM7_Init
                0x0000000008005b74       0x6c ./Core/Src/tim.o
                0x0000000008005b74                MX_TIM7_Init
 .text.HAL_TIM_Base_MspInit
                0x0000000008005be0       0x40 ./Core/Src/tim.o
                0x0000000008005be0                HAL_TIM_Base_MspInit
 .text.MX_UART4_Init
                0x0000000008005c20       0x60 ./Core/Src/usart.o
                0x0000000008005c20                MX_UART4_Init
 .text.MX_USART1_UART_Init
                0x0000000008005c80       0x60 ./Core/Src/usart.o
                0x0000000008005c80                MX_USART1_UART_Init
 .text.MX_USART2_UART_Init
                0x0000000008005ce0       0x68 ./Core/Src/usart.o
                0x0000000008005ce0                MX_USART2_UART_Init
 .text.MX_USART3_UART_Init
                0x0000000008005d48       0x60 ./Core/Src/usart.o
                0x0000000008005d48                MX_USART3_UART_Init
 .text.HAL_UART_MspInit
                0x0000000008005da8      0x354 ./Core/Src/usart.o
                0x0000000008005da8                HAL_UART_MspInit
 .text.Reset_Handler
                0x00000000080060fc       0x50 ./Core/Startup/startup_stm32f303vctx.o
                0x00000000080060fc                Reset_Handler
 .text.Default_Handler
                0x000000000800614c        0x2 ./Core/Startup/startup_stm32f303vctx.o
                0x000000000800614c                RTC_Alarm_IRQHandler
                0x000000000800614c                TIM8_TRG_COM_IRQHandler
                0x000000000800614c                TIM8_CC_IRQHandler
                0x000000000800614c                TIM1_CC_IRQHandler
                0x000000000800614c                USB_HP_IRQHandler
                0x000000000800614c                PVD_IRQHandler
                0x000000000800614c                TAMP_STAMP_IRQHandler
                0x000000000800614c                EXTI3_IRQHandler
                0x000000000800614c                USB_HP_CAN_TX_IRQHandler
                0x000000000800614c                EXTI0_IRQHandler
                0x000000000800614c                I2C2_EV_IRQHandler
                0x000000000800614c                FPU_IRQHandler
                0x000000000800614c                ADC1_2_IRQHandler
                0x000000000800614c                SPI1_IRQHandler
                0x000000000800614c                CAN_SCE_IRQHandler
                0x000000000800614c                TIM6_DAC_IRQHandler
                0x000000000800614c                TIM8_UP_IRQHandler
                0x000000000800614c                DMA2_Channel2_IRQHandler
                0x000000000800614c                UART5_IRQHandler
                0x000000000800614c                ADC3_IRQHandler
                0x000000000800614c                TIM4_IRQHandler
                0x000000000800614c                CAN_RX1_IRQHandler
                0x000000000800614c                DMA2_Channel1_IRQHandler
                0x000000000800614c                DMA2_Channel4_IRQHandler
                0x000000000800614c                TIM3_IRQHandler
                0x000000000800614c                RCC_IRQHandler
                0x000000000800614c                DMA1_Channel1_IRQHandler
                0x000000000800614c                Default_Handler
                0x000000000800614c                USBWakeUp_RMP_IRQHandler
                0x000000000800614c                EXTI15_10_IRQHandler
                0x000000000800614c                TIM7_IRQHandler
                0x000000000800614c                EXTI9_5_IRQHandler
                0x000000000800614c                RTC_WKUP_IRQHandler
                0x000000000800614c                SPI2_IRQHandler
                0x000000000800614c                USB_LP_CAN_RX0_IRQHandler
                0x000000000800614c                DMA2_Channel5_IRQHandler
                0x000000000800614c                USB_LP_IRQHandler
                0x000000000800614c                EXTI4_IRQHandler
                0x000000000800614c                TIM1_TRG_COM_TIM17_IRQHandler
                0x000000000800614c                DMA1_Channel3_IRQHandler
                0x000000000800614c                ADC4_IRQHandler
                0x000000000800614c                WWDG_IRQHandler
                0x000000000800614c                TIM2_IRQHandler
                0x000000000800614c                COMP7_IRQHandler
                0x000000000800614c                COMP1_2_3_IRQHandler
                0x000000000800614c                EXTI1_IRQHandler
                0x000000000800614c                COMP4_5_6_IRQHandler
                0x000000000800614c                I2C2_ER_IRQHandler
                0x000000000800614c                DMA1_Channel2_IRQHandler
                0x000000000800614c                TIM8_BRK_IRQHandler
                0x000000000800614c                FLASH_IRQHandler
                0x000000000800614c                SPI3_IRQHandler
                0x000000000800614c                I2C1_ER_IRQHandler
                0x000000000800614c                USBWakeUp_IRQHandler
                0x000000000800614c                DMA2_Channel3_IRQHandler
                0x000000000800614c                EXTI2_TSC_IRQHandler
                0x000000000800614c                TIM1_BRK_TIM15_IRQHandler
 *fill*         0x000000000800614e        0x2 
 .text.HAL_Init
                0x0000000008006150       0x2c ./Drivers/STM32F3xx_HAL_Driver/Src/stm32f3xx_hal.o
                0x0000000008006150                HAL_Init
 .text.HAL_IncTick
                0x000000000800617c       0x28 ./Drivers/STM32F3xx_HAL_Driver/Src/stm32f3xx_hal.o
                0x000000000800617c                HAL_IncTick
 .text.HAL_GetTick
                0x00000000080061a4       0x18 ./Drivers/STM32F3xx_HAL_Driver/Src/stm32f3xx_hal.o
                0x00000000080061a4                HAL_GetTick
 .text.HAL_Delay
                0x00000000080061bc       0x48 ./Drivers/STM32F3xx_HAL_Driver/Src/stm32f3xx_hal.o
                0x00000000080061bc                HAL_Delay
 .text.__NVIC_SetPriorityGrouping
                0x0000000008006204       0x48 ./Drivers/STM32F3xx_HAL_Driver/Src/stm32f3xx_hal_cortex.o
 .text.__NVIC_GetPriorityGrouping
                0x000000000800624c       0x1c ./Drivers/STM32F3xx_HAL_Driver/Src/stm32f3xx_hal_cortex.o
 .text.__NVIC_EnableIRQ
                0x0000000008006268       0x3c ./Drivers/STM32F3xx_HAL_Driver/Src/stm32f3xx_hal_cortex.o
 .text.__NVIC_DisableIRQ
                0x00000000080062a4       0x48 ./Drivers/STM32F3xx_HAL_Driver/Src/stm32f3xx_hal_cortex.o
 .text.__NVIC_SetPriority
                0x00000000080062ec       0x54 ./Drivers/STM32F3xx_HAL_Driver/Src/stm32f3xx_hal_cortex.o
 .text.NVIC_EncodePriority
                0x0000000008006340       0x66 ./Drivers/STM32F3xx_HAL_Driver/Src/stm32f3xx_hal_cortex.o
 .text.HAL_NVIC_SetPriorityGrouping
                0x00000000080063a6       0x16 ./Drivers/STM32F3xx_HAL_Driver/Src/stm32f3xx_hal_cortex.o
                0x00000000080063a6                HAL_NVIC_SetPriorityGrouping
 .text.HAL_NVIC_SetPriority
                0x00000000080063bc       0x38 ./Drivers/STM32F3xx_HAL_Driver/Src/stm32f3xx_hal_cortex.o
                0x00000000080063bc                HAL_NVIC_SetPriority
 .text.HAL_NVIC_EnableIRQ
                0x00000000080063f4       0x1c ./Drivers/STM32F3xx_HAL_Driver/Src/stm32f3xx_hal_cortex.o
                0x00000000080063f4                HAL_NVIC_EnableIRQ
 .text.HAL_NVIC_DisableIRQ
                0x0000000008006410       0x1c ./Drivers/STM32F3xx_HAL_Driver/Src/stm32f3xx_hal_cortex.o
                0x0000000008006410                HAL_NVIC_DisableIRQ
 .text.HAL_DMA_Init
                0x000000000800642c       0x8e ./Drivers/STM32F3xx_HAL_Driver/Src/stm32f3xx_hal_dma.o
                0x000000000800642c                HAL_DMA_Init
 .text.HAL_DMA_Start_IT
                0x00000000080064ba       0xbe ./Drivers/STM32F3xx_HAL_Driver/Src/stm32f3xx_hal_dma.o
                0x00000000080064ba                HAL_DMA_Start_IT
 .text.HAL_DMA_Abort
                0x0000000008006578       0x72 ./Drivers/STM32F3xx_HAL_Driver/Src/stm32f3xx_hal_dma.o
                0x0000000008006578                HAL_DMA_Abort
 .text.HAL_DMA_Abort_IT
                0x00000000080065ea       0x7c ./Drivers/STM32F3xx_HAL_Driver/Src/stm32f3xx_hal_dma.o
                0x00000000080065ea                HAL_DMA_Abort_IT
 .text.HAL_DMA_IRQHandler
                0x0000000008006666      0x146 ./Drivers/STM32F3xx_HAL_Driver/Src/stm32f3xx_hal_dma.o
                0x0000000008006666                HAL_DMA_IRQHandler
 .text.HAL_DMA_GetState
                0x00000000080067ac       0x1a ./Drivers/STM32F3xx_HAL_Driver/Src/stm32f3xx_hal_dma.o
                0x00000000080067ac                HAL_DMA_GetState
 .text.DMA_SetConfig
                0x00000000080067c6       0x5c ./Drivers/STM32F3xx_HAL_Driver/Src/stm32f3xx_hal_dma.o
 *fill*         0x0000000008006822        0x2 
 .text.DMA_CalcBaseAndBitshift
                0x0000000008006824       0x78 ./Drivers/STM32F3xx_HAL_Driver/Src/stm32f3xx_hal_dma.o
 .text.HAL_FLASH_Program
                0x000000000800689c       0xe0 ./Drivers/STM32F3xx_HAL_Driver/Src/stm32f3xx_hal_flash.o
                0x000000000800689c                HAL_FLASH_Program
 .text.HAL_FLASH_Unlock
                0x000000000800697c       0x4c ./Drivers/STM32F3xx_HAL_Driver/Src/stm32f3xx_hal_flash.o
                0x000000000800697c                HAL_FLASH_Unlock
 .text.HAL_FLASH_Lock
                0x00000000080069c8       0x20 ./Drivers/STM32F3xx_HAL_Driver/Src/stm32f3xx_hal_flash.o
                0x00000000080069c8                HAL_FLASH_Lock
 .text.FLASH_Program_HalfWord
                0x00000000080069e8       0x38 ./Drivers/STM32F3xx_HAL_Driver/Src/stm32f3xx_hal_flash.o
 .text.FLASH_WaitForLastOperation
                0x0000000008006a20       0x80 ./Drivers/STM32F3xx_HAL_Driver/Src/stm32f3xx_hal_flash.o
                0x0000000008006a20                FLASH_WaitForLastOperation
 .text.FLASH_SetErrorCode
                0x0000000008006aa0       0x64 ./Drivers/STM32F3xx_HAL_Driver/Src/stm32f3xx_hal_flash.o
 .text.HAL_FLASHEx_Erase
                0x0000000008006b04       0xd4 ./Drivers/STM32F3xx_HAL_Driver/Src/stm32f3xx_hal_flash_ex.o
                0x0000000008006b04                HAL_FLASHEx_Erase
 .text.FLASH_MassErase
                0x0000000008006bd8       0x34 ./Drivers/STM32F3xx_HAL_Driver/Src/stm32f3xx_hal_flash_ex.o
 .text.FLASH_PageErase
                0x0000000008006c0c       0x40 ./Drivers/STM32F3xx_HAL_Driver/Src/stm32f3xx_hal_flash_ex.o
                0x0000000008006c0c                FLASH_PageErase
 .text.HAL_GPIO_Init
                0x0000000008006c4c      0x2f4 ./Drivers/STM32F3xx_HAL_Driver/Src/stm32f3xx_hal_gpio.o
                0x0000000008006c4c                HAL_GPIO_Init
 .text.HAL_GPIO_DeInit
                0x0000000008006f40      0x1b8 ./Drivers/STM32F3xx_HAL_Driver/Src/stm32f3xx_hal_gpio.o
                0x0000000008006f40                HAL_GPIO_DeInit
 .text.HAL_GPIO_WritePin
                0x00000000080070f8       0x30 ./Drivers/STM32F3xx_HAL_Driver/Src/stm32f3xx_hal_gpio.o
                0x00000000080070f8                HAL_GPIO_WritePin
 .text.HAL_GPIO_TogglePin
                0x0000000008007128       0x34 ./Drivers/STM32F3xx_HAL_Driver/Src/stm32f3xx_hal_gpio.o
                0x0000000008007128                HAL_GPIO_TogglePin
 .text.HAL_I2C_Init
                0x000000000800715c      0x11e ./Drivers/STM32F3xx_HAL_Driver/Src/stm32f3xx_hal_i2c.o
                0x000000000800715c                HAL_I2C_Init
 .text.HAL_I2C_DeInit
                0x000000000800727a       0x5e ./Drivers/STM32F3xx_HAL_Driver/Src/stm32f3xx_hal_i2c.o
                0x000000000800727a                HAL_I2C_DeInit
 .text.HAL_I2C_Master_Transmit
                0x00000000080072d8      0x1e8 ./Drivers/STM32F3xx_HAL_Driver/Src/stm32f3xx_hal_i2c.o
                0x00000000080072d8                HAL_I2C_Master_Transmit
 .text.HAL_I2C_Master_Receive
                0x00000000080074c0      0x1ec ./Drivers/STM32F3xx_HAL_Driver/Src/stm32f3xx_hal_i2c.o
                0x00000000080074c0                HAL_I2C_Master_Receive
 .text.HAL_I2C_Master_Transmit_IT
                0x00000000080076ac       0xe0 ./Drivers/STM32F3xx_HAL_Driver/Src/stm32f3xx_hal_i2c.o
                0x00000000080076ac                HAL_I2C_Master_Transmit_IT
 .text.HAL_I2C_Master_Receive_IT
                0x000000000800778c       0xe0 ./Drivers/STM32F3xx_HAL_Driver/Src/stm32f3xx_hal_i2c.o
                0x000000000800778c                HAL_I2C_Master_Receive_IT
 .text.HAL_I2C_EV_IRQHandler
                0x000000000800786c       0x34 ./Drivers/STM32F3xx_HAL_Driver/Src/stm32f3xx_hal_i2c.o
                0x000000000800786c                HAL_I2C_EV_IRQHandler
 .text.HAL_I2C_SlaveTxCpltCallback
                0x00000000080078a0       0x14 ./Drivers/STM32F3xx_HAL_Driver/Src/stm32f3xx_hal_i2c.o
                0x00000000080078a0                HAL_I2C_SlaveTxCpltCallback
 .text.HAL_I2C_SlaveRxCpltCallback
                0x00000000080078b4       0x14 ./Drivers/STM32F3xx_HAL_Driver/Src/stm32f3xx_hal_i2c.o
                0x00000000080078b4                HAL_I2C_SlaveRxCpltCallback
 .text.HAL_I2C_AddrCallback
                0x00000000080078c8       0x1c ./Drivers/STM32F3xx_HAL_Driver/Src/stm32f3xx_hal_i2c.o
                0x00000000080078c8                HAL_I2C_AddrCallback
 .text.HAL_I2C_ListenCpltCallback
                0x00000000080078e4       0x14 ./Drivers/STM32F3xx_HAL_Driver/Src/stm32f3xx_hal_i2c.o
                0x00000000080078e4                HAL_I2C_ListenCpltCallback
 .text.HAL_I2C_MemTxCpltCallback
                0x00000000080078f8       0x14 ./Drivers/STM32F3xx_HAL_Driver/Src/stm32f3xx_hal_i2c.o
                0x00000000080078f8                HAL_I2C_MemTxCpltCallback
 .text.HAL_I2C_MemRxCpltCallback
                0x000000000800790c       0x14 ./Drivers/STM32F3xx_HAL_Driver/Src/stm32f3xx_hal_i2c.o
                0x000000000800790c                HAL_I2C_MemRxCpltCallback
 .text.HAL_I2C_ErrorCallback
                0x0000000008007920       0x14 ./Drivers/STM32F3xx_HAL_Driver/Src/stm32f3xx_hal_i2c.o
                0x0000000008007920                HAL_I2C_ErrorCallback
 .text.HAL_I2C_AbortCpltCallback
                0x0000000008007934       0x14 ./Drivers/STM32F3xx_HAL_Driver/Src/stm32f3xx_hal_i2c.o
                0x0000000008007934                HAL_I2C_AbortCpltCallback
 .text.I2C_Master_ISR_IT
                0x0000000008007948      0x238 ./Drivers/STM32F3xx_HAL_Driver/Src/stm32f3xx_hal_i2c.o
 .text.I2C_Slave_ISR_IT
                0x0000000008007b80      0x1f0 ./Drivers/STM32F3xx_HAL_Driver/Src/stm32f3xx_hal_i2c.o
 .text.I2C_Master_ISR_DMA
                0x0000000008007d70      0x1d6 ./Drivers/STM32F3xx_HAL_Driver/Src/stm32f3xx_hal_i2c.o
 *fill*         0x0000000008007f46        0x2 
 .text.I2C_Mem_ISR_DMA
                0x0000000008007f48      0x234 ./Drivers/STM32F3xx_HAL_Driver/Src/stm32f3xx_hal_i2c.o
 .text.I2C_Slave_ISR_DMA
                0x000000000800817c      0x1ac ./Drivers/STM32F3xx_HAL_Driver/Src/stm32f3xx_hal_i2c.o
 .text.I2C_ITAddrCplt
                0x0000000008008328      0x108 ./Drivers/STM32F3xx_HAL_Driver/Src/stm32f3xx_hal_i2c.o
 .text.I2C_ITMasterSeqCplt
                0x0000000008008430       0x7a ./Drivers/STM32F3xx_HAL_Driver/Src/stm32f3xx_hal_i2c.o
 .text.I2C_ITSlaveSeqCplt
                0x00000000080084aa       0xb8 ./Drivers/STM32F3xx_HAL_Driver/Src/stm32f3xx_hal_i2c.o
 *fill*         0x0000000008008562        0x2 
 .text.I2C_ITMasterCplt
                0x0000000008008564      0x190 ./Drivers/STM32F3xx_HAL_Driver/Src/stm32f3xx_hal_i2c.o
 .text.I2C_ITSlaveCplt
                0x00000000080086f4      0x20c ./Drivers/STM32F3xx_HAL_Driver/Src/stm32f3xx_hal_i2c.o
 .text.I2C_ITListenCplt
                0x0000000008008900       0xa8 ./Drivers/STM32F3xx_HAL_Driver/Src/stm32f3xx_hal_i2c.o
 .text.I2C_ITError
                0x00000000080089a8      0x1e0 ./Drivers/STM32F3xx_HAL_Driver/Src/stm32f3xx_hal_i2c.o
 .text.I2C_TreatErrorCallback
                0x0000000008008b88       0x4e ./Drivers/STM32F3xx_HAL_Driver/Src/stm32f3xx_hal_i2c.o
 .text.I2C_Flush_TXDR
                0x0000000008008bd6       0x48 ./Drivers/STM32F3xx_HAL_Driver/Src/stm32f3xx_hal_i2c.o
 .text.I2C_DMAAbort
                0x0000000008008c1e       0x3c ./Drivers/STM32F3xx_HAL_Driver/Src/stm32f3xx_hal_i2c.o
 .text.I2C_WaitOnFlagUntilTimeout
                0x0000000008008c5a       0x9e ./Drivers/STM32F3xx_HAL_Driver/Src/stm32f3xx_hal_i2c.o
 .text.I2C_WaitOnTXISFlagUntilTimeout
                0x0000000008008cf8       0x8e ./Drivers/STM32F3xx_HAL_Driver/Src/stm32f3xx_hal_i2c.o
 .text.I2C_WaitOnSTOPFlagUntilTimeout
                0x0000000008008d86       0x86 ./Drivers/STM32F3xx_HAL_Driver/Src/stm32f3xx_hal_i2c.o
 .text.I2C_WaitOnRXNEFlagUntilTimeout
                0x0000000008008e0c      0x104 ./Drivers/STM32F3xx_HAL_Driver/Src/stm32f3xx_hal_i2c.o
 .text.I2C_IsErrorOccurred
                0x0000000008008f10      0x1c0 ./Drivers/STM32F3xx_HAL_Driver/Src/stm32f3xx_hal_i2c.o
 .text.I2C_TransferConfig
                0x00000000080090d0       0x64 ./Drivers/STM32F3xx_HAL_Driver/Src/stm32f3xx_hal_i2c.o
 .text.I2C_Enable_IRQ
                0x0000000008009134      0x110 ./Drivers/STM32F3xx_HAL_Driver/Src/stm32f3xx_hal_i2c.o
 .text.I2C_Disable_IRQ
                0x0000000008009244       0xbc ./Drivers/STM32F3xx_HAL_Driver/Src/stm32f3xx_hal_i2c.o
 .text.HAL_I2CEx_ConfigAnalogFilter
                0x0000000008009300       0x96 ./Drivers/STM32F3xx_HAL_Driver/Src/stm32f3xx_hal_i2c_ex.o
                0x0000000008009300                HAL_I2CEx_ConfigAnalogFilter
 .text.HAL_I2CEx_ConfigDigitalFilter
                0x0000000008009396       0x98 ./Drivers/STM32F3xx_HAL_Driver/Src/stm32f3xx_hal_i2c_ex.o
                0x0000000008009396                HAL_I2CEx_ConfigDigitalFilter
 *fill*         0x000000000800942e        0x2 
 .text.HAL_RCC_OscConfig
                0x0000000008009430     0x107c ./Drivers/STM32F3xx_HAL_Driver/Src/stm32f3xx_hal_rcc.o
                0x0000000008009430                HAL_RCC_OscConfig
 .text.HAL_RCC_ClockConfig
                0x000000000800a4ac      0x2f8 ./Drivers/STM32F3xx_HAL_Driver/Src/stm32f3xx_hal_rcc.o
                0x000000000800a4ac                HAL_RCC_ClockConfig
 .text.HAL_RCC_GetSysClockFreq
                0x000000000800a7a4       0xd8 ./Drivers/STM32F3xx_HAL_Driver/Src/stm32f3xx_hal_rcc.o
                0x000000000800a7a4                HAL_RCC_GetSysClockFreq
 .text.HAL_RCC_GetHCLKFreq
                0x000000000800a87c       0x18 ./Drivers/STM32F3xx_HAL_Driver/Src/stm32f3xx_hal_rcc.o
                0x000000000800a87c                HAL_RCC_GetHCLKFreq
 .text.HAL_RCC_GetPCLK1Freq
                0x000000000800a894       0x44 ./Drivers/STM32F3xx_HAL_Driver/Src/stm32f3xx_hal_rcc.o
                0x000000000800a894                HAL_RCC_GetPCLK1Freq
 .text.HAL_RCC_GetPCLK2Freq
                0x000000000800a8d8       0x44 ./Drivers/STM32F3xx_HAL_Driver/Src/stm32f3xx_hal_rcc.o
                0x000000000800a8d8                HAL_RCC_GetPCLK2Freq
 .text.HAL_RCC_GetClockConfig
                0x000000000800a91c       0x64 ./Drivers/STM32F3xx_HAL_Driver/Src/stm32f3xx_hal_rcc.o
                0x000000000800a91c                HAL_RCC_GetClockConfig
 .text.HAL_RCCEx_PeriphCLKConfig
                0x000000000800a980      0x360 ./Drivers/STM32F3xx_HAL_Driver/Src/stm32f3xx_hal_rcc_ex.o
                0x000000000800a980                HAL_RCCEx_PeriphCLKConfig
 .text.HAL_TIM_Base_Init
                0x000000000800ace0       0xae ./Drivers/STM32F3xx_HAL_Driver/Src/stm32f3xx_hal_tim.o
                0x000000000800ace0                HAL_TIM_Base_Init
 *fill*         0x000000000800ad8e        0x2 
 .text.HAL_TIM_Base_Start_IT
                0x000000000800ad90       0xd4 ./Drivers/STM32F3xx_HAL_Driver/Src/stm32f3xx_hal_tim.o
                0x000000000800ad90                HAL_TIM_Base_Start_IT
 .text.HAL_TIM_IRQHandler
                0x000000000800ae64      0x23e ./Drivers/STM32F3xx_HAL_Driver/Src/stm32f3xx_hal_tim.o
                0x000000000800ae64                HAL_TIM_IRQHandler
 .text.HAL_TIM_OC_DelayElapsedCallback
                0x000000000800b0a2       0x14 ./Drivers/STM32F3xx_HAL_Driver/Src/stm32f3xx_hal_tim.o
                0x000000000800b0a2                HAL_TIM_OC_DelayElapsedCallback
 .text.HAL_TIM_IC_CaptureCallback
                0x000000000800b0b6       0x14 ./Drivers/STM32F3xx_HAL_Driver/Src/stm32f3xx_hal_tim.o
                0x000000000800b0b6                HAL_TIM_IC_CaptureCallback
 .text.HAL_TIM_PWM_PulseFinishedCallback
                0x000000000800b0ca       0x14 ./Drivers/STM32F3xx_HAL_Driver/Src/stm32f3xx_hal_tim.o
                0x000000000800b0ca                HAL_TIM_PWM_PulseFinishedCallback
 .text.HAL_TIM_TriggerCallback
                0x000000000800b0de       0x14 ./Drivers/STM32F3xx_HAL_Driver/Src/stm32f3xx_hal_tim.o
                0x000000000800b0de                HAL_TIM_TriggerCallback
 *fill*         0x000000000800b0f2        0x2 
 .text.TIM_Base_SetConfig
                0x000000000800b0f4      0x120 ./Drivers/STM32F3xx_HAL_Driver/Src/stm32f3xx_hal_tim.o
                0x000000000800b0f4                TIM_Base_SetConfig
 .text.HAL_TIMEx_MasterConfigSynchronization
                0x000000000800b214      0x100 ./Drivers/STM32F3xx_HAL_Driver/Src/stm32f3xx_hal_tim_ex.o
                0x000000000800b214                HAL_TIMEx_MasterConfigSynchronization
 .text.HAL_TIMEx_CommutCallback
                0x000000000800b314       0x14 ./Drivers/STM32F3xx_HAL_Driver/Src/stm32f3xx_hal_tim_ex.o
                0x000000000800b314                HAL_TIMEx_CommutCallback
 .text.HAL_TIMEx_BreakCallback
                0x000000000800b328       0x14 ./Drivers/STM32F3xx_HAL_Driver/Src/stm32f3xx_hal_tim_ex.o
                0x000000000800b328                HAL_TIMEx_BreakCallback
 .text.HAL_TIMEx_Break2Callback
                0x000000000800b33c       0x14 ./Drivers/STM32F3xx_HAL_Driver/Src/stm32f3xx_hal_tim_ex.o
                0x000000000800b33c                HAL_TIMEx_Break2Callback
 .text.HAL_UART_Init
                0x000000000800b350       0x9c ./Drivers/STM32F3xx_HAL_Driver/Src/stm32f3xx_hal_uart.o
                0x000000000800b350                HAL_UART_Init
 .text.HAL_UART_Transmit_IT
                0x000000000800b3ec       0xbc ./Drivers/STM32F3xx_HAL_Driver/Src/stm32f3xx_hal_uart.o
                0x000000000800b3ec                HAL_UART_Transmit_IT
 .text.HAL_UART_Receive_IT
                0x000000000800b4a8       0x88 ./Drivers/STM32F3xx_HAL_Driver/Src/stm32f3xx_hal_uart.o
                0x000000000800b4a8                HAL_UART_Receive_IT
 .text.HAL_UART_Transmit_DMA
                0x000000000800b530       0xf8 ./Drivers/STM32F3xx_HAL_Driver/Src/stm32f3xx_hal_uart.o
                0x000000000800b530                HAL_UART_Transmit_DMA
 .text.HAL_UART_Receive_DMA
                0x000000000800b628       0x88 ./Drivers/STM32F3xx_HAL_Driver/Src/stm32f3xx_hal_uart.o
                0x000000000800b628                HAL_UART_Receive_DMA
 .text.HAL_UART_AbortTransmit_IT
                0x000000000800b6b0       0xf0 ./Drivers/STM32F3xx_HAL_Driver/Src/stm32f3xx_hal_uart.o
                0x000000000800b6b0                HAL_UART_AbortTransmit_IT
 .text.HAL_UART_AbortReceive_IT
                0x000000000800b7a0      0x190 ./Drivers/STM32F3xx_HAL_Driver/Src/stm32f3xx_hal_uart.o
                0x000000000800b7a0                HAL_UART_AbortReceive_IT
 .text.HAL_UART_IRQHandler
                0x000000000800b930      0x5cc ./Drivers/STM32F3xx_HAL_Driver/Src/stm32f3xx_hal_uart.o
                0x000000000800b930                HAL_UART_IRQHandler
 .text.HAL_UART_TxHalfCpltCallback
                0x000000000800befc       0x14 ./Drivers/STM32F3xx_HAL_Driver/Src/stm32f3xx_hal_uart.o
                0x000000000800befc                HAL_UART_TxHalfCpltCallback
 .text.HAL_UART_RxHalfCpltCallback
                0x000000000800bf10       0x14 ./Drivers/STM32F3xx_HAL_Driver/Src/stm32f3xx_hal_uart.o
                0x000000000800bf10                HAL_UART_RxHalfCpltCallback
 .text.HAL_UART_ErrorCallback
                0x000000000800bf24       0x14 ./Drivers/STM32F3xx_HAL_Driver/Src/stm32f3xx_hal_uart.o
                0x000000000800bf24                HAL_UART_ErrorCallback
 .text.HAL_UART_AbortTransmitCpltCallback
                0x000000000800bf38       0x14 ./Drivers/STM32F3xx_HAL_Driver/Src/stm32f3xx_hal_uart.o
                0x000000000800bf38                HAL_UART_AbortTransmitCpltCallback
 .text.HAL_UART_AbortReceiveCpltCallback
                0x000000000800bf4c       0x14 ./Drivers/STM32F3xx_HAL_Driver/Src/stm32f3xx_hal_uart.o
                0x000000000800bf4c                HAL_UART_AbortReceiveCpltCallback
 .text.HAL_UARTEx_RxEventCallback
                0x000000000800bf60       0x18 ./Drivers/STM32F3xx_HAL_Driver/Src/stm32f3xx_hal_uart.o
                0x000000000800bf60                HAL_UARTEx_RxEventCallback
 .text.UART_SetConfig
                0x000000000800bf78      0x3a8 ./Drivers/STM32F3xx_HAL_Driver/Src/stm32f3xx_hal_uart.o
                0x000000000800bf78                UART_SetConfig
 .text.UART_AdvFeatureConfig
                0x000000000800c320      0x144 ./Drivers/STM32F3xx_HAL_Driver/Src/stm32f3xx_hal_uart.o
                0x000000000800c320                UART_AdvFeatureConfig
 .text.UART_CheckIdleState
                0x000000000800c464      0x150 ./Drivers/STM32F3xx_HAL_Driver/Src/stm32f3xx_hal_uart.o
                0x000000000800c464                UART_CheckIdleState
 .text.UART_WaitOnFlagUntilTimeout
                0x000000000800c5b4       0xce ./Drivers/STM32F3xx_HAL_Driver/Src/stm32f3xx_hal_uart.o
                0x000000000800c5b4                UART_WaitOnFlagUntilTimeout
 *fill*         0x000000000800c682        0x2 
 .text.UART_Start_Receive_IT
                0x000000000800c684      0x168 ./Drivers/STM32F3xx_HAL_Driver/Src/stm32f3xx_hal_uart.o
                0x000000000800c684                UART_Start_Receive_IT
 .text.UART_Start_Receive_DMA
                0x000000000800c7ec      0x140 ./Drivers/STM32F3xx_HAL_Driver/Src/stm32f3xx_hal_uart.o
                0x000000000800c7ec                UART_Start_Receive_DMA
 .text.UART_EndTxTransfer
                0x000000000800c92c       0x4c ./Drivers/STM32F3xx_HAL_Driver/Src/stm32f3xx_hal_uart.o
 .text.UART_EndRxTransfer
                0x000000000800c978       0xc8 ./Drivers/STM32F3xx_HAL_Driver/Src/stm32f3xx_hal_uart.o
 .text.UART_DMATransmitCplt
                0x000000000800ca40       0x94 ./Drivers/STM32F3xx_HAL_Driver/Src/stm32f3xx_hal_uart.o
 .text.UART_DMATxHalfCplt
                0x000000000800cad4       0x1c ./Drivers/STM32F3xx_HAL_Driver/Src/stm32f3xx_hal_uart.o
 .text.UART_DMAReceiveCplt
                0x000000000800caf0      0x126 ./Drivers/STM32F3xx_HAL_Driver/Src/stm32f3xx_hal_uart.o
 .text.UART_DMARxHalfCplt
                0x000000000800cc16       0x3e ./Drivers/STM32F3xx_HAL_Driver/Src/stm32f3xx_hal_uart.o
 .text.UART_DMAError
                0x000000000800cc54       0x7e ./Drivers/STM32F3xx_HAL_Driver/Src/stm32f3xx_hal_uart.o
 .text.UART_DMAAbortOnError
                0x000000000800ccd2       0x2c ./Drivers/STM32F3xx_HAL_Driver/Src/stm32f3xx_hal_uart.o
 .text.UART_DMATxOnlyAbortCallback
                0x000000000800ccfe       0x2a ./Drivers/STM32F3xx_HAL_Driver/Src/stm32f3xx_hal_uart.o
 .text.UART_DMARxOnlyAbortCallback
                0x000000000800cd28       0x4a ./Drivers/STM32F3xx_HAL_Driver/Src/stm32f3xx_hal_uart.o
 .text.UART_TxISR_8BIT
                0x000000000800cd72       0xb8 ./Drivers/STM32F3xx_HAL_Driver/Src/stm32f3xx_hal_uart.o
 .text.UART_TxISR_16BIT
                0x000000000800ce2a       0xc0 ./Drivers/STM32F3xx_HAL_Driver/Src/stm32f3xx_hal_uart.o
 .text.UART_EndTransmit_IT
                0x000000000800ceea       0x54 ./Drivers/STM32F3xx_HAL_Driver/Src/stm32f3xx_hal_uart.o
 .text.UART_RxISR_8BIT
                0x000000000800cf3e      0x1a8 ./Drivers/STM32F3xx_HAL_Driver/Src/stm32f3xx_hal_uart.o
 .text.UART_RxISR_16BIT
                0x000000000800d0e6      0x1a8 ./Drivers/STM32F3xx_HAL_Driver/Src/stm32f3xx_hal_uart.o
 .text.HAL_UARTEx_WakeupCallback
                0x000000000800d28e       0x14 ./Drivers/STM32F3xx_HAL_Driver/Src/stm32f3xx_hal_uart_ex.o
                0x000000000800d28e                HAL_UARTEx_WakeupCallback
 .text.makeFreeRtosPriority
                0x000000000800d2a2       0x30 ./Middlewares/Third_Party/FreeRTOS/Source/CMSIS_RTOS/cmsis_os.o
 .text.inHandlerMode
                0x000000000800d2d2       0x24 ./Middlewares/Third_Party/FreeRTOS/Source/CMSIS_RTOS/cmsis_os.o
 .text.osKernelStart
                0x000000000800d2f6        0xe ./Middlewares/Third_Party/FreeRTOS/Source/CMSIS_RTOS/cmsis_os.o
                0x000000000800d2f6                osKernelStart
 .text.osKernelSysTick
                0x000000000800d304       0x20 ./Middlewares/Third_Party/FreeRTOS/Source/CMSIS_RTOS/cmsis_os.o
                0x000000000800d304                osKernelSysTick
 .text.osThreadCreate
                0x000000000800d324       0x98 ./Middlewares/Third_Party/FreeRTOS/Source/CMSIS_RTOS/cmsis_os.o
                0x000000000800d324                osThreadCreate
 .text.osDelay  0x000000000800d3bc       0x28 ./Middlewares/Third_Party/FreeRTOS/Source/CMSIS_RTOS/cmsis_os.o
                0x000000000800d3bc                osDelay
 .text.osTimerCreate
                0x000000000800d3e4       0x68 ./Middlewares/Third_Party/FreeRTOS/Source/CMSIS_RTOS/cmsis_os.o
                0x000000000800d3e4                osTimerCreate
 .text.osMutexCreate
                0x000000000800d44c       0x30 ./Middlewares/Third_Party/FreeRTOS/Source/CMSIS_RTOS/cmsis_os.o
                0x000000000800d44c                osMutexCreate
 .text.osDelayUntil
                0x000000000800d47c       0x2c ./Middlewares/Third_Party/FreeRTOS/Source/CMSIS_RTOS/cmsis_os.o
                0x000000000800d47c                osDelayUntil
 .text.vListInitialise
                0x000000000800d4a8       0x40 ./Middlewares/Third_Party/FreeRTOS/Source/list.o
                0x000000000800d4a8                vListInitialise
 .text.vListInitialiseItem
                0x000000000800d4e8       0x1a ./Middlewares/Third_Party/FreeRTOS/Source/list.o
                0x000000000800d4e8                vListInitialiseItem
 .text.vListInsertEnd
                0x000000000800d502       0x48 ./Middlewares/Third_Party/FreeRTOS/Source/list.o
                0x000000000800d502                vListInsertEnd
 .text.vListInsert
                0x000000000800d54a       0x72 ./Middlewares/Third_Party/FreeRTOS/Source/list.o
                0x000000000800d54a                vListInsert
 .text.uxListRemove
                0x000000000800d5bc       0x54 ./Middlewares/Third_Party/FreeRTOS/Source/list.o
                0x000000000800d5bc                uxListRemove
 .text.xQueueGenericReset
                0x000000000800d610       0xd0 ./Middlewares/Third_Party/FreeRTOS/Source/queue.o
                0x000000000800d610                xQueueGenericReset
 .text.xQueueGenericCreateStatic
                0x000000000800d6e0       0xee ./Middlewares/Third_Party/FreeRTOS/Source/queue.o
                0x000000000800d6e0                xQueueGenericCreateStatic
 .text.xQueueGenericCreate
                0x000000000800d7ce       0x7c ./Middlewares/Third_Party/FreeRTOS/Source/queue.o
                0x000000000800d7ce                xQueueGenericCreate
 .text.prvInitialiseNewQueue
                0x000000000800d84a       0x3e ./Middlewares/Third_Party/FreeRTOS/Source/queue.o
 .text.prvInitialiseMutex
                0x000000000800d888       0x34 ./Middlewares/Third_Party/FreeRTOS/Source/queue.o
 .text.xQueueCreateMutex
                0x000000000800d8bc       0x30 ./Middlewares/Third_Party/FreeRTOS/Source/queue.o
                0x000000000800d8bc                xQueueCreateMutex
 .text.xQueueCreateMutexStatic
                0x000000000800d8ec       0x36 ./Middlewares/Third_Party/FreeRTOS/Source/queue.o
                0x000000000800d8ec                xQueueCreateMutexStatic
 *fill*         0x000000000800d922        0x2 
 .text.xQueueGenericSend
                0x000000000800d924      0x1fc ./Middlewares/Third_Party/FreeRTOS/Source/queue.o
                0x000000000800d924                xQueueGenericSend
 .text.xQueueGenericSendFromISR
                0x000000000800db20      0x130 ./Middlewares/Third_Party/FreeRTOS/Source/queue.o
                0x000000000800db20                xQueueGenericSendFromISR
 .text.xQueueReceive
                0x000000000800dc50      0x1c0 ./Middlewares/Third_Party/FreeRTOS/Source/queue.o
                0x000000000800dc50                xQueueReceive
 .text.xQueueSemaphoreTake
                0x000000000800de10      0x218 ./Middlewares/Third_Party/FreeRTOS/Source/queue.o
                0x000000000800de10                xQueueSemaphoreTake
 .text.prvGetDisinheritPriorityAfterTimeout
                0x000000000800e028       0x30 ./Middlewares/Third_Party/FreeRTOS/Source/queue.o
 .text.prvCopyDataToQueue
                0x000000000800e058       0xd4 ./Middlewares/Third_Party/FreeRTOS/Source/queue.o
 .text.prvCopyDataFromQueue
                0x000000000800e12c       0x4c ./Middlewares/Third_Party/FreeRTOS/Source/queue.o
 .text.prvUnlockQueue
                0x000000000800e178       0xa4 ./Middlewares/Third_Party/FreeRTOS/Source/queue.o
 .text.prvIsQueueEmpty
                0x000000000800e21c       0x2c ./Middlewares/Third_Party/FreeRTOS/Source/queue.o
 .text.prvIsQueueFull
                0x000000000800e248       0x30 ./Middlewares/Third_Party/FreeRTOS/Source/queue.o
 .text.vQueueAddToRegistry
                0x000000000800e278       0x54 ./Middlewares/Third_Party/FreeRTOS/Source/queue.o
                0x000000000800e278                vQueueAddToRegistry
 .text.vQueueWaitForMessageRestricted
                0x000000000800e2cc       0x68 ./Middlewares/Third_Party/FreeRTOS/Source/queue.o
                0x000000000800e2cc                vQueueWaitForMessageRestricted
 .text.xTaskCreateStatic
                0x000000000800e334       0xb8 ./Middlewares/Third_Party/FreeRTOS/Source/tasks.o
                0x000000000800e334                xTaskCreateStatic
 .text.xTaskCreate
                0x000000000800e3ec       0x8a ./Middlewares/Third_Party/FreeRTOS/Source/tasks.o
                0x000000000800e3ec                xTaskCreate
 *fill*         0x000000000800e476        0x2 
 .text.prvInitialiseNewTask
                0x000000000800e478      0x12c ./Middlewares/Third_Party/FreeRTOS/Source/tasks.o
 .text.prvAddNewTaskToReadyList
                0x000000000800e5a4       0xd4 ./Middlewares/Third_Party/FreeRTOS/Source/tasks.o
 .text.vTaskDelayUntil
                0x000000000800e678       0xfc ./Middlewares/Third_Party/FreeRTOS/Source/tasks.o
                0x000000000800e678                vTaskDelayUntil
 .text.vTaskDelay
                0x000000000800e774       0x68 ./Middlewares/Third_Party/FreeRTOS/Source/tasks.o
                0x000000000800e774                vTaskDelay
 .text.vTaskStartScheduler
                0x000000000800e7dc       0xe0 ./Middlewares/Third_Party/FreeRTOS/Source/tasks.o
                0x000000000800e7dc                vTaskStartScheduler
 .text.vTaskSuspendAll
                0x000000000800e8bc       0x1c ./Middlewares/Third_Party/FreeRTOS/Source/tasks.o
                0x000000000800e8bc                vTaskSuspendAll
 .text.xTaskResumeAll
                0x000000000800e8d8      0x138 ./Middlewares/Third_Party/FreeRTOS/Source/tasks.o
                0x000000000800e8d8                xTaskResumeAll
 .text.xTaskGetTickCount
                0x000000000800ea10       0x20 ./Middlewares/Third_Party/FreeRTOS/Source/tasks.o
                0x000000000800ea10                xTaskGetTickCount
 .text.xTaskGetTickCountFromISR
                0x000000000800ea30       0x24 ./Middlewares/Third_Party/FreeRTOS/Source/tasks.o
                0x000000000800ea30                xTaskGetTickCountFromISR
 .text.xTaskIncrementTick
                0x000000000800ea54      0x17c ./Middlewares/Third_Party/FreeRTOS/Source/tasks.o
                0x000000000800ea54                xTaskIncrementTick
 .text.vTaskSwitchContext
                0x000000000800ebd0       0xc4 ./Middlewares/Third_Party/FreeRTOS/Source/tasks.o
                0x000000000800ebd0                vTaskSwitchContext
 .text.vTaskPlaceOnEventList
                0x000000000800ec94       0x48 ./Middlewares/Third_Party/FreeRTOS/Source/tasks.o
                0x000000000800ec94                vTaskPlaceOnEventList
 .text.vTaskPlaceOnEventListRestricted
                0x000000000800ecdc       0x58 ./Middlewares/Third_Party/FreeRTOS/Source/tasks.o
                0x000000000800ecdc                vTaskPlaceOnEventListRestricted
 .text.xTaskRemoveFromEventList
                0x000000000800ed34       0xc4 ./Middlewares/Third_Party/FreeRTOS/Source/tasks.o
                0x000000000800ed34                xTaskRemoveFromEventList
 .text.vTaskInternalSetTimeOutState
                0x000000000800edf8       0x2c ./Middlewares/Third_Party/FreeRTOS/Source/tasks.o
                0x000000000800edf8                vTaskInternalSetTimeOutState
 .text.xTaskCheckForTimeOut
                0x000000000800ee24       0xc4 ./Middlewares/Third_Party/FreeRTOS/Source/tasks.o
                0x000000000800ee24                xTaskCheckForTimeOut
 .text.vTaskMissedYield
                0x000000000800eee8       0x18 ./Middlewares/Third_Party/FreeRTOS/Source/tasks.o
                0x000000000800eee8                vTaskMissedYield
 .text.prvIdleTask
                0x000000000800ef00       0x30 ./Middlewares/Third_Party/FreeRTOS/Source/tasks.o
 .text.prvInitialiseTaskLists
                0x000000000800ef30       0x80 ./Middlewares/Third_Party/FreeRTOS/Source/tasks.o
 .text.prvCheckTasksWaitingTermination
                0x000000000800efb0       0x5c ./Middlewares/Third_Party/FreeRTOS/Source/tasks.o
 .text.prvDeleteTCB
                0x000000000800f00c       0x68 ./Middlewares/Third_Party/FreeRTOS/Source/tasks.o
 .text.prvResetNextTaskUnblockTime
                0x000000000800f074       0x4c ./Middlewares/Third_Party/FreeRTOS/Source/tasks.o
 .text.xTaskGetSchedulerState
                0x000000000800f0c0       0x3c ./Middlewares/Third_Party/FreeRTOS/Source/tasks.o
                0x000000000800f0c0                xTaskGetSchedulerState
 .text.xTaskPriorityInherit
                0x000000000800f0fc      0x10c ./Middlewares/Third_Party/FreeRTOS/Source/tasks.o
                0x000000000800f0fc                xTaskPriorityInherit
 .text.xTaskPriorityDisinherit
                0x000000000800f208      0x10c ./Middlewares/Third_Party/FreeRTOS/Source/tasks.o
                0x000000000800f208                xTaskPriorityDisinherit
 .text.vTaskPriorityDisinheritAfterTimeout
                0x000000000800f314      0x140 ./Middlewares/Third_Party/FreeRTOS/Source/tasks.o
                0x000000000800f314                vTaskPriorityDisinheritAfterTimeout
 .text.pvTaskIncrementMutexHeldCount
                0x000000000800f454       0x28 ./Middlewares/Third_Party/FreeRTOS/Source/tasks.o
                0x000000000800f454                pvTaskIncrementMutexHeldCount
 .text.prvAddCurrentTaskToDelayedList
                0x000000000800f47c       0xcc ./Middlewares/Third_Party/FreeRTOS/Source/tasks.o
 .text.xTimerCreateTimerTask
                0x000000000800f548       0x90 ./Middlewares/Third_Party/FreeRTOS/Source/timers.o
                0x000000000800f548                xTimerCreateTimerTask
 .text.xTimerCreate
                0x000000000800f5d8       0x42 ./Middlewares/Third_Party/FreeRTOS/Source/timers.o
                0x000000000800f5d8                xTimerCreate
 .text.xTimerCreateStatic
                0x000000000800f61a       0x7a ./Middlewares/Third_Party/FreeRTOS/Source/timers.o
                0x000000000800f61a                xTimerCreateStatic
 .text.prvInitialiseNewTimer
                0x000000000800f694       0x64 ./Middlewares/Third_Party/FreeRTOS/Source/timers.o
 .text.xTimerGenericCommand
                0x000000000800f6f8       0x9c ./Middlewares/Third_Party/FreeRTOS/Source/timers.o
                0x000000000800f6f8                xTimerGenericCommand
 .text.prvProcessExpiredTimer
                0x000000000800f794       0x80 ./Middlewares/Third_Party/FreeRTOS/Source/timers.o
 .text.prvTimerTask
                0x000000000800f814       0x24 ./Middlewares/Third_Party/FreeRTOS/Source/timers.o
 .text.prvProcessTimerOrBlockTask
                0x000000000800f838       0x9c ./Middlewares/Third_Party/FreeRTOS/Source/timers.o
 .text.prvGetNextExpireTime
                0x000000000800f8d4       0x48 ./Middlewares/Third_Party/FreeRTOS/Source/timers.o
 .text.prvSampleTimeNow
                0x000000000800f91c       0x40 ./Middlewares/Third_Party/FreeRTOS/Source/timers.o
 .text.prvInsertTimerInActiveList
                0x000000000800f95c       0x84 ./Middlewares/Third_Party/FreeRTOS/Source/timers.o
 .text.prvProcessReceivedCommands
                0x000000000800f9e0      0x134 ./Middlewares/Third_Party/FreeRTOS/Source/timers.o
 .text.prvSwitchTimerLists
                0x000000000800fb14       0xc4 ./Middlewares/Third_Party/FreeRTOS/Source/timers.o
 .text.prvCheckForValidListAndQueue
                0x000000000800fbd8       0x80 ./Middlewares/Third_Party/FreeRTOS/Source/timers.o
 .text.pxPortInitialiseStack
                0x000000000800fc58       0x68 ./Middlewares/Third_Party/FreeRTOS/Source/portable/GCC/ARM_CM4F/port.o
                0x000000000800fc58                pxPortInitialiseStack
 .text.prvTaskExitError
                0x000000000800fcc0       0x58 ./Middlewares/Third_Party/FreeRTOS/Source/portable/GCC/ARM_CM4F/port.o
 *fill*         0x000000000800fd18        0x8 
 .text.SVC_Handler
                0x000000000800fd20       0x28 ./Middlewares/Third_Party/FreeRTOS/Source/portable/GCC/ARM_CM4F/port.o
                0x000000000800fd20                SVC_Handler
 .text.prvPortStartFirstTask
                0x000000000800fd48       0x28 ./Middlewares/Third_Party/FreeRTOS/Source/portable/GCC/ARM_CM4F/port.o
 .text.xPortStartScheduler
                0x000000000800fd70      0x144 ./Middlewares/Third_Party/FreeRTOS/Source/portable/GCC/ARM_CM4F/port.o
                0x000000000800fd70                xPortStartScheduler
 .text.vPortEnterCritical
                0x000000000800feb4       0x60 ./Middlewares/Third_Party/FreeRTOS/Source/portable/GCC/ARM_CM4F/port.o
                0x000000000800feb4                vPortEnterCritical
 .text.vPortExitCritical
                0x000000000800ff14       0x54 ./Middlewares/Third_Party/FreeRTOS/Source/portable/GCC/ARM_CM4F/port.o
                0x000000000800ff14                vPortExitCritical
 *fill*         0x000000000800ff68        0x8 
 .text.PendSV_Handler
                0x000000000800ff70       0x68 ./Middlewares/Third_Party/FreeRTOS/Source/portable/GCC/ARM_CM4F/port.o
                0x000000000800ff70                PendSV_Handler
 .text.SysTick_Handler
                0x000000000800ffd8       0x44 ./Middlewares/Third_Party/FreeRTOS/Source/portable/GCC/ARM_CM4F/port.o
                0x000000000800ffd8                SysTick_Handler
 .text.vPortSetupTimerInterrupt
                0x000000000801001c       0x48 ./Middlewares/Third_Party/FreeRTOS/Source/portable/GCC/ARM_CM4F/port.o
                0x000000000801001c                vPortSetupTimerInterrupt
 .text.vPortEnableVFP
                0x0000000008010064       0x14 ./Middlewares/Third_Party/FreeRTOS/Source/portable/GCC/ARM_CM4F/port.o
 .text.vPortValidateInterruptPriority
                0x0000000008010078       0x80 ./Middlewares/Third_Party/FreeRTOS/Source/portable/GCC/ARM_CM4F/port.o
                0x0000000008010078                vPortValidateInterruptPriority
 .text.pvPortMalloc
                0x00000000080100f8      0x188 ./Middlewares/Third_Party/FreeRTOS/Source/portable/MemMang/heap_4.o
                0x00000000080100f8                pvPortMalloc
 .text.vPortFree
                0x0000000008010280       0xb4 ./Middlewares/Third_Party/FreeRTOS/Source/portable/MemMang/heap_4.o
                0x0000000008010280                vPortFree
 .text.prvHeapInit
                0x0000000008010334       0xc4 ./Middlewares/Third_Party/FreeRTOS/Source/portable/MemMang/heap_4.o
 .text.prvInsertBlockIntoFreeList
                0x00000000080103f8       0xb4 ./Middlewares/Third_Party/FreeRTOS/Source/portable/MemMang/heap_4.o
 .text.swapfunc
                0x00000000080104ac       0x32 C:/ST/STM32CubeIDE_1.12.0/STM32CubeIDE/plugins/com.st.stm32cube.ide.mcu.externaltools.gnu-tools-for-stm32.11.3.rel1.win32_1.1.0.202305231506/tools/bin/../lib/gcc/arm-none-eabi/11.3.1/../../../../arm-none-eabi/lib/thumb/v7e-m+fp/hard\libc_nano.a(libc_a-qsort.o)
 .text.med3.constprop.0
                0x00000000080104de       0x3e C:/ST/STM32CubeIDE_1.12.0/STM32CubeIDE/plugins/com.st.stm32cube.ide.mcu.externaltools.gnu-tools-for-stm32.11.3.rel1.win32_1.1.0.202305231506/tools/bin/../lib/gcc/arm-none-eabi/11.3.1/../../../../arm-none-eabi/lib/thumb/v7e-m+fp/hard\libc_nano.a(libc_a-qsort.o)
 .text.qsort    0x000000000801051c      0x2a0 C:/ST/STM32CubeIDE_1.12.0/STM32CubeIDE/plugins/com.st.stm32cube.ide.mcu.externaltools.gnu-tools-for-stm32.11.3.rel1.win32_1.1.0.202305231506/tools/bin/../lib/gcc/arm-none-eabi/11.3.1/../../../../arm-none-eabi/lib/thumb/v7e-m+fp/hard\libc_nano.a(libc_a-qsort.o)
                0x000000000801051c                qsort
 .text.memset   0x00000000080107bc       0x10 C:/ST/STM32CubeIDE_1.12.0/STM32CubeIDE/plugins/com.st.stm32cube.ide.mcu.externaltools.gnu-tools-for-stm32.11.3.rel1.win32_1.1.0.202305231506/tools/bin/../lib/gcc/arm-none-eabi/11.3.1/../../../../arm-none-eabi/lib/thumb/v7e-m+fp/hard\libc_nano.a(libc_a-memset.o)
                0x00000000080107bc                memset
 .text._reclaim_reent
                0x00000000080107cc       0xac C:/ST/STM32CubeIDE_1.12.0/STM32CubeIDE/plugins/com.st.stm32cube.ide.mcu.externaltools.gnu-tools-for-stm32.11.3.rel1.win32_1.1.0.202305231506/tools/bin/../lib/gcc/arm-none-eabi/11.3.1/../../../../arm-none-eabi/lib/thumb/v7e-m+fp/hard\libc_nano.a(libc_a-reent.o)
                0x00000000080107cc                _reclaim_reent
 .text.__errno  0x0000000008010878        0xc C:/ST/STM32CubeIDE_1.12.0/STM32CubeIDE/plugins/com.st.stm32cube.ide.mcu.externaltools.gnu-tools-for-stm32.11.3.rel1.win32_1.1.0.202305231506/tools/bin/../lib/gcc/arm-none-eabi/11.3.1/../../../../arm-none-eabi/lib/thumb/v7e-m+fp/hard\libc_nano.a(libc_a-errno.o)
                0x0000000008010878                __errno
 .text.__libc_init_array
                0x0000000008010884       0x48 C:/ST/STM32CubeIDE_1.12.0/STM32CubeIDE/plugins/com.st.stm32cube.ide.mcu.externaltools.gnu-tools-for-stm32.11.3.rel1.win32_1.1.0.202305231506/tools/bin/../lib/gcc/arm-none-eabi/11.3.1/../../../../arm-none-eabi/lib/thumb/v7e-m+fp/hard\libc_nano.a(libc_a-init.o)
                0x0000000008010884                __libc_init_array
 .text.__retarget_lock_acquire_recursive
                0x00000000080108cc        0x2 C:/ST/STM32CubeIDE_1.12.0/STM32CubeIDE/plugins/com.st.stm32cube.ide.mcu.externaltools.gnu-tools-for-stm32.11.3.rel1.win32_1.1.0.202305231506/tools/bin/../lib/gcc/arm-none-eabi/11.3.1/../../../../arm-none-eabi/lib/thumb/v7e-m+fp/hard\libc_nano.a(libc_a-lock.o)
                0x00000000080108cc                __retarget_lock_acquire_recursive
 .text.__retarget_lock_release_recursive
                0x00000000080108ce        0x2 C:/ST/STM32CubeIDE_1.12.0/STM32CubeIDE/plugins/com.st.stm32cube.ide.mcu.externaltools.gnu-tools-for-stm32.11.3.rel1.win32_1.1.0.202305231506/tools/bin/../lib/gcc/arm-none-eabi/11.3.1/../../../../arm-none-eabi/lib/thumb/v7e-m+fp/hard\libc_nano.a(libc_a-lock.o)
                0x00000000080108ce                __retarget_lock_release_recursive
 .text.memcpy   0x00000000080108d0       0x1c C:/ST/STM32CubeIDE_1.12.0/STM32CubeIDE/plugins/com.st.stm32cube.ide.mcu.externaltools.gnu-tools-for-stm32.11.3.rel1.win32_1.1.0.202305231506/tools/bin/../lib/gcc/arm-none-eabi/11.3.1/../../../../arm-none-eabi/lib/thumb/v7e-m+fp/hard\libc_nano.a(libc_a-memcpy-stub.o)
                0x00000000080108d0                memcpy
 .text._free_r  0x00000000080108ec       0x98 C:/ST/STM32CubeIDE_1.12.0/STM32CubeIDE/plugins/com.st.stm32cube.ide.mcu.externaltools.gnu-tools-for-stm32.11.3.rel1.win32_1.1.0.202305231506/tools/bin/../lib/gcc/arm-none-eabi/11.3.1/../../../../arm-none-eabi/lib/thumb/v7e-m+fp/hard\libc_nano.a(libc_a-freer.o)
                0x00000000080108ec                _free_r
 .text.__malloc_lock
                0x0000000008010984        0xc C:/ST/STM32CubeIDE_1.12.0/STM32CubeIDE/plugins/com.st.stm32cube.ide.mcu.externaltools.gnu-tools-for-stm32.11.3.rel1.win32_1.1.0.202305231506/tools/bin/../lib/gcc/arm-none-eabi/11.3.1/../../../../arm-none-eabi/lib/thumb/v7e-m+fp/hard\libc_nano.a(libc_a-mlock.o)
                0x0000000008010984                __malloc_lock
 .text.__malloc_unlock
                0x0000000008010990        0xc C:/ST/STM32CubeIDE_1.12.0/STM32CubeIDE/plugins/com.st.stm32cube.ide.mcu.externaltools.gnu-tools-for-stm32.11.3.rel1.win32_1.1.0.202305231506/tools/bin/../lib/gcc/arm-none-eabi/11.3.1/../../../../arm-none-eabi/lib/thumb/v7e-m+fp/hard\libc_nano.a(libc_a-mlock.o)
                0x0000000008010990                __malloc_unlock
 *fill*         0x000000000801099c        0x4 
 .text.exp      0x00000000080109a0       0x90 C:/ST/STM32CubeIDE_1.12.0/STM32CubeIDE/plugins/com.st.stm32cube.ide.mcu.externaltools.gnu-tools-for-stm32.11.3.rel1.win32_1.1.0.202305231506/tools/bin/../lib/gcc/arm-none-eabi/11.3.1/../../../../arm-none-eabi/lib/thumb/v7e-m+fp/hard\libm.a(libm_a-w_exp.o)
                0x00000000080109a0                exp
 .text.finite   0x0000000008010a30       0x16 C:/ST/STM32CubeIDE_1.12.0/STM32CubeIDE/plugins/com.st.stm32cube.ide.mcu.externaltools.gnu-tools-for-stm32.11.3.rel1.win32_1.1.0.202305231506/tools/bin/../lib/gcc/arm-none-eabi/11.3.1/../../../../arm-none-eabi/lib/thumb/v7e-m+fp/hard\libm.a(libm_a-s_finite.o)
                0x0000000008010a30                finite
 *fill*         0x0000000008010a46        0x2 
 .text.__ieee754_exp
                0x0000000008010a48      0x304 C:/ST/STM32CubeIDE_1.12.0/STM32CubeIDE/plugins/com.st.stm32cube.ide.mcu.externaltools.gnu-tools-for-stm32.11.3.rel1.win32_1.1.0.202305231506/tools/bin/../lib/gcc/arm-none-eabi/11.3.1/../../../../arm-none-eabi/lib/thumb/v7e-m+fp/hard\libm.a(libm_a-e_exp.o)
                0x0000000008010a48                __ieee754_exp
 .text.with_errno
                0x0000000008010d4c       0x14 C:/ST/STM32CubeIDE_1.12.0/STM32CubeIDE/plugins/com.st.stm32cube.ide.mcu.externaltools.gnu-tools-for-stm32.11.3.rel1.win32_1.1.0.202305231506/tools/bin/../lib/gcc/arm-none-eabi/11.3.1/../../../../arm-none-eabi/lib/thumb/v7e-m+fp/hard\libm.a(libm_a-math_err.o)
 .text.xflow    0x0000000008010d60       0x28 C:/ST/STM32CubeIDE_1.12.0/STM32CubeIDE/plugins/com.st.stm32cube.ide.mcu.externaltools.gnu-tools-for-stm32.11.3.rel1.win32_1.1.0.202305231506/tools/bin/../lib/gcc/arm-none-eabi/11.3.1/../../../../arm-none-eabi/lib/thumb/v7e-m+fp/hard\libm.a(libm_a-math_err.o)
 .text.__math_uflow
                0x0000000008010d88       0x12 C:/ST/STM32CubeIDE_1.12.0/STM32CubeIDE/plugins/com.st.stm32cube.ide.mcu.externaltools.gnu-tools-for-stm32.11.3.rel1.win32_1.1.0.202305231506/tools/bin/../lib/gcc/arm-none-eabi/11.3.1/../../../../arm-none-eabi/lib/thumb/v7e-m+fp/hard\libm.a(libm_a-math_err.o)
                0x0000000008010d88                __math_uflow
 .text.__math_oflow
                0x0000000008010d9a       0x12 C:/ST/STM32CubeIDE_1.12.0/STM32CubeIDE/plugins/com.st.stm32cube.ide.mcu.externaltools.gnu-tools-for-stm32.11.3.rel1.win32_1.1.0.202305231506/tools/bin/../lib/gcc/arm-none-eabi/11.3.1/../../../../arm-none-eabi/lib/thumb/v7e-m+fp/hard\libm.a(libm_a-math_err.o)
                0x0000000008010d9a                __math_oflow
 *(.glue_7)
 .glue_7        0x0000000008010dac        0x0 linker stubs
 *(.glue_7t)
 .glue_7t       0x0000000008010dac        0x0 linker stubs
 *(.eh_frame)
 .eh_frame      0x0000000008010dac        0x0 C:/ST/STM32CubeIDE_1.12.0/STM32CubeIDE/plugins/com.st.stm32cube.ide.mcu.externaltools.gnu-tools-for-stm32.11.3.rel1.win32_1.1.0.202305231506/tools/bin/../lib/gcc/arm-none-eabi/11.3.1/thumb/v7e-m+fp/hard/crtbegin.o
 *(.init)
 .init          0x0000000008010dac        0x4 C:/ST/STM32CubeIDE_1.12.0/STM32CubeIDE/plugins/com.st.stm32cube.ide.mcu.externaltools.gnu-tools-for-stm32.11.3.rel1.win32_1.1.0.202305231506/tools/bin/../lib/gcc/arm-none-eabi/11.3.1/thumb/v7e-m+fp/hard/crti.o
                0x0000000008010dac                _init
 .init          0x0000000008010db0        0x8 C:/ST/STM32CubeIDE_1.12.0/STM32CubeIDE/plugins/com.st.stm32cube.ide.mcu.externaltools.gnu-tools-for-stm32.11.3.rel1.win32_1.1.0.202305231506/tools/bin/../lib/gcc/arm-none-eabi/11.3.1/thumb/v7e-m+fp/hard/crtn.o
 *(.fini)
 .fini          0x0000000008010db8        0x4 C:/ST/STM32CubeIDE_1.12.0/STM32CubeIDE/plugins/com.st.stm32cube.ide.mcu.externaltools.gnu-tools-for-stm32.11.3.rel1.win32_1.1.0.202305231506/tools/bin/../lib/gcc/arm-none-eabi/11.3.1/thumb/v7e-m+fp/hard/crti.o
                0x0000000008010db8                _fini
 .fini          0x0000000008010dbc        0x8 C:/ST/STM32CubeIDE_1.12.0/STM32CubeIDE/plugins/com.st.stm32cube.ide.mcu.externaltools.gnu-tools-for-stm32.11.3.rel1.win32_1.1.0.202305231506/tools/bin/../lib/gcc/arm-none-eabi/11.3.1/thumb/v7e-m+fp/hard/crtn.o
                0x0000000008010dc4                . = ALIGN (0x4)
                0x0000000008010dc4                _etext = .

.vfp11_veneer   0x0000000008010dc4        0x0
 .vfp11_veneer  0x0000000008010dc4        0x0 linker stubs

.v4_bx          0x0000000008010dc4        0x0
 .v4_bx         0x0000000008010dc4        0x0 linker stubs

.iplt           0x0000000008010dc4        0x0
 .iplt          0x0000000008010dc4        0x0 C:/ST/STM32CubeIDE_1.12.0/STM32CubeIDE/plugins/com.st.stm32cube.ide.mcu.externaltools.gnu-tools-for-stm32.11.3.rel1.win32_1.1.0.202305231506/tools/bin/../lib/gcc/arm-none-eabi/11.3.1/thumb/v7e-m+fp/hard/crtbegin.o

.rodata         0x0000000008010dc8      0x1b0
                0x0000000008010dc8                . = ALIGN (0x4)
 *(.rodata)
 .rodata        0x0000000008010dc8      0x120 ./Core/Src/freertos.o
 .rodata        0x0000000008010ee8        0x1 ./Middlewares/Third_Party/FreeRTOS/Source/CMSIS_RTOS/cmsis_os.o
 *fill*         0x0000000008010ee9        0x3 
 .rodata        0x0000000008010eec        0x5 ./Middlewares/Third_Party/FreeRTOS/Source/tasks.o
 *fill*         0x0000000008010ef1        0x3 
 .rodata        0x0000000008010ef4        0xd ./Middlewares/Third_Party/FreeRTOS/Source/timers.o
 *(.rodata*)
 *fill*         0x0000000008010f01        0x3 
 .rodata.ShoreLength
                0x0000000008010f04        0x6 ./Core/Src/communication.o
                0x0000000008010f04                ShoreLength
 *fill*         0x0000000008010f0a        0x2 
 .rodata.ShoreCodes
                0x0000000008010f0c        0x3 ./Core/Src/communication.o
                0x0000000008010f0c                ShoreCodes
 *fill*         0x0000000008010f0f        0x1 
 .rodata.AHBPrescTable
                0x0000000008010f10       0x10 ./Core/Src/system_stm32f3xx.o
                0x0000000008010f10                AHBPrescTable
 .rodata.APBPrescTable
                0x0000000008010f20        0x8 ./Core/Src/system_stm32f3xx.o
                0x0000000008010f20                APBPrescTable
 .rodata.aPLLMULFactorTable
                0x0000000008010f28       0x10 ./Drivers/STM32F3xx_HAL_Driver/Src/stm32f3xx_hal_rcc.o
 .rodata.aPredivFactorTable
                0x0000000008010f38       0x10 ./Drivers/STM32F3xx_HAL_Driver/Src/stm32f3xx_hal_rcc.o
 .rodata.halF   0x0000000008010f48       0x10 C:/ST/STM32CubeIDE_1.12.0/STM32CubeIDE/plugins/com.st.stm32cube.ide.mcu.externaltools.gnu-tools-for-stm32.11.3.rel1.win32_1.1.0.202305231506/tools/bin/../lib/gcc/arm-none-eabi/11.3.1/../../../../arm-none-eabi/lib/thumb/v7e-m+fp/hard\libm.a(libm_a-e_exp.o)
 .rodata.ln2HI  0x0000000008010f58       0x10 C:/ST/STM32CubeIDE_1.12.0/STM32CubeIDE/plugins/com.st.stm32cube.ide.mcu.externaltools.gnu-tools-for-stm32.11.3.rel1.win32_1.1.0.202305231506/tools/bin/../lib/gcc/arm-none-eabi/11.3.1/../../../../arm-none-eabi/lib/thumb/v7e-m+fp/hard\libm.a(libm_a-e_exp.o)
 .rodata.ln2LO  0x0000000008010f68       0x10 C:/ST/STM32CubeIDE_1.12.0/STM32CubeIDE/plugins/com.st.stm32cube.ide.mcu.externaltools.gnu-tools-for-stm32.11.3.rel1.win32_1.1.0.202305231506/tools/bin/../lib/gcc/arm-none-eabi/11.3.1/../../../../arm-none-eabi/lib/thumb/v7e-m+fp/hard\libm.a(libm_a-e_exp.o)
                0x0000000008010f78                . = ALIGN (0x4)

.ARM.extab      0x0000000008010f78        0x0
                0x0000000008010f78                . = ALIGN (0x4)
 *(.ARM.extab* .gnu.linkonce.armextab.*)
                0x0000000008010f78                . = ALIGN (0x4)

.ARM            0x0000000008010f78        0x8
                0x0000000008010f78                . = ALIGN (0x4)
                0x0000000008010f78                __exidx_start = .
 *(.ARM.exidx*)
 .ARM.exidx     0x0000000008010f78        0x8 C:/ST/STM32CubeIDE_1.12.0/STM32CubeIDE/plugins/com.st.stm32cube.ide.mcu.externaltools.gnu-tools-for-stm32.11.3.rel1.win32_1.1.0.202305231506/tools/bin/../lib/gcc/arm-none-eabi/11.3.1/thumb/v7e-m+fp/hard\libgcc.a(_udivmoddi4.o)
                0x0000000008010f80                __exidx_end = .
                0x0000000008010f80                . = ALIGN (0x4)

.rel.dyn        0x0000000008010f80        0x0
 .rel.iplt      0x0000000008010f80        0x0 C:/ST/STM32CubeIDE_1.12.0/STM32CubeIDE/plugins/com.st.stm32cube.ide.mcu.externaltools.gnu-tools-for-stm32.11.3.rel1.win32_1.1.0.202305231506/tools/bin/../lib/gcc/arm-none-eabi/11.3.1/thumb/v7e-m+fp/hard/crtbegin.o

.preinit_array  0x0000000008010f80        0x0
                0x0000000008010f80                . = ALIGN (0x4)
                0x0000000008010f80                PROVIDE (__preinit_array_start = .)
 *(.preinit_array*)
                0x0000000008010f80                PROVIDE (__preinit_array_end = .)
                0x0000000008010f80                . = ALIGN (0x4)

.init_array     0x0000000008010f80        0x4
                0x0000000008010f80                . = ALIGN (0x4)
                0x0000000008010f80                PROVIDE (__init_array_start = .)
 *(SORT_BY_NAME(.init_array.*))
 *(.init_array*)
 .init_array    0x0000000008010f80        0x4 C:/ST/STM32CubeIDE_1.12.0/STM32CubeIDE/plugins/com.st.stm32cube.ide.mcu.externaltools.gnu-tools-for-stm32.11.3.rel1.win32_1.1.0.202305231506/tools/bin/../lib/gcc/arm-none-eabi/11.3.1/thumb/v7e-m+fp/hard/crtbegin.o
                0x0000000008010f84                PROVIDE (__init_array_end = .)
                0x0000000008010f84                . = ALIGN (0x4)

.fini_array     0x0000000008010f84        0x4
                0x0000000008010f84                . = ALIGN (0x4)
                [!provide]                        PROVIDE (__fini_array_start = .)
 *(SORT_BY_NAME(.fini_array.*))
 *(.fini_array*)
 .fini_array    0x0000000008010f84        0x4 C:/ST/STM32CubeIDE_1.12.0/STM32CubeIDE/plugins/com.st.stm32cube.ide.mcu.externaltools.gnu-tools-for-stm32.11.3.rel1.win32_1.1.0.202305231506/tools/bin/../lib/gcc/arm-none-eabi/11.3.1/thumb/v7e-m+fp/hard/crtbegin.o
                [!provide]                        PROVIDE (__fini_array_end = .)
                0x0000000008010f88                . = ALIGN (0x4)
                0x0000000008010f88                _sidata = LOADADDR (.data)

.data           0x0000000020000000      0x114 load address 0x0000000008010f88
                0x0000000020000000                . = ALIGN (0x4)
                0x0000000020000000                _sdata = .
 *(.data)
 *(.data*)
 .data.RES_DEVICE_COMM
                0x0000000020000000        0x1 ./Core/Src/MS5837.o
                0x0000000020000000                RES_DEVICE_COMM
 .data.CONVERT_D1_COMM
                0x0000000020000001        0x1 ./Core/Src/MS5837.o
                0x0000000020000001                CONVERT_D1_COMM
 .data.CONVERT_D2_COMM
                0x0000000020000002        0x1 ./Core/Src/MS5837.o
                0x0000000020000002                CONVERT_D2_COMM
 *fill*         0x0000000020000003        0x1 
 .data.MS5837_conv_start_tick
                0x0000000020000004        0x4 ./Core/Src/MS5837.o
                0x0000000020000004                MS5837_conv_start_tick
 .data.ImuRequestBuffer
                0x0000000020000008       0x1b ./Core/Src/global.o
                0x0000000020000008                ImuRequestBuffer
 *fill*         0x0000000020000023        0x1 
 .data.ImuStartRequestBuffer
                0x0000000020000024       0x14 ./Core/Src/global.o
                0x0000000020000024                ImuStartRequestBuffer
 .data.SystemCoreClock
                0x0000000020000038        0x4 ./Core/Src/system_stm32f3xx.o
                0x0000000020000038                SystemCoreClock
 .data.thrusters_max
                0x000000002000003c        0x1 ./Core/Src/thrusters.o
                0x000000002000003c                thrusters_max
 *fill*         0x000000002000003d        0x3 
 .data.KVMA     0x0000000020000040       0x78 ./Core/Src/thrusters.o
                0x0000000020000040                KVMA
 .data.uwTickPrio
                0x00000000200000b8        0x4 ./Drivers/STM32F3xx_HAL_Driver/Src/stm32f3xx_hal.o
                0x00000000200000b8                uwTickPrio
 .data.uwTickFreq
                0x00000000200000bc        0x1 ./Drivers/STM32F3xx_HAL_Driver/Src/stm32f3xx_hal.o
                0x00000000200000bc                uwTickFreq
 *fill*         0x00000000200000bd        0x3 
 .data.uxCriticalNesting
                0x00000000200000c0        0x4 ./Middlewares/Third_Party/FreeRTOS/Source/portable/GCC/ARM_CM4F/port.o
 .data._impure_data
                0x00000000200000c4       0x4c C:/ST/STM32CubeIDE_1.12.0/STM32CubeIDE/plugins/com.st.stm32cube.ide.mcu.externaltools.gnu-tools-for-stm32.11.3.rel1.win32_1.1.0.202305231506/tools/bin/../lib/gcc/arm-none-eabi/11.3.1/../../../../arm-none-eabi/lib/thumb/v7e-m+fp/hard\libc_nano.a(libc_a-impure.o)
                0x00000000200000c4                _impure_data
 .data._impure_ptr
                0x0000000020000110        0x4 C:/ST/STM32CubeIDE_1.12.0/STM32CubeIDE/plugins/com.st.stm32cube.ide.mcu.externaltools.gnu-tools-for-stm32.11.3.rel1.win32_1.1.0.202305231506/tools/bin/../lib/gcc/arm-none-eabi/11.3.1/../../../../arm-none-eabi/lib/thumb/v7e-m+fp/hard\libc_nano.a(libc_a-impure.o)
                0x0000000020000110                _impure_ptr
 *(.RamFunc)
 *(.RamFunc*)
                0x0000000020000114                . = ALIGN (0x4)
                0x0000000020000114                _edata = .
                0x000000000801109c                _siccmram = LOADADDR (.ccmram)

.igot.plt       0x0000000020000114        0x0 load address 0x000000000801109c
 .igot.plt      0x0000000020000114        0x0 C:/ST/STM32CubeIDE_1.12.0/STM32CubeIDE/plugins/com.st.stm32cube.ide.mcu.externaltools.gnu-tools-for-stm32.11.3.rel1.win32_1.1.0.202305231506/tools/bin/../lib/gcc/arm-none-eabi/11.3.1/thumb/v7e-m+fp/hard/crtbegin.o

.ccmram         0x0000000010000000        0x0 load address 0x000000000801109c
                0x0000000010000000                . = ALIGN (0x4)
                0x0000000010000000                _sccmram = .
 *(.ccmram)
 *(.ccmram*)
                0x0000000010000000                . = ALIGN (0x4)
                0x0000000010000000                _eccmram = .
                0x0000000010000000                . = ALIGN (0x4)

.bss            0x0000000020000118     0x2dc0
                0x0000000020000118                _sbss = .
                0x0000000020000118                __bss_start__ = _sbss
 *(.bss)
 .bss           0x0000000020000118       0x1c C:/ST/STM32CubeIDE_1.12.0/STM32CubeIDE/plugins/com.st.stm32cube.ide.mcu.externaltools.gnu-tools-for-stm32.11.3.rel1.win32_1.1.0.202305231506/tools/bin/../lib/gcc/arm-none-eabi/11.3.1/thumb/v7e-m+fp/hard/crtbegin.o
 *(.bss*)
 .bss.MS5837_hi2c
                0x0000000020000134        0x4 ./Core/Src/MS5837.o
                0x0000000020000134                MS5837_hi2c
 .bss.ADC_READ_COMM
                0x0000000020000138        0x1 ./Core/Src/MS5837.o
                0x0000000020000138                ADC_READ_COMM
 *fill*         0x0000000020000139        0x7 
 .bss.C         0x0000000020000140       0x38 ./Core/Src/MS5837.o
                0x0000000020000140                C
 .bss.D1        0x0000000020000178        0x8 ./Core/Src/MS5837.o
                0x0000000020000178                D1
 .bss.D2        0x0000000020000180        0x8 ./Core/Src/MS5837.o
                0x0000000020000180                D2
 .bss.presure   0x0000000020000188        0x4 ./Core/Src/MS5837.o
                0x0000000020000188                presure
 .bss.initial_pressure
                0x000000002000018c        0x4 ./Core/Src/MS5837.o
                0x000000002000018c                initial_pressure
 .bss.adc_buff  0x0000000020000190        0x3 ./Core/Src/MS5837.o
                0x0000000020000190                adc_buff
 .bss.MS5837_I2C_State
                0x0000000020000193        0x1 ./Core/Src/MS5837.o