Archive member included to satisfy reference by file (symbol)

C:/ST/STM32CubeIDE_1.12.0/STM32CubeIDE/plugins/com.st.stm32cube.ide.mcu.externaltools.gnu-tools-for-stm32.11.3.rel1.win32_1.1.0.202305231506/tools/bin/../lib/gcc/arm-none-eabi/11.3.1/../../../../arm-none-eabi/lib/thumb/v7e-m+fp/hard\libc_nano.a(libc_a-exit.o)
                              C:/ST/STM32CubeIDE_1.12.0/STM32CubeIDE/plugins/com.st.stm32cube.ide.mcu.externaltools.gnu-tools-for-stm32.11.3.rel1.win32_1.1.0.202305231506/tools/bin/../lib/gcc/arm-none-eabi/11.3.1/../../../../arm-none-eabi/lib/thumb/v7e-m+fp/hard/crt0.o (exit)
C:/ST/STM32CubeIDE_1.12.0/STM32CubeIDE/plugins/com.st.stm32cube.ide.mcu.externaltools.gnu-tools-for-stm32.11.3.rel1.win32_1.1.0.202305231506/tools/bin/../lib/gcc/arm-none-eabi/11.3.1/../../../../arm-none-eabi/lib/thumb/v7e-m+fp/hard\libc_nano.a(libc_a-qsort.o)
                              ./Core/Src/MS5837.o (qsort)
C:/ST/STM32CubeIDE_1.12.0/STM32CubeIDE/plugins/com.st.stm32cube.ide.mcu.externaltools.gnu-tools-for-stm32.11.3.rel1.win32_1.1.0.202305231506/tools/bin/../lib/gcc/arm-none-eabi/11.3.1/../../../../arm-none-eabi/lib/thumb/v7e-m+fp/hard\libc_nano.a(libc_a-findfp.o)
                              ./Middlewares/Third_Party/FreeRTOS/Source/tasks.o (__sf)
C:/ST/STM32CubeIDE_1.12.0/STM32CubeIDE/plugins/com.st.stm32cube.ide.mcu.externaltools.gnu-tools-for-stm32.11.3.rel1.win32_1.1.0.202305231506/tools/bin/../lib/gcc/arm-none-eabi/11.3.1/../../../../arm-none-eabi/lib/thumb/v7e-m+fp/hard\libc_nano.a(libc_a-fwalk.o)
                              C:/ST/STM32CubeIDE_1.12.0/STM32CubeIDE/plugins/com.st.stm32cube.ide.mcu.externaltools.gnu-tools-for-stm32.11.3.rel1.win32_1.1.0.202305231506/tools/bin/../lib/gcc/arm-none-eabi/11.3.1/../../../../arm-none-eabi/lib/thumb/v7e-m+fp/hard\libc_nano.a(libc_a-findfp.o) (_fwalk_sglue)
C:/ST/STM32CubeIDE_1.12.0/STM32CubeIDE/plugins/com.st.stm32cube.ide.mcu.externaltools.gnu-tools-for-stm32.11.3.rel1.win32_1.1.0.202305231506/tools/bin/../lib/gcc/arm-none-eabi/11.3.1/../../../../arm-none-eabi/lib/thumb/v7e-m+fp/hard\libc_nano.a(libc_a-stdio.o)
                              C:/ST/STM32CubeIDE_1.12.0/STM32CubeIDE/plugins/com.st.stm32cube.ide.mcu.externaltools.gnu-tools-for-stm32.11.3.rel1.win32_1.1.0.202305231506/tools/bin/../lib/gcc/arm-none-eabi/11.3.1/../../../../arm-none-eabi/lib/thumb/v7e-m+fp/hard\libc_nano.a(libc_a-findfp.o) (__sread)
C:/ST/STM32CubeIDE_1.12.0/STM32CubeIDE/plugins/com.st.stm32cube.ide.mcu.externaltools.gnu-tools-for-stm32.11.3.rel1.win32_1.1.0.202305231506/tools/bin/../lib/gcc/arm-none-eabi/11.3.1/../../../../arm-none-eabi/lib/thumb/v7e-m+fp/hard\libc_nano.a(libc_a-memset.o)
                              C:/ST/STM32CubeIDE_1.12.0/STM32CubeIDE/plugins/com.st.stm32cube.ide.mcu.externaltools.gnu-tools-for-stm32.11.3.rel1.win32_1.1.0.202305231506/tools/bin/../lib/gcc/arm-none-eabi/11.3.1/../../../../arm-none-eabi/lib/thumb/v7e-m+fp/hard/crt0.o (memset)
C:/ST/STM32CubeIDE_1.12.0/STM32CubeIDE/plugins/com.st.stm32cube.ide.mcu.externaltools.gnu-tools-for-stm32.11.3.rel1.win32_1.1.0.202305231506/tools/bin/../lib/gcc/arm-none-eabi/11.3.1/../../../../arm-none-eabi/lib/thumb/v7e-m+fp/hard\libc_nano.a(libc_a-closer.o)
                              C:/ST/STM32CubeIDE_1.12.0/STM32CubeIDE/plugins/com.st.stm32cube.ide.mcu.externaltools.gnu-tools-for-stm32.11.3.rel1.win32_1.1.0.202305231506/tools/bin/../lib/gcc/arm-none-eabi/11.3.1/../../../../arm-none-eabi/lib/thumb/v7e-m+fp/hard\libc_nano.a(libc_a-stdio.o) (_close_r)
C:/ST/STM32CubeIDE_1.12.0/STM32CubeIDE/plugins/com.st.stm32cube.ide.mcu.externaltools.gnu-tools-for-stm32.11.3.rel1.win32_1.1.0.202305231506/tools/bin/../lib/gcc/arm-none-eabi/11.3.1/../../../../arm-none-eabi/lib/thumb/v7e-m+fp/hard\libc_nano.a(libc_a-reent.o)
                              ./Middlewares/Third_Party/FreeRTOS/Source/tasks.o (_reclaim_reent)
C:/ST/STM32CubeIDE_1.12.0/STM32CubeIDE/plugins/com.st.stm32cube.ide.mcu.externaltools.gnu-tools-for-stm32.11.3.rel1.win32_1.1.0.202305231506/tools/bin/../lib/gcc/arm-none-eabi/11.3.1/../../../../arm-none-eabi/lib/thumb/v7e-m+fp/hard\libc_nano.a(libc_a-impure.o)
                              ./Middlewares/Third_Party/FreeRTOS/Source/tasks.o (_impure_ptr)
C:/ST/STM32CubeIDE_1.12.0/STM32CubeIDE/plugins/com.st.stm32cube.ide.mcu.externaltools.gnu-tools-for-stm32.11.3.rel1.win32_1.1.0.202305231506/tools/bin/../lib/gcc/arm-none-eabi/11.3.1/../../../../arm-none-eabi/lib/thumb/v7e-m+fp/hard\libc_nano.a(libc_a-lseekr.o)
                              C:/ST/STM32CubeIDE_1.12.0/STM32CubeIDE/plugins/com.st.stm32cube.ide.mcu.externaltools.gnu-tools-for-stm32.11.3.rel1.win32_1.1.0.202305231506/tools/bin/../lib/gcc/arm-none-eabi/11.3.1/../../../../arm-none-eabi/lib/thumb/v7e-m+fp/hard\libc_nano.a(libc_a-stdio.o) (_lseek_r)
[...]
Memory Configuration

Name             Origin             Length             Attributes
CCMRAM           0x0000000010000000 0x0000000000002000 xrw
RAM              0x0000000020000000 0x000000000000a000 xrw
FLASH            0x0000000008000000 0x0000000000040000 xr
*default*        0x0000000000000000 0xffffffffffffffff

Linker script and memory map

LOAD C:/ST/STM32CubeIDE_1.12.0/STM32CubeIDE/plugins/com.st.stm32cube.ide.mcu.externaltools.gnu-tools-for-stm32.11.3.rel1.win32_1.1.0.202305231506/tools/bin/../lib/gcc/arm-none-eabi/11.3.1/thumb/v7e-m+fp/hard/crti.o
LOAD C:/ST/STM32CubeIDE_1.12.0/STM32CubeIDE/plugins/com.st.stm32cube.ide.mcu.externaltools.gnu-tools-for-stm32.11.3.rel1.win32_1.1.0.202305231506/tools/bin/../lib/gcc/arm-none-eabi/11.3.1/thumb/v7e-m+fp/hard/crtbegin.o
LOAD C:/ST/STM32CubeIDE_1.12.0/STM32CubeIDE/plugins/com.st.stm32cube.ide.mcu.externaltools.gnu-tools-for-stm32.11.3.rel1.win32_1.1.0.202305231506/tools/bin/../lib/gcc/arm-none-eabi/11.3.1/../../../../arm-none-eabi/lib/thumb/v7e-m+fp/hard/crt0.o
LOAD ./Core/Src/FreeRTOSTick.o
LOAD ./Core/Src/MS5837.o
LOAD ./Core/Src/checksum.o
LOAD ./Core/Src/communication.o
LOAD ./Core/Src/dma.o
LOAD ./Core/Src/flash.o
LOAD ./Core/Src/freertos.o
LOAD ./Core/Src/global.o
LOAD ./Core/Src/gpio.o
LOAD ./Core/Src/i2c.o
LOAD ./Core/Src/main.o
LOAD ./Core/Src/stabilization.o
LOAD ./Core/Src/stm32f3xx_hal_msp.o
LOAD ./Core/Src/stm32f3xx_hal_timebase_tim.o
LOAD ./Core/Src/stm32f3xx_it.o
LOAD ./Core/Src/syscalls.o
LOAD ./Core/Src/sysmem.o
LOAD ./Core/Src/system_stm32f3xx.o
LOAD ./Core/Src/thrusters.o
LOAD ./Core/Src/tim.o
LOAD ./Core/Src/usart.o
LOAD ./Core/Startup/startup_stm32f303vctx.o
LOAD ./Drivers/STM32F3xx_HAL_Driver/Src/stm32f3xx_hal.o
LOAD ./Drivers/STM32F3xx_HAL_Driver/Src/stm32f3xx_hal_cortex.o
LOAD ./Drivers/STM32F3xx_HAL_Driver/Src/stm32f3xx_hal_dma.o
LOAD ./Drivers/STM32F3xx_HAL_Driver/Src/stm32f3xx_hal_exti.o
LOAD ./Drivers/STM32F3xx_HAL_Driver/Src/stm32f3xx_hal_flash.o
LOAD ./Drivers/STM32F3xx_HAL_Driver/Src/stm32f3xx_hal_flash_ex.o
LOAD ./Drivers/STM32F3xx_HAL_Driver/Src/stm32f3xx_hal_gpio.o
LOAD ./Drivers/STM32F3xx_HAL_Driver/Src/stm32f3xx_hal_i2c.o
LOAD ./Drivers/STM32F3xx_HAL_Driver/Src/stm32f3xx_hal_i2c_ex.o
LOAD ./Drivers/STM32F3xx_HAL_Driver/Src/stm32f3xx_hal_pwr.o
LOAD ./Drivers/STM32F3xx_HAL_Driver/Src/stm32f3xx_hal_pwr_ex.o
LOAD ./Drivers/STM32F3xx_HAL_Driver/Src/stm32f3xx_hal_rcc.o
LOAD ./Drivers/STM32F3xx_HAL_Driver/Src/stm32f3xx_hal_rcc_ex.o
LOAD ./Drivers/STM32F3xx_HAL_Driver/Src/stm32f3xx_hal_tim.o
LOAD ./Drivers/STM32F3xx_HAL_Driver/Src/stm32f3xx_hal_tim_ex.o
LOAD ./Drivers/STM32F3xx_HAL_Driver/Src/stm32f3xx_hal_uart.o
LOAD ./Drivers/STM32F3xx_HAL_Driver/Src/stm32f3xx_hal_uart_ex.o
LOAD ./Middlewares/Third_Party/FreeRTOS/Source/CMSIS_RTOS/cmsis_os.o
LOAD ./Middlewares/Third_Party/FreeRTOS/Source/croutine.o
LOAD ./Middlewares/Third_Party/FreeRTOS/Source/event_groups.o
LOAD ./Middlewares/Third_Party/FreeRTOS/Source/list.o
LOAD ./Middlewares/Third_Party/FreeRTOS/Source/queue.o
LOAD ./Middlewares/Third_Party/FreeRTOS/Source/stream_buffer.o
LOAD ./Middlewares/Third_Party/FreeRTOS/Source/tasks.o
LOAD ./Middlewares/Third_Party/FreeRTOS/Source/timers.o
LOAD ./Middlewares/Third_Party/FreeRTOS/Source/portable/GCC/ARM_CM4F/port.o
LOAD ./Middlewares/Third_Party/FreeRTOS/Source/portable/MemMang/heap_4.o
START GROUP
LOAD C:/ST/STM32CubeIDE_1.12.0/STM32CubeIDE/plugins/com.st.stm32cube.ide.mcu.externaltools.gnu-tools-for-stm32.11.3.rel1.win32_1.1.0.202305231506/tools/bin/../lib/gcc/arm-none-eabi/11.3.1/../../../../arm-none-eabi/lib/thumb/v7e-m+fp/hard\libc_nano.a
LOAD C:/ST/STM32CubeIDE_1.12.0/STM32CubeIDE/plugins/com.st.stm32cube.ide.mcu.externaltools.gnu-tools-for-stm32.11.3.rel1.win32_1.1.0.202305231506/tools/bin/../lib/gcc/arm-none-eabi/11.3.1/../../../../arm-none-eabi/lib/thumb/v7e-m+fp/hard\libm.a
END GROUP
START GROUP
LOAD C:/ST/STM32CubeIDE_1.12.0/STM32CubeIDE/plugins/com.st.stm32cube.ide.mcu.externaltools.gnu-tools-for-stm32.11.3.rel1.win32_1.1.0.202305231506/tools/bin/../lib/gcc/arm-none-eabi/11.3.1/thumb/v7e-m+fp/hard\libgcc.a
LOAD C:/ST/STM32CubeIDE_1.12.0/STM32CubeIDE/plugins/com.st.stm32cube.ide.mcu.externaltools.gnu-tools-for-stm32.11.3.rel1.win32_1.1.0.202305231506/tools/bin/../lib/gcc/arm-none-eabi/11.3.1/../../../../arm-none-eabi/lib/thumb/v7e-m+fp/hard\libc_nano.a
END GROUP
START GROUP
LOAD C:/ST/STM32CubeIDE_1.12.0/STM32CubeIDE/plugins/com.st.stm32cube.ide.mcu.externaltools.gnu-tools-for-stm32.11.3.rel1.win32_1.1.0.202305231506/tools/bin/../lib/gcc/arm-none-eabi/11.3.1/thumb/v7e-m+fp/hard\libgcc.a
LOAD C:/ST/STM32CubeIDE_1.12.0/STM32CubeIDE/plugins/com.st.stm32cube.ide.mcu.externaltools.gnu-tools-for-stm32.11.3.rel1.win32_1.1.0.202305231506/tools/bin/../lib/gcc/arm-none-eabi/11.3.1/../../../../arm-none-eabi/lib/thumb/v7e-m+fp/hard\libc_nano.a
LOAD C:/ST/STM32CubeIDE_1.12.0/STM32CubeIDE/plugins/com.st.stm32cube.ide.mcu.externaltools.gnu-tools-for-stm32.11.3.rel1.win32_1.1.0.202305231506/tools/bin/../lib/gcc/arm-none-eabi/11.3.1/../../../../arm-none-eabi/lib/thumb/v7e-m+fp/hard\libnosys.a
END GROUP
START GROUP
LOAD C:/ST/STM32CubeIDE_1.12.0/STM32CubeIDE/plugins/com.st.stm32cube.ide.mcu.externaltools.gnu-tools-for-stm32.11.3.rel1.win32_1.1.0.202305231506/tools/bin/../lib/gcc/arm-none-eabi/11.3.1/thumb/v7e-m+fp/hard\libgcc.a
LOAD C:/ST/STM32CubeIDE_1.12.0/STM32CubeIDE/plugins/com.st.stm32cube.ide.mcu.externaltools.gnu-tools-for-stm32.11.3.rel1.win32_1.1.0.202305231506/tools/bin/../lib/gcc/arm-none-eabi/11.3.1/../../../../arm-none-eabi/lib/thumb/v7e-m+fp/hard\libc_nano.a
LOAD C:/ST/STM32CubeIDE_1.12.0/STM32CubeIDE/plugins/com.st.stm32cube.ide.mcu.externaltools.gnu-tools-for-stm32.11.3.rel1.win32_1.1.0.202305231506/tools/bin/../lib/gcc/arm-none-eabi/11.3.1/../../../../arm-none-eabi/lib/thumb/v7e-m+fp/hard\libnosys.a
END GROUP
LOAD C:/ST/STM32CubeIDE_1.12.0/STM32CubeIDE/plugins/com.st.stm32cube.ide.mcu.externaltools.gnu-tools-for-stm32.11.3.rel1.win32_1.1.0.202305231506/tools/bin/../lib/gcc/arm-none-eabi/11.3.1/thumb/v7e-m+fp/hard/crtend.o
LOAD C:/ST/STM32CubeIDE_1.12.0/STM32CubeIDE/plugins/com.st.stm32cube.ide.mcu.externaltools.gnu-tools-for-stm32.11.3.rel1.win32_1.1.0.202305231506/tools/bin/../lib/gcc/arm-none-eabi/11.3.1/thumb/v7e-m+fp/hard/crtn.o
                0x000000002000a000                _estack = (ORIGIN (RAM) + LENGTH (RAM))
                0x0000000000000200                _Min_Heap_Size = 0x200
                0x0000000000000400                _Min_Stack_Size = 0x400

.isr_vector     0x0000000008000000      0x188
                0x0000000008000000                . = ALIGN (0x4)
 *(.isr_vector)
 .isr_vector    0x0000000008000000      0x188 ./Core/Startup/startup_stm32f303vctx.o
                0x0000000008000000                g_pfnVectors
                0x0000000008000188                . = ALIGN (0x4)

.text           0x0000000008000190    0x117a8
                0x0000000008000190                . = ALIGN (0x4)
 *(.text)
 .text          0x0000000008000190       0x40 C:/ST/STM32CubeIDE_1.12.0/STM32CubeIDE/plugins/com.st.stm32cube.ide.mcu.externaltools.gnu-tools-for-stm32.11.3.rel1.win32_1.1.0.202305231506/tools/bin/../lib/gcc/arm-none-eabi/11.3.1/thumb/v7e-m+fp/hard/crtbegin.o
 .text          0x00000000080001d0      0x378 C:/ST/STM32CubeIDE_1.12.0/STM32CubeIDE/plugins/com.st.stm32cube.ide.mcu.externaltools.gnu-tools-for-stm32.11.3.rel1.win32_1.1.0.202305231506/tools/bin/../lib/gcc/arm-none-eabi/11.3.1/thumb/v7e-m+fp/hard\libgcc.a(_arm_addsubdf3.o)
                0x00000000080001d0                __aeabi_drsub
                0x00000000080001d8                __aeabi_dsub
                0x00000000080001d8                __subdf3
                0x00000000080001dc                __aeabi_dadd
                0x00000000080001dc                __adddf3
                0x0000000008000454                __floatunsidf
                0x0000000008000454                __aeabi_ui2d
                0x0000000008000474                __floatsidf
                0x0000000008000474                __aeabi_i2d
                0x0000000008000498                __aeabi_f2d
                0x0000000008000498                __extendsfdf2
                0x00000000080004dc                __floatundidf
                0x00000000080004dc                __aeabi_ul2d
                0x00000000080004ec                __floatdidf
                0x00000000080004ec                __aeabi_l2d
 .text          0x0000000008000548      0x424 C:/ST/STM32CubeIDE_1.12.0/STM32CubeIDE/plugins/com.st.stm32cube.ide.mcu.externaltools.gnu-tools-for-stm32.11.3.rel1.win32_1.1.0.202305231506/tools/bin/../lib/gcc/arm-none-eabi/11.3.1/thumb/v7e-m+fp/hard\libgcc.a(_arm_muldivdf3.o)
                0x0000000008000548                __aeabi_dmul
                0x0000000008000548                __muldf3
                0x000000000800079c                __divdf3
                0x000000000800079c                __aeabi_ddiv
 .text          0x000000000800096c      0x110 C:/ST/STM32CubeIDE_1.12.0/STM32CubeIDE/plugins/com.st.stm32cube.ide.mcu.externaltools.gnu-tools-for-stm32.11.3.rel1.win32_1.1.0.202305231506/tools/bin/../lib/gcc/arm-none-eabi/11.3.1/thumb/v7e-m+fp/hard\libgcc.a(_arm_cmpdf2.o)
                0x000000000800096c                __gtdf2
                0x000000000800096c                __gedf2
                0x0000000008000974                __ltdf2
                0x0000000008000974                __ledf2
                0x000000000800097c                __nedf2
                0x000000000800097c                __eqdf2
                0x000000000800097c                __cmpdf2
                0x00000000080009f8                __aeabi_cdrcmple
                0x0000000008000a08                __aeabi_cdcmpeq
                0x0000000008000a08                __aeabi_cdcmple
                0x0000000008000a18                __aeabi_dcmpeq
                0x0000000008000a2c                __aeabi_dcmplt
                0x0000000008000a40                __aeabi_dcmple
                0x0000000008000a54                __aeabi_dcmpge
                0x0000000008000a68                __aeabi_dcmpgt
 .text          0x0000000008000a7c       0x50 C:/ST/STM32CubeIDE_1.12.0/STM32CubeIDE/plugins/com.st.stm32cube.ide.mcu.externaltools.gnu-tools-for-stm32.11.3.rel1.win32_1.1.0.202305231506/tools/bin/../lib/gcc/arm-none-eabi/11.3.1/thumb/v7e-m+fp/hard\libgcc.a(_arm_fixdfsi.o)
                0x0000000008000a7c                __aeabi_d2iz
                0x0000000008000a7c                __fixdfsi
 .text          0x0000000008000acc       0xa0 C:/ST/STM32CubeIDE_1.12.0/STM32CubeIDE/plugins/com.st.stm32cube.ide.mcu.externaltools.gnu-tools-for-stm32.11.3.rel1.win32_1.1.0.202305231506/tools/bin/../lib/gcc/arm-none-eabi/11.3.1/thumb/v7e-m+fp/hard\libgcc.a(_arm_truncdfsf2.o)
                0x0000000008000acc                __truncdfsf2
                0x0000000008000acc                __aeabi_d2f
 .text          0x0000000008000b6c       0xa0 C:/ST/STM32CubeIDE_1.12.0/STM32CubeIDE/plugins/com.st.stm32cube.ide.mcu.externaltools.gnu-tools-for-stm32.11.3.rel1.win32_1.1.0.202305231506/tools/bin/../lib/gcc/arm-none-eabi/11.3.1/thumb/v7e-m+fp/hard\libgcc.a(_aeabi_ldivmod.o)
                0x0000000008000b6c                __aeabi_ldivmod
 .text          0x0000000008000c0c       0x30 C:/ST/STM32CubeIDE_1.12.0/STM32CubeIDE/plugins/com.st.stm32cube.ide.mcu.externaltools.gnu-tools-for-stm32.11.3.rel1.win32_1.1.0.202305231506/tools/bin/../lib/gcc/arm-none-eabi/11.3.1/thumb/v7e-m+fp/hard\libgcc.a(_aeabi_uldivmod.o)
                0x0000000008000c0c                __aeabi_uldivmod
 .text          0x0000000008000c3c       0x30 C:/ST/STM32CubeIDE_1.12.0/STM32CubeIDE/plugins/com.st.stm32cube.ide.mcu.externaltools.gnu-tools-for-stm32.11.3.rel1.win32_1.1.0.202305231506/tools/bin/../lib/gcc/arm-none-eabi/11.3.1/thumb/v7e-m+fp/hard\libgcc.a(_fixdfdi.o)
                0x0000000008000c3c                __fixdfdi
                0x0000000008000c3c                __aeabi_d2lz
 .text          0x0000000008000c6c       0x3c C:/ST/STM32CubeIDE_1.12.0/STM32CubeIDE/plugins/com.st.stm32cube.ide.mcu.externaltools.gnu-tools-for-stm32.11.3.rel1.win32_1.1.0.202305231506/tools/bin/../lib/gcc/arm-none-eabi/11.3.1/thumb/v7e-m+fp/hard\libgcc.a(_fixunsdfdi.o)
                0x0000000008000c6c                __fixunsdfdi
                0x0000000008000c6c                __aeabi_d2ulz
 .text          0x0000000008000ca8      0x2c8 C:/ST/STM32CubeIDE_1.12.0/STM32CubeIDE/plugins/com.st.stm32cube.ide.mcu.externaltools.gnu-tools-for-stm32.11.3.rel1.win32_1.1.0.202305231506/tools/bin/../lib/gcc/arm-none-eabi/11.3.1/thumb/v7e-m+fp/hard\libgcc.a(_udivmoddi4.o)
                0x0000000008000ca8                __udivmoddi4
 .text          0x0000000008000f70        0x4 C:/ST/STM32CubeIDE_1.12.0/STM32CubeIDE/plugins/com.st.stm32cube.ide.mcu.externaltools.gnu-tools-for-stm32.11.3.rel1.win32_1.1.0.202305231506/tools/bin/../lib/gcc/arm-none-eabi/11.3.1/thumb/v7e-m+fp/hard\libgcc.a(_dvmd_tls.o)
                0x0000000008000f70                __aeabi_idiv0
                0x0000000008000f70                __aeabi_ldiv0
 .text          0x0000000008000f74       0x40 C:/ST/STM32CubeIDE_1.12.0/STM32CubeIDE/plugins/com.st.stm32cube.ide.mcu.externaltools.gnu-tools-for-stm32.11.3.rel1.win32_1.1.0.202305231506/tools/bin/../lib/gcc/arm-none-eabi/11.3.1/thumb/v7e-m+fp/hard\libgcc.a(_arm_fixunsdfsi.o)
                0x0000000008000f74                __aeabi_d2uiz
                0x0000000008000f74                __fixunsdfsi
 *(.text*)
 .text.fromTickToMs
                0x0000000008000fb4       0x38 ./Core/Src/FreeRTOSTick.o
                0x0000000008000fb4                fromTickToMs
 .text.cmp      0x0000000008000fec       0x20 ./Core/Src/MS5837.o
                0x0000000008000fec                cmp
 .text.MS5837_02BA_init
                0x000000000800100c       0xac ./Core/Src/MS5837.o
                0x000000000800100c                MS5837_02BA_init
 .text.MS5837_02BA_get_actual_pressure
                0x00000000080010b8       0x94 ./Core/Src/MS5837.o
                0x00000000080010b8                MS5837_02BA_get_actual_pressure
 .text.init_new_convertion
                0x000000000800114c       0x28 ./Core/Src/MS5837.o
                0x000000000800114c                init_new_convertion
 .text.MS5837_I2C_MasterRxCplt
                0x0000000008001174       0xa0 ./Core/Src/MS5837.o
                0x0000000008001174                MS5837_I2C_MasterRxCplt
 .text.MS5837_I2C_MasterTxCplt
                0x0000000008001214       0x94 ./Core/Src/MS5837.o
                0x0000000008001214                MS5837_I2C_MasterTxCplt
 .text.MS5837_02BA_check_pressure
                0x00000000080012a8      0x108 ./Core/Src/MS5837.o
                0x00000000080012a8                MS5837_02BA_check_pressure
 .text.MS5837_02BA_reset_pressure
                0x00000000080013b0       0x54 ./Core/Src/MS5837.o
                0x00000000080013b0                MS5837_02BA_reset_pressure
 *fill*         0x0000000008001404        0x4 
 .text.calculate
                0x0000000008001408      0x464 ./Core/Src/MS5837.o
                0x0000000008001408                calculate
 .text.GetCrc16Checksumm
                0x000000000800186c       0x7e ./Core/Src/checksum.o
                0x000000000800186c                GetCrc16Checksumm
 .text.IsCrc16ChecksummCorrect
                0x00000000080018ea       0x40 ./Core/Src/checksum.o
                0x00000000080018ea                IsCrc16ChecksummCorrect
 .text.AddCrc16Checksumm
                0x000000000800192a       0x32 ./Core/Src/checksum.o
                0x000000000800192a                AddCrc16Checksumm
 .text.IsChecksumm8bCorrect
                0x000000000800195c       0x5a ./Core/Src/checksum.o
                0x000000000800195c                IsChecksumm8bCorrect
 .text.AddChecksumm8b
                0x00000000080019b6       0x50 ./Core/Src/checksum.o
                0x00000000080019b6                AddChecksumm8b
 .text.IsChecksumm8bCorrectVma
                0x0000000008001a06       0x5a ./Core/Src/checksum.o
                0x0000000008001a06                IsChecksumm8bCorrectVma
 .text.AddChecksumm8bVma
                0x0000000008001a60       0x4c ./Core/Src/checksum.o
                0x0000000008001a60                AddChecksumm8bVma
 .text.PickBit  0x0000000008001aac       0xd4 ./Core/Src/checksum.o
                0x0000000008001aac                PickBit
 .text.variableInit
                0x0000000008001b80      0x140 ./Core/Src/communication.o
                0x0000000008001b80                variableInit
 .text.uartBusesInit
                0x0000000008001cc0      0x1fc ./Core/Src/communication.o
                0x0000000008001cc0                uartBusesInit
 .text.i2cBusesInit
                0x0000000008001ebc       0x1c ./Core/Src/communication.o
                0x0000000008001ebc                i2cBusesInit
 .text.transmitPackage
                0x0000000008001ed8       0xd4 ./Core/Src/communication.o
                0x0000000008001ed8                transmitPackage
 .text.transmitAndReceive
                0x0000000008001fac      0x11e ./Core/Src/communication.o
                0x0000000008001fac                transmitAndReceive
 *fill*         0x00000000080020ca        0x2 
 .text.HAL_UART_TxCpltCallback
                0x00000000080020cc       0x70 ./Core/Src/communication.o
                0x00000000080020cc                HAL_UART_TxCpltCallback
 .text.HAL_UART_RxCpltCallback
                0x000000000800213c       0x80 ./Core/Src/communication.o
                0x000000000800213c                HAL_UART_RxCpltCallback
 .text.HAL_I2C_MasterRxCpltCallback
                0x00000000080021bc       0x16 ./Core/Src/communication.o
                0x00000000080021bc                HAL_I2C_MasterRxCpltCallback
 .text.HAL_I2C_MasterTxCpltCallback
                0x00000000080021d2       0x16 ./Core/Src/communication.o
                0x00000000080021d2                HAL_I2C_MasterTxCpltCallback
 .text.ShoreReceive
                0x00000000080021e8       0xf8 ./Core/Src/communication.o
                0x00000000080021e8                ShoreReceive
 .text.DevicesRequestUpdate
                0x00000000080022e0       0x74 ./Core/Src/communication.o
                0x00000000080022e0                DevicesRequestUpdate
 .text.DevicesResponseUpdate
                0x0000000008002354       0xd0 ./Core/Src/communication.o
                0x0000000008002354                DevicesResponseUpdate
 .text.ShoreRequest
                0x0000000008002424      0x380 ./Core/Src/communication.o
                0x0000000008002424                ShoreRequest
 .text.ShoreConfigRequest
                0x00000000080027a4      0x2ec ./Core/Src/communication.o
                0x00000000080027a4                ShoreConfigRequest
 .text.ShoreDirectRequest
                0x0000000008002a90      0x16c ./Core/Src/communication.o
                0x0000000008002a90                ShoreDirectRequest
 .text.ShoreResponse
                0x0000000008002bfc       0x7c ./Core/Src/communication.o
                0x0000000008002bfc                ShoreResponse
 .text.ShoreConfigResponse
                0x0000000008002c78      0x1ec ./Core/Src/communication.o
                0x0000000008002c78                ShoreConfigResponse
 .text.ShoreDirectResponse
                0x0000000008002e64       0x34 ./Core/Src/communication.o
                0x0000000008002e64                ShoreDirectResponse
 .text.ImuReceive
                0x0000000008002e98      0x100 ./Core/Src/communication.o
                0x0000000008002e98                ImuReceive
 .text.calculateCRC
                0x0000000008002f98       0x8c ./Core/Src/communication.o
                0x0000000008002f98                calculateCRC
 .text.MX_DMA_Init
                0x0000000008003024       0x6c ./Core/Src/dma.o
                0x0000000008003024                MX_DMA_Init
 .text.flashReadSettings
                0x0000000008003090       0x48 ./Core/Src/flash.o
                0x0000000008003090                flashReadSettings
 .text.flashWriteSettings
                0x00000000080030d8       0x74 ./Core/Src/flash.o
                0x00000000080030d8                flashWriteSettings
 .text.flashFillStructure
                0x000000000800314c      0x2d8 ./Core/Src/flash.o
                0x000000000800314c                flashFillStructure
 .text.flashReadStructure
                0x0000000008003424      0x30c ./Core/Src/flash.o
                0x0000000008003424                flashReadStructure
 .text.vApplicationGetIdleTaskMemory
                0x0000000008003730       0x34 ./Core/Src/freertos.o
                0x0000000008003730                vApplicationGetIdleTaskMemory
 .text.vApplicationGetTimerTaskMemory
                0x0000000008003764       0x34 ./Core/Src/freertos.o
                0x0000000008003764                vApplicationGetTimerTaskMemory
 .text.MX_FREERTOS_Init
                0x0000000008003798      0x260 ./Core/Src/freertos.o
                0x0000000008003798                MX_FREERTOS_Init
 .text.func_tLedBlinkingTask
                0x00000000080039f8       0x68 ./Core/Src/freertos.o
                0x00000000080039f8                func_tLedBlinkingTask
 .text.func_tVmaCommTask
                0x0000000008003a60       0xf4 ./Core/Src/freertos.o
                0x0000000008003a60                func_tVmaCommTask
 .text.func_tImuCommTask
                0x0000000008003b54       0xe4 ./Core/Src/freertos.o
                0x0000000008003b54                func_tImuCommTask
 .text.func_tStabilizationTask
                0x0000000008003c38       0x74 ./Core/Src/freertos.o
                0x0000000008003c38                func_tStabilizationTask
 .text.func_tDevCommTask
                0x0000000008003cac       0xf0 ./Core/Src/freertos.o
                0x0000000008003cac                func_tDevCommTask
 .text.func_tSensCommTask
                0x0000000008003d9c       0x58 ./Core/Src/freertos.o
                0x0000000008003d9c                func_tSensCommTask
 .text.func_tPcCommTask
                0x0000000008003df4       0x1e ./Core/Src/freertos.o
                0x0000000008003df4                func_tPcCommTask
 *fill*         0x0000000008003e12        0x2 
 .text.func_tUartTimer
                0x0000000008003e14      0x10c ./Core/Src/freertos.o
                0x0000000008003e14                func_tUartTimer
 .text.tTechCommTimer_callback
                0x0000000008003f20       0x14 ./Core/Src/freertos.o
                0x0000000008003f20                tTechCommTimer_callback
 .text.tSilence_func
                0x0000000008003f34      0x1a0 ./Core/Src/freertos.o
                0x0000000008003f34                tSilence_func
 .text.MX_GPIO_Init
                0x00000000080040d4      0x124 ./Core/Src/gpio.o
                0x00000000080040d4                MX_GPIO_Init
 .text.MX_I2C1_Init
                0x00000000080041f8       0x80 ./Core/Src/i2c.o
                0x00000000080041f8                MX_I2C1_Init
 .text.HAL_I2C_MspInit
                0x0000000008004278       0x98 ./Core/Src/i2c.o
                0x0000000008004278                HAL_I2C_MspInit
 .text.main     0x0000000008004310       0x64 ./Core/Src/main.o
                0x0000000008004310                main
 .text.SystemClock_Config
                0x0000000008004374       0xbc ./Core/Src/main.o
                0x0000000008004374                SystemClock_Config
 .text.HAL_TIM_PeriodElapsedCallback
                0x0000000008004430       0x24 ./Core/Src/main.o
                0x0000000008004430                HAL_TIM_PeriodElapsedCallback
 .text.Error_Handler
                0x0000000008004454        0xa ./Core/Src/main.o
                0x0000000008004454                Error_Handler
 *fill*         0x000000000800445e        0x2 
 .text.stabilizationInit
                0x0000000008004460      0x600 ./Core/Src/stabilization.o
                0x0000000008004460                stabilizationInit
 .text.stabilizationStart
                0x0000000008004a60      0x1dc ./Core/Src/stabilization.o
                0x0000000008004a60                stabilizationStart
 .text.stabilizationUpdate
                0x0000000008004c3c      0x534 ./Core/Src/stabilization.o
                0x0000000008004c3c                stabilizationUpdate
 .text.HAL_MspInit
                0x0000000008005170       0x50 ./Core/Src/stm32f3xx_hal_msp.o
                0x0000000008005170                HAL_MspInit
 .text.HAL_InitTick
                0x00000000080051c0       0xe0 ./Core/Src/stm32f3xx_hal_timebase_tim.o
                0x00000000080051c0                HAL_InitTick
 .text.NMI_Handler
                0x00000000080052a0        0x6 ./Core/Src/stm32f3xx_it.o
                0x00000000080052a0                NMI_Handler
 .text.HardFault_Handler
                0x00000000080052a6        0x6 ./Core/Src/stm32f3xx_it.o
                0x00000000080052a6                HardFault_Handler
 .text.MemManage_Handler
                0x00000000080052ac        0x6 ./Core/Src/stm32f3xx_it.o
                0x00000000080052ac                MemManage_Handler
 .text.BusFault_Handler
                0x00000000080052b2        0x6 ./Core/Src/stm32f3xx_it.o
                0x00000000080052b2                BusFault_Handler
 .text.UsageFault_Handler
                0x00000000080052b8        0x6 ./Core/Src/stm32f3xx_it.o
                0x00000000080052b8                UsageFault_Handler
 .text.DebugMon_Handler
                0x00000000080052be        0xe ./Core/Src/stm32f3xx_it.o
                0x00000000080052be                DebugMon_Handler
 .text.DMA1_Channel4_IRQHandler
                0x00000000080052cc       0x14 ./Core/Src/stm32f3xx_it.o
                0x00000000080052cc                DMA1_Channel4_IRQHandler
 .text.DMA1_Channel5_IRQHandler
                0x00000000080052e0       0x14 ./Core/Src/stm32f3xx_it.o
                0x00000000080052e0                DMA1_Channel5_IRQHandler
 .text.DMA1_Channel6_IRQHandler
                0x00000000080052f4       0x14 ./Core/Src/stm32f3xx_it.o
                0x00000000080052f4                DMA1_Channel6_IRQHandler
 .text.DMA1_Channel7_IRQHandler
                0x0000000008005308       0x14 ./Core/Src/stm32f3xx_it.o
                0x0000000008005308                DMA1_Channel7_IRQHandler
 .text.TIM1_UP_TIM16_IRQHandler
                0x000000000800531c       0x14 ./Core/Src/stm32f3xx_it.o
                0x000000000800531c                TIM1_UP_TIM16_IRQHandler
 .text.I2C1_EV_IRQHandler
                0x0000000008005330       0x14 ./Core/Src/stm32f3xx_it.o
                0x0000000008005330                I2C1_EV_IRQHandler
 .text.USART1_IRQHandler
                0x0000000008005344       0x14 ./Core/Src/stm32f3xx_it.o
                0x0000000008005344                USART1_IRQHandler
 .text.USART2_IRQHandler
                0x0000000008005358       0x14 ./Core/Src/stm32f3xx_it.o
                0x0000000008005358                USART2_IRQHandler
 .text.USART3_IRQHandler
                0x000000000800536c       0x14 ./Core/Src/stm32f3xx_it.o
                0x000000000800536c                USART3_IRQHandler
 .text.UART4_IRQHandler
                0x0000000008005380       0x14 ./Core/Src/stm32f3xx_it.o
                0x0000000008005380                UART4_IRQHandler
 .text.SystemInit
                0x0000000008005394       0x24 ./Core/Src/system_stm32f3xx.o
                0x0000000008005394                SystemInit
 .text.thrustersInit
                0x00000000080053b8       0xc0 ./Core/Src/thrusters.o
                0x00000000080053b8                thrustersInit
 .text.resetThrusters
                0x0000000008005478       0x74 ./Core/Src/thrusters.o
                0x0000000008005478                resetThrusters
 .text.fillThrustersRequest
                0x00000000080054ec       0xec ./Core/Src/thrusters.o
                0x00000000080054ec                fillThrustersRequest
 .text.fillThrustersResponse
                0x00000000080055d8       0x78 ./Core/Src/thrusters.o
                0x00000000080055d8                fillThrustersResponse
 .text.formThrustVectors
                0x0000000008005650      0x248 ./Core/Src/thrusters.o
                0x0000000008005650                formThrustVectors
 .text.resizeFloatToInt8
                0x0000000008005898       0x42 ./Core/Src/thrusters.o
                0x0000000008005898                resizeFloatToInt8
 *fill*         0x00000000080058da        0x2 
 .text.MX_TIM7_Init
                0x00000000080058dc       0x6c ./Core/Src/tim.o
                0x00000000080058dc                MX_TIM7_Init
 .text.HAL_TIM_Base_MspInit
                0x0000000008005948       0x40 ./Core/Src/tim.o
                0x0000000008005948                HAL_TIM_Base_MspInit
 .text.MX_UART4_Init
                0x0000000008005988       0x60 ./Core/Src/usart.o
                0x0000000008005988                MX_UART4_Init
 .text.MX_USART1_UART_Init
                0x00000000080059e8       0x60 ./Core/Src/usart.o
                0x00000000080059e8                MX_USART1_UART_Init
 .text.MX_USART2_UART_Init
                0x0000000008005a48       0x68 ./Core/Src/usart.o
                0x0000000008005a48                MX_USART2_UART_Init
 .text.MX_USART3_UART_Init
                0x0000000008005ab0       0x60 ./Core/Src/usart.o
                0x0000000008005ab0                MX_USART3_UART_Init
 .text.HAL_UART_MspInit
                0x0000000008005b10      0x354 ./Core/Src/usart.o
                0x0000000008005b10                HAL_UART_MspInit
 .text.Reset_Handler
                0x0000000008005e64       0x50 ./Core/Startup/startup_stm32f303vctx.o
                0x0000000008005e64                Reset_Handler
 .text.Default_Handler
                0x0000000008005eb4        0x2 ./Core/Startup/startup_stm32f303vctx.o
                0x0000000008005eb4                RTC_Alarm_IRQHandler
                0x0000000008005eb4                TIM8_TRG_COM_IRQHandler
                0x0000000008005eb4                TIM8_CC_IRQHandler
                0x0000000008005eb4                TIM1_CC_IRQHandler
                0x0000000008005eb4                USB_HP_IRQHandler
                0x0000000008005eb4                PVD_IRQHandler
                0x0000000008005eb4                TAMP_STAMP_IRQHandler
                0x0000000008005eb4                EXTI3_IRQHandler
                0x0000000008005eb4                USB_HP_CAN_TX_IRQHandler
                0x0000000008005eb4                EXTI0_IRQHandler
                0x0000000008005eb4                I2C2_EV_IRQHandler
                0x0000000008005eb4                FPU_IRQHandler
                0x0000000008005eb4                ADC1_2_IRQHandler
                0x0000000008005eb4                SPI1_IRQHandler
                0x0000000008005eb4                CAN_SCE_IRQHandler
                0x0000000008005eb4                TIM6_DAC_IRQHandler
                0x0000000008005eb4                TIM8_UP_IRQHandler
                0x0000000008005eb4                DMA2_Channel2_IRQHandler
                0x0000000008005eb4                UART5_IRQHandler
                0x0000000008005eb4                ADC3_IRQHandler
                0x0000000008005eb4                TIM4_IRQHandler
                0x0000000008005eb4                CAN_RX1_IRQHandler
                0x0000000008005eb4                DMA2_Channel1_IRQHandler
                0x0000000008005eb4                DMA2_Channel4_IRQHandler
                0x0000000008005eb4                TIM3_IRQHandler
                0x0000000008005eb4                RCC_IRQHandler
                0x0000000008005eb4                DMA1_Channel1_IRQHandler
                0x0000000008005eb4                Default_Handler
                0x0000000008005eb4                USBWakeUp_RMP_IRQHandler
                0x0000000008005eb4                EXTI15_10_IRQHandler
                0x0000000008005eb4                TIM7_IRQHandler
                0x0000000008005eb4                EXTI9_5_IRQHandler
                0x0000000008005eb4                RTC_WKUP_IRQHandler
                0x0000000008005eb4                SPI2_IRQHandler
                0x0000000008005eb4                USB_LP_CAN_RX0_IRQHandler
                0x0000000008005eb4                DMA2_Channel5_IRQHandler
                0x0000000008005eb4                USB_LP_IRQHandler
                0x0000000008005eb4                EXTI4_IRQHandler
                0x0000000008005eb4                TIM1_TRG_COM_TIM17_IRQHandler
                0x0000000008005eb4                DMA1_Channel3_IRQHandler
                0x0000000008005eb4                ADC4_IRQHandler
                0x0000000008005eb4                WWDG_IRQHandler
                0x0000000008005eb4                TIM2_IRQHandler
                0x0000000008005eb4                COMP7_IRQHandler
                0x0000000008005eb4                COMP1_2_3_IRQHandler
                0x0000000008005eb4                EXTI1_IRQHandler
                0x0000000008005eb4                COMP4_5_6_IRQHandler
                0x0000000008005eb4                I2C2_ER_IRQHandler
                0x0000000008005eb4                DMA1_Channel2_IRQHandler
                0x0000000008005eb4                TIM8_BRK_IRQHandler
                0x0000000008005eb4                FLASH_IRQHandler
                0x0000000008005eb4                SPI3_IRQHandler
                0x0000000008005eb4                I2C1_ER_IRQHandler
                0x0000000008005eb4                USBWakeUp_IRQHandler
                0x0000000008005eb4                DMA2_Channel3_IRQHandler
                0x0000000008005eb4                EXTI2_TSC_IRQHandler
                0x0000000008005eb4                TIM1_BRK_TIM15_IRQHandler
 *fill*         0x0000000008005eb6        0x2 
 .text.HAL_Init
                0x0000000008005eb8       0x2c ./Drivers/STM32F3xx_HAL_Driver/Src/stm32f3xx_hal.o
                0x0000000008005eb8                HAL_Init
 .text.HAL_IncTick
                0x0000000008005ee4       0x28 ./Drivers/STM32F3xx_HAL_Driver/Src/stm32f3xx_hal.o
                0x0000000008005ee4                HAL_IncTick
 .text.HAL_GetTick
                0x0000000008005f0c       0x18 ./Drivers/STM32F3xx_HAL_Driver/Src/stm32f3xx_hal.o
                0x0000000008005f0c                HAL_GetTick
 .text.HAL_Delay
                0x0000000008005f24       0x48 ./Drivers/STM32F3xx_HAL_Driver/Src/stm32f3xx_hal.o
                0x0000000008005f24                HAL_Delay
 .text.__NVIC_SetPriorityGrouping
                0x0000000008005f6c       0x48 ./Drivers/STM32F3xx_HAL_Driver/Src/stm32f3xx_hal_cortex.o
 .text.__NVIC_GetPriorityGrouping
                0x0000000008005fb4       0x1c ./Drivers/STM32F3xx_HAL_Driver/Src/stm32f3xx_hal_cortex.o
 .text.__NVIC_EnableIRQ
                0x0000000008005fd0       0x3c ./Drivers/STM32F3xx_HAL_Driver/Src/stm32f3xx_hal_cortex.o
 .text.__NVIC_SetPriority
                0x000000000800600c       0x54 ./Drivers/STM32F3xx_HAL_Driver/Src/stm32f3xx_hal_cortex.o
 .text.NVIC_EncodePriority
                0x0000000008006060       0x66 ./Drivers/STM32F3xx_HAL_Driver/Src/stm32f3xx_hal_cortex.o
 .text.HAL_NVIC_SetPriorityGrouping
                0x00000000080060c6       0x16 ./Drivers/STM32F3xx_HAL_Driver/Src/stm32f3xx_hal_cortex.o
                0x00000000080060c6                HAL_NVIC_SetPriorityGrouping
 .text.HAL_NVIC_SetPriority
                0x00000000080060dc       0x38 ./Drivers/STM32F3xx_HAL_Driver/Src/stm32f3xx_hal_cortex.o
                0x00000000080060dc                HAL_NVIC_SetPriority
 .text.HAL_NVIC_EnableIRQ
                0x0000000008006114       0x1c ./Drivers/STM32F3xx_HAL_Driver/Src/stm32f3xx_hal_cortex.o
                0x0000000008006114                HAL_NVIC_EnableIRQ
 .text.HAL_DMA_Init
                0x0000000008006130       0x8e ./Drivers/STM32F3xx_HAL_Driver/Src/stm32f3xx_hal_dma.o
                0x0000000008006130                HAL_DMA_Init
 .text.HAL_DMA_Start_IT
                0x00000000080061be       0xbe ./Drivers/STM32F3xx_HAL_Driver/Src/stm32f3xx_hal_dma.o
                0x00000000080061be                HAL_DMA_Start_IT
 .text.HAL_DMA_Abort
                0x000000000800627c       0x72 ./Drivers/STM32F3xx_HAL_Driver/Src/stm32f3xx_hal_dma.o
                0x000000000800627c                HAL_DMA_Abort
 .text.HAL_DMA_Abort_IT
                0x00000000080062ee       0x7c ./Drivers/STM32F3xx_HAL_Driver/Src/stm32f3xx_hal_dma.o
                0x00000000080062ee                HAL_DMA_Abort_IT
 .text.HAL_DMA_IRQHandler
                0x000000000800636a      0x146 ./Drivers/STM32F3xx_HAL_Driver/Src/stm32f3xx_hal_dma.o
                0x000000000800636a                HAL_DMA_IRQHandler
 .text.HAL_DMA_GetState
                0x00000000080064b0       0x1a ./Drivers/STM32F3xx_HAL_Driver/Src/stm32f3xx_hal_dma.o
                0x00000000080064b0                HAL_DMA_GetState
 .text.DMA_SetConfig
                0x00000000080064ca       0x5c ./Drivers/STM32F3xx_HAL_Driver/Src/stm32f3xx_hal_dma.o
 *fill*         0x0000000008006526        0x2 
 .text.DMA_CalcBaseAndBitshift
                0x0000000008006528       0x78 ./Drivers/STM32F3xx_HAL_Driver/Src/stm32f3xx_hal_dma.o
 .text.HAL_FLASH_Program
                0x00000000080065a0       0xe0 ./Drivers/STM32F3xx_HAL_Driver/Src/stm32f3xx_hal_flash.o
                0x00000000080065a0                HAL_FLASH_Program
 .text.HAL_FLASH_Unlock
                0x0000000008006680       0x4c ./Drivers/STM32F3xx_HAL_Driver/Src/stm32f3xx_hal_flash.o
                0x0000000008006680                HAL_FLASH_Unlock
 .text.HAL_FLASH_Lock
                0x00000000080066cc       0x20 ./Drivers/STM32F3xx_HAL_Driver/Src/stm32f3xx_hal_flash.o
                0x00000000080066cc                HAL_FLASH_Lock
 .text.FLASH_Program_HalfWord
                0x00000000080066ec       0x38 ./Drivers/STM32F3xx_HAL_Driver/Src/stm32f3xx_hal_flash.o
 .text.FLASH_WaitForLastOperation
                0x0000000008006724       0x80 ./Drivers/STM32F3xx_HAL_Driver/Src/stm32f3xx_hal_flash.o
                0x0000000008006724                FLASH_WaitForLastOperation
 .text.FLASH_SetErrorCode
                0x00000000080067a4       0x64 ./Drivers/STM32F3xx_HAL_Driver/Src/stm32f3xx_hal_flash.o
 .text.HAL_FLASHEx_Erase
                0x0000000008006808       0xd4 ./Drivers/STM32F3xx_HAL_Driver/Src/stm32f3xx_hal_flash_ex.o
                0x0000000008006808                HAL_FLASHEx_Erase
 .text.FLASH_MassErase
                0x00000000080068dc       0x34 ./Drivers/STM32F3xx_HAL_Driver/Src/stm32f3xx_hal_flash_ex.o
 .text.FLASH_PageErase
                0x0000000008006910       0x40 ./Drivers/STM32F3xx_HAL_Driver/Src/stm32f3xx_hal_flash_ex.o
                0x0000000008006910                FLASH_PageErase
 .text.HAL_GPIO_Init
                0x0000000008006950      0x2f4 ./Drivers/STM32F3xx_HAL_Driver/Src/stm32f3xx_hal_gpio.o
                0x0000000008006950                HAL_GPIO_Init
 .text.HAL_GPIO_WritePin
                0x0000000008006c44       0x30 ./Drivers/STM32F3xx_HAL_Driver/Src/stm32f3xx_hal_gpio.o
                0x0000000008006c44                HAL_GPIO_WritePin
 .text.HAL_GPIO_TogglePin
                0x0000000008006c74       0x34 ./Drivers/STM32F3xx_HAL_Driver/Src/stm32f3xx_hal_gpio.o
                0x0000000008006c74                HAL_GPIO_TogglePin
 .text.HAL_I2C_Init
                0x0000000008006ca8      0x11e ./Drivers/STM32F3xx_HAL_Driver/Src/stm32f3xx_hal_i2c.o
                0x0000000008006ca8                HAL_I2C_Init
 *fill*         0x0000000008006dc6        0x2 
 .text.HAL_I2C_Master_Transmit
                0x0000000008006dc8      0x1e8 ./Drivers/STM32F3xx_HAL_Driver/Src/stm32f3xx_hal_i2c.o
                0x0000000008006dc8                HAL_I2C_Master_Transmit
 .text.HAL_I2C_Master_Receive
                0x0000000008006fb0      0x1ec ./Drivers/STM32F3xx_HAL_Driver/Src/stm32f3xx_hal_i2c.o
                0x0000000008006fb0                HAL_I2C_Master_Receive
 .text.HAL_I2C_Master_Transmit_IT
                0x000000000800719c       0xe0 ./Drivers/STM32F3xx_HAL_Driver/Src/stm32f3xx_hal_i2c.o
                0x000000000800719c                HAL_I2C_Master_Transmit_IT
 .text.HAL_I2C_Master_Receive_IT
                0x000000000800727c       0xe0 ./Drivers/STM32F3xx_HAL_Driver/Src/stm32f3xx_hal_i2c.o
                0x000000000800727c                HAL_I2C_Master_Receive_IT
 .text.HAL_I2C_EV_IRQHandler
                0x000000000800735c       0x34 ./Drivers/STM32F3xx_HAL_Driver/Src/stm32f3xx_hal_i2c.o
                0x000000000800735c                HAL_I2C_EV_IRQHandler
 .text.HAL_I2C_SlaveTxCpltCallback
                0x0000000008007390       0x14 ./Drivers/STM32F3xx_HAL_Driver/Src/stm32f3xx_hal_i2c.o
                0x0000000008007390                HAL_I2C_SlaveTxCpltCallback
 .text.HAL_I2C_SlaveRxCpltCallback
                0x00000000080073a4       0x14 ./Drivers/STM32F3xx_HAL_Driver/Src/stm32f3xx_hal_i2c.o
                0x00000000080073a4                HAL_I2C_SlaveRxCpltCallback
 .text.HAL_I2C_AddrCallback
                0x00000000080073b8       0x1c ./Drivers/STM32F3xx_HAL_Driver/Src/stm32f3xx_hal_i2c.o
                0x00000000080073b8                HAL_I2C_AddrCallback
 .text.HAL_I2C_ListenCpltCallback
                0x00000000080073d4       0x14 ./Drivers/STM32F3xx_HAL_Driver/Src/stm32f3xx_hal_i2c.o
                0x00000000080073d4                HAL_I2C_ListenCpltCallback
 .text.HAL_I2C_MemTxCpltCallback
                0x00000000080073e8       0x14 ./Drivers/STM32F3xx_HAL_Driver/Src/stm32f3xx_hal_i2c.o
                0x00000000080073e8                HAL_I2C_MemTxCpltCallback
 .text.HAL_I2C_MemRxCpltCallback
                0x00000000080073fc       0x14 ./Drivers/STM32F3xx_HAL_Driver/Src/stm32f3xx_hal_i2c.o
                0x00000000080073fc                HAL_I2C_MemRxCpltCallback
 .text.HAL_I2C_ErrorCallback
                0x0000000008007410       0x14 ./Drivers/STM32F3xx_HAL_Driver/Src/stm32f3xx_hal_i2c.o
                0x0000000008007410                HAL_I2C_ErrorCallback
 .text.HAL_I2C_AbortCpltCallback
                0x0000000008007424       0x14 ./Drivers/STM32F3xx_HAL_Driver/Src/stm32f3xx_hal_i2c.o
                0x0000000008007424                HAL_I2C_AbortCpltCallback
 .text.I2C_Master_ISR_IT
                0x0000000008007438      0x238 ./Drivers/STM32F3xx_HAL_Driver/Src/stm32f3xx_hal_i2c.o
 .text.I2C_Slave_ISR_IT
                0x0000000008007670      0x1f0 ./Drivers/STM32F3xx_HAL_Driver/Src/stm32f3xx_hal_i2c.o
 .text.I2C_Master_ISR_DMA
                0x0000000008007860      0x1d6 ./Drivers/STM32F3xx_HAL_Driver/Src/stm32f3xx_hal_i2c.o
 *fill*         0x0000000008007a36        0x2 
 .text.I2C_Mem_ISR_DMA
                0x0000000008007a38      0x234 ./Drivers/STM32F3xx_HAL_Driver/Src/stm32f3xx_hal_i2c.o
 .text.I2C_Slave_ISR_DMA
                0x0000000008007c6c      0x1ac ./Drivers/STM32F3xx_HAL_Driver/Src/stm32f3xx_hal_i2c.o
 .text.I2C_ITAddrCplt
                0x0000000008007e18      0x108 ./Drivers/STM32F3xx_HAL_Driver/Src/stm32f3xx_hal_i2c.o
 .text.I2C_ITMasterSeqCplt
                0x0000000008007f20       0x7a ./Drivers/STM32F3xx_HAL_Driver/Src/stm32f3xx_hal_i2c.o
 .text.I2C_ITSlaveSeqCplt
                0x0000000008007f9a       0xb8 ./Drivers/STM32F3xx_HAL_Driver/Src/stm32f3xx_hal_i2c.o
 *fill*         0x0000000008008052        0x2 
 .text.I2C_ITMasterCplt
                0x0000000008008054      0x190 ./Drivers/STM32F3xx_HAL_Driver/Src/stm32f3xx_hal_i2c.o
 .text.I2C_ITSlaveCplt
                0x00000000080081e4      0x20c ./Drivers/STM32F3xx_HAL_Driver/Src/stm32f3xx_hal_i2c.o
 .text.I2C_ITListenCplt
                0x00000000080083f0       0xa8 ./Drivers/STM32F3xx_HAL_Driver/Src/stm32f3xx_hal_i2c.o
 .text.I2C_ITError
                0x0000000008008498      0x1e0 ./Drivers/STM32F3xx_HAL_Driver/Src/stm32f3xx_hal_i2c.o
 .text.I2C_TreatErrorCallback
                0x0000000008008678       0x4e ./Drivers/STM32F3xx_HAL_Driver/Src/stm32f3xx_hal_i2c.o
 .text.I2C_Flush_TXDR
                0x00000000080086c6       0x48 ./Drivers/STM32F3xx_HAL_Driver/Src/stm32f3xx_hal_i2c.o
 .text.I2C_DMAAbort
                0x000000000800870e       0x3c ./Drivers/STM32F3xx_HAL_Driver/Src/stm32f3xx_hal_i2c.o
 .text.I2C_WaitOnFlagUntilTimeout
                0x000000000800874a       0x9e ./Drivers/STM32F3xx_HAL_Driver/Src/stm32f3xx_hal_i2c.o
 .text.I2C_WaitOnTXISFlagUntilTimeout
                0x00000000080087e8       0x8e ./Drivers/STM32F3xx_HAL_Driver/Src/stm32f3xx_hal_i2c.o
 .text.I2C_WaitOnSTOPFlagUntilTimeout
                0x0000000008008876       0x86 ./Drivers/STM32F3xx_HAL_Driver/Src/stm32f3xx_hal_i2c.o
 .text.I2C_WaitOnRXNEFlagUntilTimeout
                0x00000000080088fc      0x104 ./Drivers/STM32F3xx_HAL_Driver/Src/stm32f3xx_hal_i2c.o
 .text.I2C_IsErrorOccurred
                0x0000000008008a00      0x1c0 ./Drivers/STM32F3xx_HAL_Driver/Src/stm32f3xx_hal_i2c.o
 .text.I2C_TransferConfig
                0x0000000008008bc0       0x64 ./Drivers/STM32F3xx_HAL_Driver/Src/stm32f3xx_hal_i2c.o
 .text.I2C_Enable_IRQ
                0x0000000008008c24      0x110 ./Drivers/STM32F3xx_HAL_Driver/Src/stm32f3xx_hal_i2c.o
 .text.I2C_Disable_IRQ
                0x0000000008008d34       0xbc ./Drivers/STM32F3xx_HAL_Driver/Src/stm32f3xx_hal_i2c.o
 .text.HAL_I2CEx_ConfigAnalogFilter
                0x0000000008008df0       0x96 ./Drivers/STM32F3xx_HAL_Driver/Src/stm32f3xx_hal_i2c_ex.o
                0x0000000008008df0                HAL_I2CEx_ConfigAnalogFilter
 .text.HAL_I2CEx_ConfigDigitalFilter
                0x0000000008008e86       0x98 ./Drivers/STM32F3xx_HAL_Driver/Src/stm32f3xx_hal_i2c_ex.o
                0x0000000008008e86                HAL_I2CEx_ConfigDigitalFilter
 *fill*         0x0000000008008f1e        0x2 
 .text.HAL_RCC_OscConfig
                0x0000000008008f20     0x107c ./Drivers/STM32F3xx_HAL_Driver/Src/stm32f3xx_hal_rcc.o
                0x0000000008008f20                HAL_RCC_OscConfig
 .text.HAL_RCC_ClockConfig
                0x0000000008009f9c      0x2f8 ./Drivers/STM32F3xx_HAL_Driver/Src/stm32f3xx_hal_rcc.o
                0x0000000008009f9c                HAL_RCC_ClockConfig
 .text.HAL_RCC_GetSysClockFreq
                0x000000000800a294       0xd8 ./Drivers/STM32F3xx_HAL_Driver/Src/stm32f3xx_hal_rcc.o
                0x000000000800a294                HAL_RCC_GetSysClockFreq
 .text.HAL_RCC_GetHCLKFreq
                0x000000000800a36c       0x18 ./Drivers/STM32F3xx_HAL_Driver/Src/stm32f3xx_hal_rcc.o
                0x000000000800a36c                HAL_RCC_GetHCLKFreq
 .text.HAL_RCC_GetPCLK1Freq
                0x000000000800a384       0x44 ./Drivers/STM32F3xx_HAL_Driver/Src/stm32f3xx_hal_rcc.o
                0x000000000800a384                HAL_RCC_GetPCLK1Freq
 .text.HAL_RCC_GetPCLK2Freq
                0x000000000800a3c8       0x44 ./Drivers/STM32F3xx_HAL_Driver/Src/stm32f3xx_hal_rcc.o
                0x000000000800a3c8                HAL_RCC_GetPCLK2Freq
 .text.HAL_RCC_GetClockConfig
                0x000000000800a40c       0x64 ./Drivers/STM32F3xx_HAL_Driver/Src/stm32f3xx_hal_rcc.o
                0x000000000800a40c                HAL_RCC_GetClockConfig
 .text.HAL_RCCEx_PeriphCLKConfig
                0x000000000800a470      0x360 ./Drivers/STM32F3xx_HAL_Driver/Src/stm32f3xx_hal_rcc_ex.o
                0x000000000800a470                HAL_RCCEx_PeriphCLKConfig
 .text.HAL_TIM_Base_Init
                0x000000000800a7d0       0xae ./Drivers/STM32F3xx_HAL_Driver/Src/stm32f3xx_hal_tim.o
                0x000000000800a7d0                HAL_TIM_Base_Init
 *fill*         0x000000000800a87e        0x2 
 .text.HAL_TIM_Base_Start_IT
                0x000000000800a880       0xd4 ./Drivers/STM32F3xx_HAL_Driver/Src/stm32f3xx_hal_tim.o
                0x000000000800a880                HAL_TIM_Base_Start_IT
 .text.HAL_TIM_IRQHandler
                0x000000000800a954      0x23e ./Drivers/STM32F3xx_HAL_Driver/Src/stm32f3xx_hal_tim.o
                0x000000000800a954                HAL_TIM_IRQHandler
 .text.HAL_TIM_OC_DelayElapsedCallback
                0x000000000800ab92       0x14 ./Drivers/STM32F3xx_HAL_Driver/Src/stm32f3xx_hal_tim.o
                0x000000000800ab92                HAL_TIM_OC_DelayElapsedCallback
 .text.HAL_TIM_IC_CaptureCallback
                0x000000000800aba6       0x14 ./Drivers/STM32F3xx_HAL_Driver/Src/stm32f3xx_hal_tim.o
                0x000000000800aba6                HAL_TIM_IC_CaptureCallback
 .text.HAL_TIM_PWM_PulseFinishedCallback
                0x000000000800abba       0x14 ./Drivers/STM32F3xx_HAL_Driver/Src/stm32f3xx_hal_tim.o
                0x000000000800abba                HAL_TIM_PWM_PulseFinishedCallback
 .text.HAL_TIM_TriggerCallback
                0x000000000800abce       0x14 ./Drivers/STM32F3xx_HAL_Driver/Src/stm32f3xx_hal_tim.o
                0x000000000800abce                HAL_TIM_TriggerCallback
 *fill*         0x000000000800abe2        0x2 
 .text.TIM_Base_SetConfig
                0x000000000800abe4      0x120 ./Drivers/STM32F3xx_HAL_Driver/Src/stm32f3xx_hal_tim.o
                0x000000000800abe4                TIM_Base_SetConfig
 .text.HAL_TIMEx_MasterConfigSynchronization
                0x000000000800ad04      0x100 ./Drivers/STM32F3xx_HAL_Driver/Src/stm32f3xx_hal_tim_ex.o
                0x000000000800ad04                HAL_TIMEx_MasterConfigSynchronization
 .text.HAL_TIMEx_CommutCallback
                0x000000000800ae04       0x14 ./Drivers/STM32F3xx_HAL_Driver/Src/stm32f3xx_hal_tim_ex.o
                0x000000000800ae04                HAL_TIMEx_CommutCallback
 .text.HAL_TIMEx_BreakCallback
                0x000000000800ae18       0x14 ./Drivers/STM32F3xx_HAL_Driver/Src/stm32f3xx_hal_tim_ex.o
                0x000000000800ae18                HAL_TIMEx_BreakCallback
 .text.HAL_TIMEx_Break2Callback
                0x000000000800ae2c       0x14 ./Drivers/STM32F3xx_HAL_Driver/Src/stm32f3xx_hal_tim_ex.o
                0x000000000800ae2c                HAL_TIMEx_Break2Callback
 .text.HAL_UART_Init
                0x000000000800ae40       0x9c ./Drivers/STM32F3xx_HAL_Driver/Src/stm32f3xx_hal_uart.o
                0x000000000800ae40                HAL_UART_Init
 .text.HAL_UART_Transmit_IT
                0x000000000800aedc       0xbc ./Drivers/STM32F3xx_HAL_Driver/Src/stm32f3xx_hal_uart.o
                0x000000000800aedc                HAL_UART_Transmit_IT
 .text.HAL_UART_Receive_IT
                0x000000000800af98       0x88 ./Drivers/STM32F3xx_HAL_Driver/Src/stm32f3xx_hal_uart.o
                0x000000000800af98                HAL_UART_Receive_IT
 .text.HAL_UART_Transmit_DMA
                0x000000000800b020       0xf8 ./Drivers/STM32F3xx_HAL_Driver/Src/stm32f3xx_hal_uart.o
                0x000000000800b020                HAL_UART_Transmit_DMA
 .text.HAL_UART_Receive_DMA
                0x000000000800b118       0x88 ./Drivers/STM32F3xx_HAL_Driver/Src/stm32f3xx_hal_uart.o
                0x000000000800b118                HAL_UART_Receive_DMA
 .text.HAL_UART_AbortTransmit_IT
                0x000000000800b1a0       0xf0 ./Drivers/STM32F3xx_HAL_Driver/Src/stm32f3xx_hal_uart.o
                0x000000000800b1a0                HAL_UART_AbortTransmit_IT
 .text.HAL_UART_AbortReceive_IT
                0x000000000800b290      0x190 ./Drivers/STM32F3xx_HAL_Driver/Src/stm32f3xx_hal_uart.o
                0x000000000800b290                HAL_UART_AbortReceive_IT
 .text.HAL_UART_IRQHandler
                0x000000000800b420      0x5cc ./Drivers/STM32F3xx_HAL_Driver/Src/stm32f3xx_hal_uart.o
                0x000000000800b420                HAL_UART_IRQHandler
 .text.HAL_UART_TxHalfCpltCallback
                0x000000000800b9ec       0x14 ./Drivers/STM32F3xx_HAL_Driver/Src/stm32f3xx_hal_uart.o
                0x000000000800b9ec                HAL_UART_TxHalfCpltCallback
 .text.HAL_UART_RxHalfCpltCallback
                0x000000000800ba00       0x14 ./Drivers/STM32F3xx_HAL_Driver/Src/stm32f3xx_hal_uart.o
                0x000000000800ba00                HAL_UART_RxHalfCpltCallback
 .text.HAL_UART_ErrorCallback
                0x000000000800ba14       0x14 ./Drivers/STM32F3xx_HAL_Driver/Src/stm32f3xx_hal_uart.o
                0x000000000800ba14                HAL_UART_ErrorCallback
 .text.HAL_UART_AbortTransmitCpltCallback
                0x000000000800ba28       0x14 ./Drivers/STM32F3xx_HAL_Driver/Src/stm32f3xx_hal_uart.o
                0x000000000800ba28                HAL_UART_AbortTransmitCpltCallback
 .text.HAL_UART_AbortReceiveCpltCallback
                0x000000000800ba3c       0x14 ./Drivers/STM32F3xx_HAL_Driver/Src/stm32f3xx_hal_uart.o
                0x000000000800ba3c                HAL_UART_AbortReceiveCpltCallback
 .text.HAL_UARTEx_RxEventCallback
                0x000000000800ba50       0x18 ./Drivers/STM32F3xx_HAL_Driver/Src/stm32f3xx_hal_uart.o
                0x000000000800ba50                HAL_UARTEx_RxEventCallback
 .text.UART_SetConfig
                0x000000000800ba68      0x3a8 ./Drivers/STM32F3xx_HAL_Driver/Src/stm32f3xx_hal_uart.o
                0x000000000800ba68                UART_SetConfig
 .text.UART_AdvFeatureConfig
                0x000000000800be10      0x144 ./Drivers/STM32F3xx_HAL_Driver/Src/stm32f3xx_hal_uart.o
                0x000000000800be10                UART_AdvFeatureConfig
 .text.UART_CheckIdleState
                0x000000000800bf54      0x150 ./Drivers/STM32F3xx_HAL_Driver/Src/stm32f3xx_hal_uart.o
                0x000000000800bf54                UART_CheckIdleState
 .text.UART_WaitOnFlagUntilTimeout
                0x000000000800c0a4       0xce ./Drivers/STM32F3xx_HAL_Driver/Src/stm32f3xx_hal_uart.o
                0x000000000800c0a4                UART_WaitOnFlagUntilTimeout
 *fill*         0x000000000800c172        0x2 
 .text.UART_Start_Receive_IT
                0x000000000800c174      0x168 ./Drivers/STM32F3xx_HAL_Driver/Src/stm32f3xx_hal_uart.o
                0x000000000800c174                UART_Start_Receive_IT
 .text.UART_Start_Receive_DMA
                0x000000000800c2dc      0x140 ./Drivers/STM32F3xx_HAL_Driver/Src/stm32f3xx_hal_uart.o
                0x000000000800c2dc                UART_Start_Receive_DMA
 .text.UART_EndTxTransfer
                0x000000000800c41c       0x4c ./Drivers/STM32F3xx_HAL_Driver/Src/stm32f3xx_hal_uart.o
 .text.UART_EndRxTransfer
                0x000000000800c468       0xc8 ./Drivers/STM32F3xx_HAL_Driver/Src/stm32f3xx_hal_uart.o
 .text.UART_DMATransmitCplt
                0x000000000800c530       0x94 ./Drivers/STM32F3xx_HAL_Driver/Src/stm32f3xx_hal_uart.o
 .text.UART_DMATxHalfCplt
                0x000000000800c5c4       0x1c ./Drivers/STM32F3xx_HAL_Driver/Src/stm32f3xx_hal_uart.o
 .text.UART_DMAReceiveCplt
                0x000000000800c5e0      0x126 ./Drivers/STM32F3xx_HAL_Driver/Src/stm32f3xx_hal_uart.o
 .text.UART_DMARxHalfCplt
                0x000000000800c706       0x3e ./Drivers/STM32F3xx_HAL_Driver/Src/stm32f3xx_hal_uart.o
 .text.UART_DMAError
                0x000000000800c744       0x7e ./Drivers/STM32F3xx_HAL_Driver/Src/stm32f3xx_hal_uart.o
 .text.UART_DMAAbortOnError
                0x000000000800c7c2       0x2c ./Drivers/STM32F3xx_HAL_Driver/Src/stm32f3xx_hal_uart.o
 .text.UART_DMATxOnlyAbortCallback
                0x000000000800c7ee       0x2a ./Drivers/STM32F3xx_HAL_Driver/Src/stm32f3xx_hal_uart.o
 .text.UART_DMARxOnlyAbortCallback
                0x000000000800c818       0x4a ./Drivers/STM32F3xx_HAL_Driver/Src/stm32f3xx_hal_uart.o
 .text.UART_TxISR_8BIT
                0x000000000800c862       0xb8 ./Drivers/STM32F3xx_HAL_Driver/Src/stm32f3xx_hal_uart.o
 .text.UART_TxISR_16BIT
                0x000000000800c91a       0xc0 ./Drivers/STM32F3xx_HAL_Driver/Src/stm32f3xx_hal_uart.o
 .text.UART_EndTransmit_IT
                0x000000000800c9da       0x54 ./Drivers/STM32F3xx_HAL_Driver/Src/stm32f3xx_hal_uart.o
 .text.UART_RxISR_8BIT
                0x000000000800ca2e      0x1a8 ./Drivers/STM32F3xx_HAL_Driver/Src/stm32f3xx_hal_uart.o
 .text.UART_RxISR_16BIT
                0x000000000800cbd6      0x1a8 ./Drivers/STM32F3xx_HAL_Driver/Src/stm32f3xx_hal_uart.o
 .text.HAL_UARTEx_WakeupCallback
                0x000000000800cd7e       0x14 ./Drivers/STM32F3xx_HAL_Driver/Src/stm32f3xx_hal_uart_ex.o
                0x000000000800cd7e                HAL_UARTEx_WakeupCallback
 .text.makeFreeRtosPriority
                0x000000000800cd92       0x30 ./Middlewares/Third_Party/FreeRTOS/Source/CMSIS_RTOS/cmsis_os.o
 .text.inHandlerMode
                0x000000000800cdc2       0x24 ./Middlewares/Third_Party/FreeRTOS/Source/CMSIS_RTOS/cmsis_os.o
 .text.osKernelStart
                0x000000000800cde6        0xe ./Middlewares/Third_Party/FreeRTOS/Source/CMSIS_RTOS/cmsis_os.o
                0x000000000800cde6                osKernelStart
 .text.osKernelSysTick
                0x000000000800cdf4       0x20 ./Middlewares/Third_Party/FreeRTOS/Source/CMSIS_RTOS/cmsis_os.o
                0x000000000800cdf4                osKernelSysTick
 .text.osThreadCreate
                0x000000000800ce14       0x98 ./Middlewares/Third_Party/FreeRTOS/Source/CMSIS_RTOS/cmsis_os.o
                0x000000000800ce14                osThreadCreate
 .text.osDelay  0x000000000800ceac       0x28 ./Middlewares/Third_Party/FreeRTOS/Source/CMSIS_RTOS/cmsis_os.o
                0x000000000800ceac                osDelay
 .text.osTimerCreate
                0x000000000800ced4       0x68 ./Middlewares/Third_Party/FreeRTOS/Source/CMSIS_RTOS/cmsis_os.o
                0x000000000800ced4                osTimerCreate
 .text.osMutexCreate
                0x000000000800cf3c       0x30 ./Middlewares/Third_Party/FreeRTOS/Source/CMSIS_RTOS/cmsis_os.o
                0x000000000800cf3c                osMutexCreate
 .text.osDelayUntil
                0x000000000800cf6c       0x2c ./Middlewares/Third_Party/FreeRTOS/Source/CMSIS_RTOS/cmsis_os.o
                0x000000000800cf6c                osDelayUntil
 .text.vListInitialise
                0x000000000800cf98       0x40 ./Middlewares/Third_Party/FreeRTOS/Source/list.o
                0x000000000800cf98                vListInitialise
 .text.vListInitialiseItem
                0x000000000800cfd8       0x1a ./Middlewares/Third_Party/FreeRTOS/Source/list.o
                0x000000000800cfd8                vListInitialiseItem
 .text.vListInsertEnd
                0x000000000800cff2       0x48 ./Middlewares/Third_Party/FreeRTOS/Source/list.o
                0x000000000800cff2                vListInsertEnd
 .text.vListInsert
                0x000000000800d03a       0x72 ./Middlewares/Third_Party/FreeRTOS/Source/list.o
                0x000000000800d03a                vListInsert
 .text.uxListRemove
                0x000000000800d0ac       0x54 ./Middlewares/Third_Party/FreeRTOS/Source/list.o
                0x000000000800d0ac                uxListRemove
 .text.xQueueGenericReset
                0x000000000800d100       0xd0 ./Middlewares/Third_Party/FreeRTOS/Source/queue.o
                0x000000000800d100                xQueueGenericReset
 .text.xQueueGenericCreateStatic
                0x000000000800d1d0       0xee ./Middlewares/Third_Party/FreeRTOS/Source/queue.o
                0x000000000800d1d0                xQueueGenericCreateStatic
 .text.xQueueGenericCreate
                0x000000000800d2be       0x7c ./Middlewares/Third_Party/FreeRTOS/Source/queue.o
                0x000000000800d2be                xQueueGenericCreate
 .text.prvInitialiseNewQueue
                0x000000000800d33a       0x3e ./Middlewares/Third_Party/FreeRTOS/Source/queue.o
 .text.prvInitialiseMutex
                0x000000000800d378       0x34 ./Middlewares/Third_Party/FreeRTOS/Source/queue.o
 .text.xQueueCreateMutex
                0x000000000800d3ac       0x30 ./Middlewares/Third_Party/FreeRTOS/Source/queue.o
                0x000000000800d3ac                xQueueCreateMutex
 .text.xQueueCreateMutexStatic
                0x000000000800d3dc       0x36 ./Middlewares/Third_Party/FreeRTOS/Source/queue.o
                0x000000000800d3dc                xQueueCreateMutexStatic
 *fill*         0x000000000800d412        0x2 
 .text.xQueueGenericSend
                0x000000000800d414      0x1fc ./Middlewares/Third_Party/FreeRTOS/Source/queue.o
                0x000000000800d414                xQueueGenericSend
 .text.xQueueGenericSendFromISR
                0x000000000800d610      0x130 ./Middlewares/Third_Party/FreeRTOS/Source/queue.o
                0x000000000800d610                xQueueGenericSendFromISR
 .text.xQueueReceive
                0x000000000800d740      0x1c0 ./Middlewares/Third_Party/FreeRTOS/Source/queue.o
                0x000000000800d740                xQueueReceive
 .text.xQueueSemaphoreTake
                0x000000000800d900      0x218 ./Middlewares/Third_Party/FreeRTOS/Source/queue.o
                0x000000000800d900                xQueueSemaphoreTake
 .text.prvGetDisinheritPriorityAfterTimeout
                0x000000000800db18       0x30 ./Middlewares/Third_Party/FreeRTOS/Source/queue.o
 .text.prvCopyDataToQueue
                0x000000000800db48       0xd4 ./Middlewares/Third_Party/FreeRTOS/Source/queue.o
 .text.prvCopyDataFromQueue
                0x000000000800dc1c       0x4c ./Middlewares/Third_Party/FreeRTOS/Source/queue.o
 .text.prvUnlockQueue
                0x000000000800dc68       0xa4 ./Middlewares/Third_Party/FreeRTOS/Source/queue.o
 .text.prvIsQueueEmpty
                0x000000000800dd0c       0x2c ./Middlewares/Third_Party/FreeRTOS/Source/queue.o
 .text.prvIsQueueFull
                0x000000000800dd38       0x30 ./Middlewares/Third_Party/FreeRTOS/Source/queue.o
 .text.vQueueAddToRegistry
                0x000000000800dd68       0x54 ./Middlewares/Third_Party/FreeRTOS/Source/queue.o
                0x000000000800dd68                vQueueAddToRegistry
 .text.vQueueWaitForMessageRestricted
                0x000000000800ddbc       0x68 ./Middlewares/Third_Party/FreeRTOS/Source/queue.o
                0x000000000800ddbc                vQueueWaitForMessageRestricted
 .text.xTaskCreateStatic
                0x000000000800de24       0xb8 ./Middlewares/Third_Party/FreeRTOS/Source/tasks.o
                0x000000000800de24                xTaskCreateStatic
 .text.xTaskCreate
                0x000000000800dedc       0x8a ./Middlewares/Third_Party/FreeRTOS/Source/tasks.o
                0x000000000800dedc                xTaskCreate
 *fill*         0x000000000800df66        0x2 
 .text.prvInitialiseNewTask
                0x000000000800df68      0x12c ./Middlewares/Third_Party/FreeRTOS/Source/tasks.o
 .text.prvAddNewTaskToReadyList
                0x000000000800e094       0xd4 ./Middlewares/Third_Party/FreeRTOS/Source/tasks.o
 .text.vTaskDelayUntil
                0x000000000800e168       0xfc ./Middlewares/Third_Party/FreeRTOS/Source/tasks.o
                0x000000000800e168                vTaskDelayUntil
 .text.vTaskDelay
                0x000000000800e264       0x68 ./Middlewares/Third_Party/FreeRTOS/Source/tasks.o
                0x000000000800e264                vTaskDelay
 .text.vTaskStartScheduler
                0x000000000800e2cc       0xe0 ./Middlewares/Third_Party/FreeRTOS/Source/tasks.o
                0x000000000800e2cc                vTaskStartScheduler
 .text.vTaskSuspendAll
                0x000000000800e3ac       0x1c ./Middlewares/Third_Party/FreeRTOS/Source/tasks.o
                0x000000000800e3ac                vTaskSuspendAll
 .text.xTaskResumeAll
                0x000000000800e3c8      0x138 ./Middlewares/Third_Party/FreeRTOS/Source/tasks.o
                0x000000000800e3c8                xTaskResumeAll
 .text.xTaskGetTickCount
                0x000000000800e500       0x20 ./Middlewares/Third_Party/FreeRTOS/Source/tasks.o
                0x000000000800e500                xTaskGetTickCount
 .text.xTaskGetTickCountFromISR
                0x000000000800e520       0x24 ./Middlewares/Third_Party/FreeRTOS/Source/tasks.o
                0x000000000800e520                xTaskGetTickCountFromISR
 .text.xTaskIncrementTick
                0x000000000800e544      0x17c ./Middlewares/Third_Party/FreeRTOS/Source/tasks.o
                0x000000000800e544                xTaskIncrementTick
 .text.vTaskSwitchContext
                0x000000000800e6c0       0xc4 ./Middlewares/Third_Party/FreeRTOS/Source/tasks.o
                0x000000000800e6c0                vTaskSwitchContext
 .text.vTaskPlaceOnEventList
                0x000000000800e784       0x48 ./Middlewares/Third_Party/FreeRTOS/Source/tasks.o
                0x000000000800e784                vTaskPlaceOnEventList
 .text.vTaskPlaceOnEventListRestricted
                0x000000000800e7cc       0x58 ./Middlewares/Third_Party/FreeRTOS/Source/tasks.o
                0x000000000800e7cc                vTaskPlaceOnEventListRestricted
 .text.xTaskRemoveFromEventList
                0x000000000800e824       0xc4 ./Middlewares/Third_Party/FreeRTOS/Source/tasks.o
                0x000000000800e824                xTaskRemoveFromEventList
 .text.vTaskInternalSetTimeOutState
                0x000000000800e8e8       0x2c ./Middlewares/Third_Party/FreeRTOS/Source/tasks.o
                0x000000000800e8e8                vTaskInternalSetTimeOutState
 .text.xTaskCheckForTimeOut
                0x000000000800e914       0xc4 ./Middlewares/Third_Party/FreeRTOS/Source/tasks.o
                0x000000000800e914                xTaskCheckForTimeOut
 .text.vTaskMissedYield
                0x000000000800e9d8       0x18 ./Middlewares/Third_Party/FreeRTOS/Source/tasks.o
                0x000000000800e9d8                vTaskMissedYield
 .text.prvIdleTask
                0x000000000800e9f0       0x30 ./Middlewares/Third_Party/FreeRTOS/Source/tasks.o
 .text.prvInitialiseTaskLists
                0x000000000800ea20       0x80 ./Middlewares/Third_Party/FreeRTOS/Source/tasks.o
 .text.prvCheckTasksWaitingTermination
                0x000000000800eaa0       0x5c ./Middlewares/Third_Party/FreeRTOS/Source/tasks.o
 .text.prvDeleteTCB
                0x000000000800eafc       0x68 ./Middlewares/Third_Party/FreeRTOS/Source/tasks.o
 .text.prvResetNextTaskUnblockTime
                0x000000000800eb64       0x4c ./Middlewares/Third_Party/FreeRTOS/Source/tasks.o
 .text.xTaskGetSchedulerState
                0x000000000800ebb0       0x3c ./Middlewares/Third_Party/FreeRTOS/Source/tasks.o
                0x000000000800ebb0                xTaskGetSchedulerState
 .text.xTaskPriorityInherit
                0x000000000800ebec      0x10c ./Middlewares/Third_Party/FreeRTOS/Source/tasks.o
                0x000000000800ebec                xTaskPriorityInherit
 .text.xTaskPriorityDisinherit
                0x000000000800ecf8      0x10c ./Middlewares/Third_Party/FreeRTOS/Source/tasks.o
                0x000000000800ecf8                xTaskPriorityDisinherit
 .text.vTaskPriorityDisinheritAfterTimeout
                0x000000000800ee04      0x140 ./Middlewares/Third_Party/FreeRTOS/Source/tasks.o
                0x000000000800ee04                vTaskPriorityDisinheritAfterTimeout
 .text.pvTaskIncrementMutexHeldCount
                0x000000000800ef44       0x28 ./Middlewares/Third_Party/FreeRTOS/Source/tasks.o
                0x000000000800ef44                pvTaskIncrementMutexHeldCount
 .text.prvAddCurrentTaskToDelayedList
                0x000000000800ef6c       0xcc ./Middlewares/Third_Party/FreeRTOS/Source/tasks.o
 .text.xTimerCreateTimerTask
                0x000000000800f038       0x90 ./Middlewares/Third_Party/FreeRTOS/Source/timers.o
                0x000000000800f038                xTimerCreateTimerTask
 .text.xTimerCreate
                0x000000000800f0c8       0x42 ./Middlewares/Third_Party/FreeRTOS/Source/timers.o
                0x000000000800f0c8                xTimerCreate
 .text.xTimerCreateStatic
                0x000000000800f10a       0x7a ./Middlewares/Third_Party/FreeRTOS/Source/timers.o
                0x000000000800f10a                xTimerCreateStatic
 .text.prvInitialiseNewTimer
                0x000000000800f184       0x64 ./Middlewares/Third_Party/FreeRTOS/Source/timers.o
 .text.xTimerGenericCommand
                0x000000000800f1e8       0x9c ./Middlewares/Third_Party/FreeRTOS/Source/timers.o
                0x000000000800f1e8                xTimerGenericCommand
 .text.prvProcessExpiredTimer
                0x000000000800f284       0x80 ./Middlewares/Third_Party/FreeRTOS/Source/timers.o
 .text.prvTimerTask
                0x000000000800f304       0x24 ./Middlewares/Third_Party/FreeRTOS/Source/timers.o
 .text.prvProcessTimerOrBlockTask
                0x000000000800f328       0x9c ./Middlewares/Third_Party/FreeRTOS/Source/timers.o
 .text.prvGetNextExpireTime
                0x000000000800f3c4       0x48 ./Middlewares/Third_Party/FreeRTOS/Source/timers.o
 .text.prvSampleTimeNow
                0x000000000800f40c       0x40 ./Middlewares/Third_Party/FreeRTOS/Source/timers.o
 .text.prvInsertTimerInActiveList
                0x000000000800f44c       0x84 ./Middlewares/Third_Party/FreeRTOS/Source/timers.o
 .text.prvProcessReceivedCommands
                0x000000000800f4d0      0x134 ./Middlewares/Third_Party/FreeRTOS/Source/timers.o
 .text.prvSwitchTimerLists
                0x000000000800f604       0xc4 ./Middlewares/Third_Party/FreeRTOS/Source/timers.o
 .text.prvCheckForValidListAndQueue
                0x000000000800f6c8       0x80 ./Middlewares/Third_Party/FreeRTOS/Source/timers.o
 .text.pxPortInitialiseStack
                0x000000000800f748       0x68 ./Middlewares/Third_Party/FreeRTOS/Source/portable/GCC/ARM_CM4F/port.o
                0x000000000800f748                pxPortInitialiseStack
 .text.prvTaskExitError
                0x000000000800f7b0       0x58 ./Middlewares/Third_Party/FreeRTOS/Source/portable/GCC/ARM_CM4F/port.o
 *fill*         0x000000000800f808        0x8 
 .text.SVC_Handler
                0x000000000800f810       0x28 ./Middlewares/Third_Party/FreeRTOS/Source/portable/GCC/ARM_CM4F/port.o
                0x000000000800f810                SVC_Handler
 .text.prvPortStartFirstTask
                0x000000000800f838       0x28 ./Middlewares/Third_Party/FreeRTOS/Source/portable/GCC/ARM_CM4F/port.o
 .text.xPortStartScheduler
                0x000000000800f860      0x144 ./Middlewares/Third_Party/FreeRTOS/Source/portable/GCC/ARM_CM4F/port.o
                0x000000000800f860                xPortStartScheduler
 .text.vPortEnterCritical
                0x000000000800f9a4       0x60 ./Middlewares/Third_Party/FreeRTOS/Source/portable/GCC/ARM_CM4F/port.o
                0x000000000800f9a4                vPortEnterCritical
 .text.vPortExitCritical
                0x000000000800fa04       0x54 ./Middlewares/Third_Party/FreeRTOS/Source/portable/GCC/ARM_CM4F/port.o
                0x000000000800fa04                vPortExitCritical
 *fill*         0x000000000800fa58        0x8 
 .text.PendSV_Handler
                0x000000000800fa60       0x68 ./Middlewares/Third_Party/FreeRTOS/Source/portable/GCC/ARM_CM4F/port.o
                0x000000000800fa60                PendSV_Handler
 .text.SysTick_Handler
                0x000000000800fac8       0x44 ./Middlewares/Third_Party/FreeRTOS/Source/portable/GCC/ARM_CM4F/port.o
                0x000000000800fac8                SysTick_Handler
 .text.vPortSetupTimerInterrupt
                0x000000000800fb0c       0x48 ./Middlewares/Third_Party/FreeRTOS/Source/portable/GCC/ARM_CM4F/port.o
                0x000000000800fb0c                vPortSetupTimerInterrupt
 .text.vPortEnableVFP
                0x000000000800fb54       0x14 ./Middlewares/Third_Party/FreeRTOS/Source/portable/GCC/ARM_CM4F/port.o
 .text.vPortValidateInterruptPriority
                0x000000000800fb68       0x80 ./Middlewares/Third_Party/FreeRTOS/Source/portable/GCC/ARM_CM4F/port.o
                0x000000000800fb68                vPortValidateInterruptPriority
 .text.pvPortMalloc
                0x000000000800fbe8      0x188 ./Middlewares/Third_Party/FreeRTOS/Source/portable/MemMang/heap_4.o
                0x000000000800fbe8                pvPortMalloc
 .text.vPortFree
                0x000000000800fd70       0xb4 ./Middlewares/Third_Party/FreeRTOS/Source/portable/MemMang/heap_4.o
                0x000000000800fd70                vPortFree
 .text.prvHeapInit
                0x000000000800fe24       0xc4 ./Middlewares/Third_Party/FreeRTOS/Source/portable/MemMang/heap_4.o
 .text.prvInsertBlockIntoFreeList
                0x000000000800fee8       0xb4 ./Middlewares/Third_Party/FreeRTOS/Source/portable/MemMang/heap_4.o
 .text.swapfunc
                0x000000000800ff9c       0x32 C:/ST/STM32CubeIDE_1.12.0/STM32CubeIDE/plugins/com.st.stm32cube.ide.mcu.externaltools.gnu-tools-for-stm32.11.3.rel1.win32_1.1.0.202305231506/tools/bin/../lib/gcc/arm-none-eabi/11.3.1/../../../../arm-none-eabi/lib/thumb/v7e-m+fp/hard\libc_nano.a(libc_a-qsort.o)
 .text.med3.constprop.0
                0x000000000800ffce       0x3e C:/ST/STM32CubeIDE_1.12.0/STM32CubeIDE/plugins/com.st.stm32cube.ide.mcu.externaltools.gnu-tools-for-stm32.11.3.rel1.win32_1.1.0.202305231506/tools/bin/../lib/gcc/arm-none-eabi/11.3.1/../../../../arm-none-eabi/lib/thumb/v7e-m+fp/hard\libc_nano.a(libc_a-qsort.o)
 .text.qsort    0x000000000801000c      0x2a0 C:/ST/STM32CubeIDE_1.12.0/STM32CubeIDE/plugins/com.st.stm32cube.ide.mcu.externaltools.gnu-tools-for-stm32.11.3.rel1.win32_1.1.0.202305231506/tools/bin/../lib/gcc/arm-none-eabi/11.3.1/../../../../arm-none-eabi/lib/thumb/v7e-m+fp/hard\libc_nano.a(libc_a-qsort.o)
                0x000000000801000c                qsort
 .text.memset   0x00000000080102ac       0x10 C:/ST/STM32CubeIDE_1.12.0/STM32CubeIDE/plugins/com.st.stm32cube.ide.mcu.externaltools.gnu-tools-for-stm32.11.3.rel1.win32_1.1.0.202305231506/tools/bin/../lib/gcc/arm-none-eabi/11.3.1/../../../../arm-none-eabi/lib/thumb/v7e-m+fp/hard\libc_nano.a(libc_a-memset.o)
                0x00000000080102ac                memset
 .text._reclaim_reent
                0x00000000080102bc       0xac C:/ST/STM32CubeIDE_1.12.0/STM32CubeIDE/plugins/com.st.stm32cube.ide.mcu.externaltools.gnu-tools-for-stm32.11.3.rel1.win32_1.1.0.202305231506/tools/bin/../lib/gcc/arm-none-eabi/11.3.1/../../../../arm-none-eabi/lib/thumb/v7e-m+fp/hard\libc_nano.a(libc_a-reent.o)
                0x00000000080102bc                _reclaim_reent
 .text.__errno  0x0000000008010368        0xc C:/ST/STM32CubeIDE_1.12.0/STM32CubeIDE/plugins/com.st.stm32cube.ide.mcu.externaltools.gnu-tools-for-stm32.11.3.rel1.win32_1.1.0.202305231506/tools/bin/../lib/gcc/arm-none-eabi/11.3.1/../../../../arm-none-eabi/lib/thumb/v7e-m+fp/hard\libc_nano.a(libc_a-errno.o)
                0x0000000008010368                __errno
 .text.__libc_init_array
                0x0000000008010374       0x48 C:/ST/STM32CubeIDE_1.12.0/STM32CubeIDE/plugins/com.st.stm32cube.ide.mcu.externaltools.gnu-tools-for-stm32.11.3.rel1.win32_1.1.0.202305231506/tools/bin/../lib/gcc/arm-none-eabi/11.3.1/../../../../arm-none-eabi/lib/thumb/v7e-m+fp/hard\libc_nano.a(libc_a-init.o)
                0x0000000008010374                __libc_init_array
 .text.__retarget_lock_acquire_recursive
                0x00000000080103bc        0x2 C:/ST/STM32CubeIDE_1.12.0/STM32CubeIDE/plugins/com.st.stm32cube.ide.mcu.externaltools.gnu-tools-for-stm32.11.3.rel1.win32_1.1.0.202305231506/tools/bin/../lib/gcc/arm-none-eabi/11.3.1/../../../../arm-none-eabi/lib/thumb/v7e-m+fp/hard\libc_nano.a(libc_a-lock.o)
                0x00000000080103bc                __retarget_lock_acquire_recursive
 .text.__retarget_lock_release_recursive
                0x00000000080103be        0x2 C:/ST/STM32CubeIDE_1.12.0/STM32CubeIDE/plugins/com.st.stm32cube.ide.mcu.externaltools.gnu-tools-for-stm32.11.3.rel1.win32_1.1.0.202305231506/tools/bin/../lib/gcc/arm-none-eabi/11.3.1/../../../../arm-none-eabi/lib/thumb/v7e-m+fp/hard\libc_nano.a(libc_a-lock.o)
                0x00000000080103be                __retarget_lock_release_recursive
 .text.memcpy   0x00000000080103c0       0x1c C:/ST/STM32CubeIDE_1.12.0/STM32CubeIDE/plugins/com.st.stm32cube.ide.mcu.externaltools.gnu-tools-for-stm32.11.3.rel1.win32_1.1.0.202305231506/tools/bin/../lib/gcc/arm-none-eabi/11.3.1/../../../../arm-none-eabi/lib/thumb/v7e-m+fp/hard\libc_nano.a(libc_a-memcpy-stub.o)
                0x00000000080103c0                memcpy
 .text._free_r  0x00000000080103dc       0x98 C:/ST/STM32CubeIDE_1.12.0/STM32CubeIDE/plugins/com.st.stm32cube.ide.mcu.externaltools.gnu-tools-for-stm32.11.3.rel1.win32_1.1.0.202305231506/tools/bin/../lib/gcc/arm-none-eabi/11.3.1/../../../../arm-none-eabi/lib/thumb/v7e-m+fp/hard\libc_nano.a(libc_a-freer.o)
                0x00000000080103dc                _free_r
 .text.__malloc_lock
                0x0000000008010474        0xc C:/ST/STM32CubeIDE_1.12.0/STM32CubeIDE/plugins/com.st.stm32cube.ide.mcu.externaltools.gnu-tools-for-stm32.11.3.rel1.win32_1.1.0.202305231506/tools/bin/../lib/gcc/arm-none-eabi/11.3.1/../../../../arm-none-eabi/lib/thumb/v7e-m+fp/hard\libc_nano.a(libc_a-mlock.o)
                0x0000000008010474                __malloc_lock
 .text.__malloc_unlock
                0x0000000008010480        0xc C:/ST/STM32CubeIDE_1.12.0/STM32CubeIDE/plugins/com.st.stm32cube.ide.mcu.externaltools.gnu-tools-for-stm32.11.3.rel1.win32_1.1.0.202305231506/tools/bin/../lib/gcc/arm-none-eabi/11.3.1/../../../../arm-none-eabi/lib/thumb/v7e-m+fp/hard\libc_nano.a(libc_a-mlock.o)
                0x0000000008010480                __malloc_unlock
 *fill*         0x000000000801048c        0x4 
 .text.exp      0x0000000008010490       0x90 C:/ST/STM32CubeIDE_1.12.0/STM32CubeIDE/plugins/com.st.stm32cube.ide.mcu.externaltools.gnu-tools-for-stm32.11.3.rel1.win32_1.1.0.202305231506/tools/bin/../lib/gcc/arm-none-eabi/11.3.1/../../../../arm-none-eabi/lib/thumb/v7e-m+fp/hard\libm.a(libm_a-w_exp.o)
                0x0000000008010490                exp
 .text.sin      0x0000000008010520       0xb0 C:/ST/STM32CubeIDE_1.12.0/STM32CubeIDE/plugins/com.st.stm32cube.ide.mcu.externaltools.gnu-tools-for-stm32.11.3.rel1.win32_1.1.0.202305231506/tools/bin/../lib/gcc/arm-none-eabi/11.3.1/../../../../arm-none-eabi/lib/thumb/v7e-m+fp/hard\libm.a(libm_a-s_sin.o)
                0x0000000008010520                sin
 .text.finite   0x00000000080105d0       0x16 C:/ST/STM32CubeIDE_1.12.0/STM32CubeIDE/plugins/com.st.stm32cube.ide.mcu.externaltools.gnu-tools-for-stm32.11.3.rel1.win32_1.1.0.202305231506/tools/bin/../lib/gcc/arm-none-eabi/11.3.1/../../../../arm-none-eabi/lib/thumb/v7e-m+fp/hard\libm.a(libm_a-s_finite.o)
                0x00000000080105d0                finite
 *fill*         0x00000000080105e6        0x2 
 .text.__kernel_cos
                0x00000000080105e8      0x18c C:/ST/STM32CubeIDE_1.12.0/STM32CubeIDE/plugins/com.st.stm32cube.ide.mcu.externaltools.gnu-tools-for-stm32.11.3.rel1.win32_1.1.0.202305231506/tools/bin/../lib/gcc/arm-none-eabi/11.3.1/../../../../arm-none-eabi/lib/thumb/v7e-m+fp/hard\libm.a(libm_a-k_cos.o)
                0x00000000080105e8                __kernel_cos
 *fill*         0x0000000008010774        0x4 
 .text.__kernel_sin
                0x0000000008010778      0x17c C:/ST/STM32CubeIDE_1.12.0/STM32CubeIDE/plugins/com.st.stm32cube.ide.mcu.externaltools.gnu-tools-for-stm32.11.3.rel1.win32_1.1.0.202305231506/tools/bin/../lib/gcc/arm-none-eabi/11.3.1/../../../../arm-none-eabi/lib/thumb/v7e-m+fp/hard\libm.a(libm_a-k_sin.o)
                0x0000000008010778                __kernel_sin
 *fill*         0x00000000080108f4        0x4 
 .text.__ieee754_exp
                0x00000000080108f8      0x304 C:/ST/STM32CubeIDE_1.12.0/STM32CubeIDE/plugins/com.st.stm32cube.ide.mcu.externaltools.gnu-tools-for-stm32.11.3.rel1.win32_1.1.0.202305231506/tools/bin/../lib/gcc/arm-none-eabi/11.3.1/../../../../arm-none-eabi/lib/thumb/v7e-m+fp/hard\libm.a(libm_a-e_exp.o)
                0x00000000080108f8                __ieee754_exp
 *fill*         0x0000000008010bfc        0x4 
 .text.__ieee754_rem_pio2
                0x0000000008010c00      0x40c C:/ST/STM32CubeIDE_1.12.0/STM32CubeIDE/plugins/com.st.stm32cube.ide.mcu.externaltools.gnu-tools-for-stm32.11.3.rel1.win32_1.1.0.202305231506/tools/bin/../lib/gcc/arm-none-eabi/11.3.1/../../../../arm-none-eabi/lib/thumb/v7e-m+fp/hard\libm.a(libm_a-e_rem_pio2.o)
                0x0000000008010c00                __ieee754_rem_pio2
 .text.fabs     0x000000000801100c       0x12 C:/ST/STM32CubeIDE_1.12.0/STM32CubeIDE/plugins/com.st.stm32cube.ide.mcu.externaltools.gnu-tools-for-stm32.11.3.rel1.win32_1.1.0.202305231506/tools/bin/../lib/gcc/arm-none-eabi/11.3.1/../../../../arm-none-eabi/lib/thumb/v7e-m+fp/hard\libm.a(libm_a-s_fabs.o)
                0x000000000801100c                fabs
 .text.with_errno
                0x000000000801101e       0x14 C:/ST/STM32CubeIDE_1.12.0/STM32CubeIDE/plugins/com.st.stm32cube.ide.mcu.externaltools.gnu-tools-for-stm32.11.3.rel1.win32_1.1.0.202305231506/tools/bin/../lib/gcc/arm-none-eabi/11.3.1/../../../../arm-none-eabi/lib/thumb/v7e-m+fp/hard\libm.a(libm_a-math_err.o)
 .text.xflow    0x0000000008011032       0x28 C:/ST/STM32CubeIDE_1.12.0/STM32CubeIDE/plugins/com.st.stm32cube.ide.mcu.externaltools.gnu-tools-for-stm32.11.3.rel1.win32_1.1.0.202305231506/tools/bin/../lib/gcc/arm-none-eabi/11.3.1/../../../../arm-none-eabi/lib/thumb/v7e-m+fp/hard\libm.a(libm_a-math_err.o)
 .text.__math_uflow
                0x000000000801105a       0x12 C:/ST/STM32CubeIDE_1.12.0/STM32CubeIDE/plugins/com.st.stm32cube.ide.mcu.externaltools.gnu-tools-for-stm32.11.3.rel1.win32_1.1.0.202305231506/tools/bin/../lib/gcc/arm-none-eabi/11.3.1/../../../../arm-none-eabi/lib/thumb/v7e-m+fp/hard\libm.a(libm_a-math_err.o)
                0x000000000801105a                __math_uflow
 .text.__math_oflow
                0x000000000801106c       0x12 C:/ST/STM32CubeIDE_1.12.0/STM32CubeIDE/plugins/com.st.stm32cube.ide.mcu.externaltools.gnu-tools-for-stm32.11.3.rel1.win32_1.1.0.202305231506/tools/bin/../lib/gcc/arm-none-eabi/11.3.1/../../../../arm-none-eabi/lib/thumb/v7e-m+fp/hard\libm.a(libm_a-math_err.o)
                0x000000000801106c                __math_oflow
 *fill*         0x000000000801107e        0x2 
 .text.__kernel_rem_pio2
                0x0000000008011080      0x69c C:/ST/STM32CubeIDE_1.12.0/STM32CubeIDE/plugins/com.st.stm32cube.ide.mcu.externaltools.gnu-tools-for-stm32.11.3.rel1.win32_1.1.0.202305231506/tools/bin/../lib/gcc/arm-none-eabi/11.3.1/../../../../arm-none-eabi/lib/thumb/v7e-m+fp/hard\libm.a(libm_a-k_rem_pio2.o)
                0x0000000008011080                __kernel_rem_pio2
 *fill*         0x000000000801171c        0x4 
 .text.scalbn   0x0000000008011720       0xfc C:/ST/STM32CubeIDE_1.12.0/STM32CubeIDE/plugins/com.st.stm32cube.ide.mcu.externaltools.gnu-tools-for-stm32.11.3.rel1.win32_1.1.0.202305231506/tools/bin/../lib/gcc/arm-none-eabi/11.3.1/../../../../arm-none-eabi/lib/thumb/v7e-m+fp/hard\libm.a(libm_a-s_scalbn.o)
                0x0000000008011720                scalbn
 *fill*         0x000000000801181c        0x4 
 .text.floor    0x0000000008011820      0x100 C:/ST/STM32CubeIDE_1.12.0/STM32CubeIDE/plugins/com.st.stm32cube.ide.mcu.externaltools.gnu-tools-for-stm32.11.3.rel1.win32_1.1.0.202305231506/tools/bin/../lib/gcc/arm-none-eabi/11.3.1/../../../../arm-none-eabi/lib/thumb/v7e-m+fp/hard\libm.a(libm_a-s_floor.o)
                0x0000000008011820                floor
 *(.glue_7)
 .glue_7        0x0000000008011920        0x0 linker stubs
 *(.glue_7t)
 .glue_7t       0x0000000008011920        0x0 linker stubs
 *(.eh_frame)
 .eh_frame      0x0000000008011920        0x0 C:/ST/STM32CubeIDE_1.12.0/STM32CubeIDE/plugins/com.st.stm32cube.ide.mcu.externaltools.gnu-tools-for-stm32.11.3.rel1.win32_1.1.0.202305231506/tools/bin/../lib/gcc/arm-none-eabi/11.3.1/thumb/v7e-m+fp/hard/crtbegin.o
 *(.init)
 .init          0x0000000008011920        0x4 C:/ST/STM32CubeIDE_1.12.0/STM32CubeIDE/plugins/com.st.stm32cube.ide.mcu.externaltools.gnu-tools-for-stm32.11.3.rel1.win32_1.1.0.202305231506/tools/bin/../lib/gcc/arm-none-eabi/11.3.1/thumb/v7e-m+fp/hard/crti.o
                0x0000000008011920                _init
 .init          0x0000000008011924        0x8 C:/ST/STM32CubeIDE_1.12.0/STM32CubeIDE/plugins/com.st.stm32cube.ide.mcu.externaltools.gnu-tools-for-stm32.11.3.rel1.win32_1.1.0.202305231506/tools/bin/../lib/gcc/arm-none-eabi/11.3.1/thumb/v7e-m+fp/hard/crtn.o
 *(.fini)
 .fini          0x000000000801192c        0x4 C:/ST/STM32CubeIDE_1.12.0/STM32CubeIDE/plugins/com.st.stm32cube.ide.mcu.externaltools.gnu-tools-for-stm32.11.3.rel1.win32_1.1.0.202305231506/tools/bin/../lib/gcc/arm-none-eabi/11.3.1/thumb/v7e-m+fp/hard/crti.o
                0x000000000801192c                _fini
 .fini          0x0000000008011930        0x8 C:/ST/STM32CubeIDE_1.12.0/STM32CubeIDE/plugins/com.st.stm32cube.ide.mcu.externaltools.gnu-tools-for-stm32.11.3.rel1.win32_1.1.0.202305231506/tools/bin/../lib/gcc/arm-none-eabi/11.3.1/thumb/v7e-m+fp/hard/crtn.o
                0x0000000008011938                . = ALIGN (0x4)
                0x0000000008011938                _etext = .

.vfp11_veneer   0x0000000008011938        0x0
 .vfp11_veneer  0x0000000008011938        0x0 linker stubs

.v4_bx          0x0000000008011938        0x0
 .v4_bx         0x0000000008011938        0x0 linker stubs

.iplt           0x0000000008011938        0x0
 .iplt          0x0000000008011938        0x0 C:/ST/STM32CubeIDE_1.12.0/STM32CubeIDE/plugins/com.st.stm32cube.ide.mcu.externaltools.gnu-tools-for-stm32.11.3.rel1.win32_1.1.0.202305231506/tools/bin/../lib/gcc/arm-none-eabi/11.3.1/thumb/v7e-m+fp/hard/crtbegin.o

.rodata         0x0000000008011938      0x3a8
                0x0000000008011938                . = ALIGN (0x4)
 *(.rodata)
 .rodata        0x0000000008011938      0x148 ./Core/Src/freertos.o
 .rodata        0x0000000008011a80        0x1 ./Middlewares/Third_Party/FreeRTOS/Source/CMSIS_RTOS/cmsis_os.o
 *fill*         0x0000000008011a81        0x3 
 .rodata        0x0000000008011a84        0x5 ./Middlewares/Third_Party/FreeRTOS/Source/tasks.o
 *fill*         0x0000000008011a89        0x3 
 .rodata        0x0000000008011a8c        0xd ./Middlewares/Third_Party/FreeRTOS/Source/timers.o
 *(.rodata*)
 *fill*         0x0000000008011a99        0x3 
 .rodata.ShoreCodes
                0x0000000008011a9c        0x3 ./Core/Src/communication.o
                0x0000000008011a9c                ShoreCodes
 *fill*         0x0000000008011a9f        0x1 
 .rodata.AHBPrescTable
                0x0000000008011aa0       0x10 ./Core/Src/system_stm32f3xx.o
                0x0000000008011aa0                AHBPrescTable
 .rodata.APBPrescTable
                0x0000000008011ab0        0x8 ./Core/Src/system_stm32f3xx.o
                0x0000000008011ab0                APBPrescTable
 .rodata.aPLLMULFactorTable
                0x0000000008011ab8       0x10 ./Drivers/STM32F3xx_HAL_Driver/Src/stm32f3xx_hal_rcc.o
 .rodata.aPredivFactorTable
                0x0000000008011ac8       0x10 ./Drivers/STM32F3xx_HAL_Driver/Src/stm32f3xx_hal_rcc.o
 .rodata.halF   0x0000000008011ad8       0x10 C:/ST/STM32CubeIDE_1.12.0/STM32CubeIDE/plugins/com.st.stm32cube.ide.mcu.externaltools.gnu-tools-for-stm32.11.3.rel1.win32_1.1.0.202305231506/tools/bin/../lib/gcc/arm-none-eabi/11.3.1/../../../../arm-none-eabi/lib/thumb/v7e-m+fp/hard\libm.a(libm_a-e_exp.o)
 .rodata.ln2HI  0x0000000008011ae8       0x10 C:/ST/STM32CubeIDE_1.12.0/STM32CubeIDE/plugins/com.st.stm32cube.ide.mcu.externaltools.gnu-tools-for-stm32.11.3.rel1.win32_1.1.0.202305231506/tools/bin/../lib/gcc/arm-none-eabi/11.3.1/../../../../arm-none-eabi/lib/thumb/v7e-m+fp/hard\libm.a(libm_a-e_exp.o)
 .rodata.ln2LO  0x0000000008011af8       0x10 C:/ST/STM32CubeIDE_1.12.0/STM32CubeIDE/plugins/com.st.stm32cube.ide.mcu.externaltools.gnu-tools-for-stm32.11.3.rel1.win32_1.1.0.202305231506/tools/bin/../lib/gcc/arm-none-eabi/11.3.1/../../../../arm-none-eabi/lib/thumb/v7e-m+fp/hard\libm.a(libm_a-e_exp.o)
 .rodata.npio2_hw
                0x0000000008011b08       0x80 C:/ST/STM32CubeIDE_1.12.0/STM32CubeIDE/plugins/com.st.stm32cube.ide.mcu.externaltools.gnu-tools-for-stm32.11.3.rel1.win32_1.1.0.202305231506/tools/bin/../lib/gcc/arm-none-eabi/11.3.1/../../../../arm-none-eabi/lib/thumb/v7e-m+fp/hard\libm.a(libm_a-e_rem_pio2.o)
 .rodata.two_over_pi
                0x0000000008011b88      0x108 C:/ST/STM32CubeIDE_1.12.0/STM32CubeIDE/plugins/com.st.stm32cube.ide.mcu.externaltools.gnu-tools-for-stm32.11.3.rel1.win32_1.1.0.202305231506/tools/bin/../lib/gcc/arm-none-eabi/11.3.1/../../../../arm-none-eabi/lib/thumb/v7e-m+fp/hard\libm.a(libm_a-e_rem_pio2.o)
 .rodata.PIo2   0x0000000008011c90       0x40 C:/ST/STM32CubeIDE_1.12.0/STM32CubeIDE/plugins/com.st.stm32cube.ide.mcu.externaltools.gnu-tools-for-stm32.11.3.rel1.win32_1.1.0.202305231506/tools/bin/../lib/gcc/arm-none-eabi/11.3.1/../../../../arm-none-eabi/lib/thumb/v7e-m+fp/hard\libm.a(libm_a-k_rem_pio2.o)
 .rodata.init_jk
                0x0000000008011cd0       0x10 C:/ST/STM32CubeIDE_1.12.0/STM32CubeIDE/plugins/com.st.stm32cube.ide.mcu.externaltools.gnu-tools-for-stm32.11.3.rel1.win32_1.1.0.202305231506/tools/bin/../lib/gcc/arm-none-eabi/11.3.1/../../../../arm-none-eabi/lib/thumb/v7e-m+fp/hard\libm.a(libm_a-k_rem_pio2.o)
                0x0000000008011ce0                . = ALIGN (0x4)

.ARM.extab      0x0000000008011ce0        0x0
                0x0000000008011ce0                . = ALIGN (0x4)
 *(.ARM.extab* .gnu.linkonce.armextab.*)
                0x0000000008011ce0                . = ALIGN (0x4)

.ARM            0x0000000008011ce0        0x8
                0x0000000008011ce0                . = ALIGN (0x4)
                0x0000000008011ce0                __exidx_start = .
 *(.ARM.exidx*)
 .ARM.exidx     0x0000000008011ce0        0x8 C:/ST/STM32CubeIDE_1.12.0/STM32CubeIDE/plugins/com.st.stm32cube.ide.mcu.externaltools.gnu-tools-for-stm32.11.3.rel1.win32_1.1.0.202305231506/tools/bin/../lib/gcc/arm-none-eabi/11.3.1/thumb/v7e-m+fp/hard\libgcc.a(_udivmoddi4.o)
                0x0000000008011ce8                __exidx_end = .
                0x0000000008011ce8                . = ALIGN (0x4)

.rel.dyn        0x0000000008011ce8        0x0
 .rel.iplt      0x0000000008011ce8        0x0 C:/ST/STM32CubeIDE_1.12.0/STM32CubeIDE/plugins/com.st.stm32cube.ide.mcu.externaltools.gnu-tools-for-stm32.11.3.rel1.win32_1.1.0.202305231506/tools/bin/../lib/gcc/arm-none-eabi/11.3.1/thumb/v7e-m+fp/hard/crtbegin.o

.preinit_array  0x0000000008011ce8        0x0
                0x0000000008011ce8                . = ALIGN (0x4)
                0x0000000008011ce8                PROVIDE (__preinit_array_start = .)
 *(.preinit_array*)
                0x0000000008011ce8                PROVIDE (__preinit_array_end = .)
                0x0000000008011ce8                . = ALIGN (0x4)

.init_array     0x0000000008011ce8        0x4
                0x0000000008011ce8                . = ALIGN (0x4)
                0x0000000008011ce8                PROVIDE (__init_array_start = .)
 *(SORT_BY_NAME(.init_array.*))
 *(.init_array*)
 .init_array    0x0000000008011ce8        0x4 C:/ST/STM32CubeIDE_1.12.0/STM32CubeIDE/plugins/com.st.stm32cube.ide.mcu.externaltools.gnu-tools-for-stm32.11.3.rel1.win32_1.1.0.202305231506/tools/bin/../lib/gcc/arm-none-eabi/11.3.1/thumb/v7e-m+fp/hard/crtbegin.o
                0x0000000008011cec                PROVIDE (__init_array_end = .)
                0x0000000008011cec                . = ALIGN (0x4)

.fini_array     0x0000000008011cec        0x4
                0x0000000008011cec                . = ALIGN (0x4)
                [!provide]                        PROVIDE (__fini_array_start = .)
 *(SORT_BY_NAME(.fini_array.*))
 *(.fini_array*)
 .fini_array    0x0000000008011cec        0x4 C:/ST/STM32CubeIDE_1.12.0/STM32CubeIDE/plugins/com.st.stm32cube.ide.mcu.externaltools.gnu-tools-for-stm32.11.3.rel1.win32_1.1.0.202305231506/tools/bin/../lib/gcc/arm-none-eabi/11.3.1/thumb/v7e-m+fp/hard/crtbegin.o
                [!provide]                        PROVIDE (__fini_array_end = .)
                0x0000000008011cf0                . = ALIGN (0x4)
                0x0000000008011cf0                _sidata = LOADADDR (.data)

.data           0x0000000020000000      0x118 load address 0x0000000008011cf0
                0x0000000020000000                . = ALIGN (0x4)
                0x0000000020000000                _sdata = .
 *(.data)
 *(.data*)
 .data.RES_DEVICE_COMM
                0x0000000020000000        0x1 ./Core/Src/MS5837.o
                0x0000000020000000                RES_DEVICE_COMM
 .data.CONVERT_D1_COMM
                0x0000000020000001        0x1 ./Core/Src/MS5837.o
                0x0000000020000001                CONVERT_D1_COMM
 .data.CONVERT_D2_COMM
                0x0000000020000002        0x1 ./Core/Src/MS5837.o
                0x0000000020000002                CONVERT_D2_COMM
 *fill*         0x0000000020000003        0x1 
 .data.MS5837_conv_start_tick
                0x0000000020000004        0x4 ./Core/Src/MS5837.o
                0x0000000020000004                MS5837_conv_start_tick
 .data.ImuRequestBuffer
                0x0000000020000008       0x1b ./Core/Src/global.o
                0x0000000020000008                ImuRequestBuffer
 *fill*         0x0000000020000023        0x1 
 .data.ImuStartRequestBuffer
                0x0000000020000024       0x14 ./Core/Src/global.o
                0x0000000020000024                ImuStartRequestBuffer
 .data.alpha    0x0000000020000038        0x2 ./Core/Src/global.o
                0x0000000020000038                alpha
 *fill*         0x000000002000003a        0x2 
 .data.omega    0x000000002000003c        0x4 ./Core/Src/global.o
                0x000000002000003c                omega
 .data.SystemCoreClock
                0x0000000020000040        0x4 ./Core/Src/system_stm32f3xx.o
                0x0000000020000040                SystemCoreClock
 .data.KVMA     0x0000000020000044       0x78 ./Core/Src/thrusters.o
                0x0000000020000044                KVMA
 .data.uwTickPrio
                0x00000000200000bc        0x4 ./Drivers/STM32F3xx_HAL_Driver/Src/stm32f3xx_hal.o
                0x00000000200000bc                uwTickPrio
 .data.uwTickFreq
                0x00000000200000c0        0x1 ./Drivers/STM32F3xx_HAL_Driver/Src/stm32f3xx_hal.o
                0x00000000200000c0                uwTickFreq
 *fill*         0x00000000200000c1        0x3 
 .data.uxCriticalNesting
                0x00000000200000c4        0x4 ./Middlewares/Third_Party/FreeRTOS/Source/portable/GCC/ARM_CM4F/port.o
 .data._impure_data