../Core/Src/communication.c:49:6:variableInit	528	static
../Core/Src/communication.c:114:6:uartBusesInit	16	static
../Core/Src/communication.c:175:6:i2cBusesInit	4	static
../Core/Src/communication.c:182:6:transmitPackage	16	static
../Core/Src/communication.c:208:6:receivePackage	16	static
../Core/Src/communication.c:234:6:transmitAndReceive	16	static
../Core/Src/communication.c:264:6:HAL_UART_TxCpltCallback	24	static
../Core/Src/communication.c:281:6:HAL_UART_RxCpltCallback	24	static
../Core/Src/communication.c:299:6:HAL_I2C_MasterRxCpltCallback	16	static
../Core/Src/communication.c:303:6:HAL_I2C_MasterTxCpltCallback	16	static
../Core/Src/communication.c:307:6:HAL_I2C_MasterErrorCallback	16	static
../Core/Src/communication.c:312:6:ShoreReceive	32	static,ignoring_inline_asm
../Core/Src/communication.c:343:6:DevicesRequestUpdate	24	static
../Core/Src/communication.c:403:6:DevicesResponseUpdate	32	static
../Core/Src/communication.c:429:6:ShoreRequest	584	static
../Core/Src/communication.c:594:6:ShoreConfigRequest	104	static
../Core/Src/communication.c:648:6:ShoreDirectRequest	48	static
../Core/Src/communication.c:680:6:ShoreResponse	40	static
../Core/Src/communication.c:702:6:ShoreConfigResponse	120	static
../Core/Src/communication.c:744:6:ShoreDirectResponse	24	static
../Core/Src/communication.c:757:9:sign	16	static
../Core/Src/communication.c:768:6:ImuReceive	24	static
../Core/Src/communication.c:806:16:calculateCRC	24	static
