../Core/Src/communication.c:49:6:variableInit	528	static
../Core/Src/communication.c:112:6:uartBusesInit	16	static
../Core/Src/communication.c:173:6:i2cBusesInit	4	static
../Core/Src/communication.c:180:6:transmitPackage	16	static
../Core/Src/communication.c:206:6:receivePackage	16	static
../Core/Src/communication.c:232:6:transmitAndReceive	16	static
../Core/Src/communication.c:262:6:HAL_UART_TxCpltCallback	24	static
../Core/Src/communication.c:279:6:HAL_UART_RxCpltCallback	24	static
../Core/Src/communication.c:297:6:HAL_I2C_MasterRxCpltCallback	16	static
../Core/Src/communication.c:301:6:HAL_I2C_MasterTxCpltCallback	16	static
../Core/Src/communication.c:305:6:HAL_I2C_MasterErrorCallback	16	static
../Core/Src/communication.c:310:6:ShoreReceive	32	static,ignoring_inline_asm
../Core/Src/communication.c:341:6:DevicesRequestUpdate	24	static
../Core/Src/communication.c:401:6:DevicesResponseUpdate	32	static
../Core/Src/communication.c:427:6:ShoreRequest	584	static
../Core/Src/communication.c:592:6:ShoreConfigRequest	104	static
../Core/Src/communication.c:646:6:ShoreDirectRequest	48	static
../Core/Src/communication.c:678:6:ShoreResponse	40	static
../Core/Src/communication.c:700:6:ShoreConfigResponse	120	static
../Core/Src/communication.c:742:6:ShoreDirectResponse	24	static
../Core/Src/communication.c:755:9:sign	16	static
../Core/Src/communication.c:766:6:ImuReceive	24	static
../Core/Src/communication.c:803:16:calculateCRC	24	static
