../Core/Src/MS5837.c:55:5:cmp	16	static
../Core/Src/MS5837.c:59:6:MS5837_02BA_begin	16	static
../Core/Src/MS5837.c:63:6:MS5837_02BA_init	40	static
../Core/Src/MS5837.c:81:6:MS5837_02BA_reinit	32	static
../Core/Src/MS5837.c:100:9:MS5837_02BA_get_actual_pressure	16	static
../Core/Src/MS5837.c:117:6:init_new_convertion	8	static
../Core/Src/MS5837.c:123:6:MS5837_I2C_MasterRxCplt	24	static
../Core/Src/MS5837.c:139:6:MS5837_I2C_MasterTxCplt	16	static
../Core/Src/MS5837.c:160:6:MS5837_I2C_MasterError	16	static,ignoring_inline_asm
../Core/Src/MS5837.c:164:9:MS5837_02BA_check_pressure	32	static
../Core/Src/MS5837.c:183:10:MS5837_02BA_reset_pressure	112	static
../Core/Src/MS5837.c:195:6:calculate	280	static
